current directory: d:/shahanrb/ruby/3.4.0/gems/bootsnap-1.26.0/ext/bootsnap
C:/Ruby34-x64/bin/ruby.exe extconf.rb
checking for fdatasync() in unistd.h... no
checking for fstatat() in sys/stat.h... no
checking for whether -O3 is accepted as CFLAGS... yes
checking for whether -std=c99 is accepted as CFLAGS... yes
creating Makefile

current directory: d:/shahanrb/ruby/3.4.0/gems/bootsnap-1.26.0/ext/bootsnap
make DESTDIR\= sitearchdir\=./.gem.20260907-17748-x5j746 sitelibdir\=./.gem.20260907-17748-x5j746 clean
make: 警告: ジョブサーバーが利用不可: 今回は -j1 を使います. 親 make ルールに `+' を追加しましょう.

current directory: d:/shahanrb/ruby/3.4.0/gems/bootsnap-1.26.0/ext/bootsnap
make DESTDIR\= sitearchdir\=./.gem.20260907-17748-x5j746 sitelibdir\=./.gem.20260907-17748-x5j746
make: 警告: ジョブサーバーが利用不可: 今回は -j1 を使います. 親 make ルールに `+' を追加しましょう.
generating bootsnap-x64-mingw-ucrt.def
compiling bootsnap.c
linking shared-object bootsnap/bootsnap.so

current directory: d:/shahanrb/ruby/3.4.0/gems/bootsnap-1.26.0/ext/bootsnap
make DESTDIR\= sitearchdir\=./.gem.20260907-17748-x5j746 sitelibdir\=./.gem.20260907-17748-x5j746 install
make: 警告: ジョブサーバーが利用不可: 今回は -j1 を使います. 親 make ルールに `+' を追加しましょう.
/usr/bin/install -c -m 0755 bootsnap.so ./.gem.20260907-17748-x5j746/bootsnap

current directory: d:/shahanrb/ruby/3.4.0/gems/bootsnap-1.26.0/ext/bootsnap
make DESTDIR\= sitearchdir\=./.gem.20260907-17748-x5j746 sitelibdir\=./.gem.20260907-17748-x5j746 clean
make: 警告: ジョブサーバーが利用不可: 今回は -j1 を使います. 親 make ルールに `+' を追加しましょう.
