have_func: checking for fdatasync() in unistd.h... -------------------- no

PATH=".;C:/Ruby34-x64/lib;C:\Ruby34-x64\bin;C:\Ruby34-x64\msys64\ucrt64\bin;C:\Ruby34-x64\msys64\usr\bin;C:\Program Files\WindowsApps\Microsoft.PowerShell_7.6.5.0_x64__8wekyb3d8bbwe;C:\Ruby34-x64\bin;C:\Program Files\OpenSSH\;C:\Oracle\product\12.2.0\client_2\bin;C:\Ora64\product\12.2.0\client_1\bin;C:\Windows\system32;C:\Windows;C:\Windows\System32\Wbem;C:\Windows\System32\WindowsPowerShell\v1.0\;C:\Windows\System32\OpenSSH\;C:\Program Files\dotnet\;c:\cygwin64\bin;c:\cygwin64\sbin;c:\cygwin64\usr\sbin;C:\mut\80道具\PSTools;C;\Program Files\avs\bin;C:\Program Files\avs\bin32;C:\Program Files\PuTTY\;C:\Program Files\Microsoft SQL Server\150\Tools\Binn\;C:\Program Files\Microsoft SQL Server\Client SDK\ODBC\170\Tools\Binn\;C:\Program Files (x86)\Windows Kits\10\Windows Performance Toolkit\;C:\Program Files\7-Zip;C:\Program Files\Git\cmd;C:\Ruby40-x64\sqlite3;C:\Users\m002831\AppData\Local\Programs\Python\Python314\Scripts\;C:\Users\m002831\AppData\Local\Programs\Python\Python314\;C:\Users\m002831\bin;C:\Oracle\bin;C:\Users\m002831\AppData\Local\Microsoft\WindowsApps;C:\Program Files (x86)\Nmap;C:\mut\80道具;C:\Users\m002831\.dotnet\tools;C:\Users\m002831\AppData\Local\Programs\Microsoft VS Code\bin" ASAN_OPTIONS=detect_leaks=0 "gcc -o conftest.exe -IC:/Ruby34-x64/include/ruby-3.4.0/x64-mingw-ucrt -IC:/Ruby34-x64/include/ruby-3.4.0/ruby/backward -IC:/Ruby34-x64/include/ruby-3.4.0 -I. -D_WIN32_WINNT=0x0600 -D__MINGW_USE_VC2005_COMPAT -D_FILE_OFFSET_BITS=64  -O3 -fstack-protector-strong conftest.c -L. -LC:/Ruby34-x64/lib -L. -pipe -s -fstack-protector-strong -lpthread -Wl,--no-as-needed     -lx64-ucrt-ruby340  -lshell32 -lws2_32 -liphlpapi -limagehlp -lshlwapi -lbcrypt  "
checked program was:
/* begin */
1: #include "ruby.h"
2: 
3: #include <winsock2.h>
4: #include <windows.h>
5: int main(int argc, char **argv)
6: {
7:   return !!argv[argc];
8: }
/* end */

PATH=".;C:/Ruby34-x64/lib;C:\Ruby34-x64\bin;C:\Ruby34-x64\msys64\ucrt64\bin;C:\Ruby34-x64\msys64\usr\bin;C:\Program Files\WindowsApps\Microsoft.PowerShell_7.6.5.0_x64__8wekyb3d8bbwe;C:\Ruby34-x64\bin;C:\Program Files\OpenSSH\;C:\Oracle\product\12.2.0\client_2\bin;C:\Ora64\product\12.2.0\client_1\bin;C:\Windows\system32;C:\Windows;C:\Windows\System32\Wbem;C:\Windows\System32\WindowsPowerShell\v1.0\;C:\Windows\System32\OpenSSH\;C:\Program Files\dotnet\;c:\cygwin64\bin;c:\cygwin64\sbin;c:\cygwin64\usr\sbin;C:\mut\80道具\PSTools;C;\Program Files\avs\bin;C:\Program Files\avs\bin32;C:\Program Files\PuTTY\;C:\Program Files\Microsoft SQL Server\150\Tools\Binn\;C:\Program Files\Microsoft SQL Server\Client SDK\ODBC\170\Tools\Binn\;C:\Program Files (x86)\Windows Kits\10\Windows Performance Toolkit\;C:\Program Files\7-Zip;C:\Program Files\Git\cmd;C:\Ruby40-x64\sqlite3;C:\Users\m002831\AppData\Local\Programs\Python\Python314\Scripts\;C:\Users\m002831\AppData\Local\Programs\Python\Python314\;C:\Users\m002831\bin;C:\Oracle\bin;C:\Users\m002831\AppData\Local\Microsoft\WindowsApps;C:\Program Files (x86)\Nmap;C:\mut\80道具;C:\Users\m002831\.dotnet\tools;C:\Users\m002831\AppData\Local\Programs\Microsoft VS Code\bin" ASAN_OPTIONS=detect_leaks=0 "gcc -o conftest.exe -IC:/Ruby34-x64/include/ruby-3.4.0/x64-mingw-ucrt -IC:/Ruby34-x64/include/ruby-3.4.0/ruby/backward -IC:/Ruby34-x64/include/ruby-3.4.0 -I. -D_WIN32_WINNT=0x0600 -D__MINGW_USE_VC2005_COMPAT -D_FILE_OFFSET_BITS=64  -O3 -fstack-protector-strong conftest.c -L. -LC:/Ruby34-x64/lib -L. -pipe -s -fstack-protector-strong -lpthread -Wl,--no-as-needed     -lx64-ucrt-ruby340  -lshell32 -lws2_32 -liphlpapi -limagehlp -lshlwapi -lbcrypt  "
conftest.c: In function 't':
conftest.c:18:57: error: 'fdatasync' undeclared (first use in this function)
   18 | int t(void) { void ((*volatile p)()); p = (void ((*)()))fdatasync; return !p; }
      |                                                         ^~~~~~~~~
conftest.c:18:57: note: each undeclared identifier is reported only once for each function it appears in
checked program was:
/* begin */
 1: #include "ruby.h"
 2: 
 3: #include <winsock2.h>
 4: #include <windows.h>
 5: #include <unistd.h>
 6: 
 7: /*top*/
 8: extern int t(void);
 9: int main(int argc, char **argv)
10: {
11:   if (argc > 1000000) {
12:     int (* volatile tp)(void)=(int (*)(void))&t;
13:     printf("%d", (*tp)());
14:   }
15: 
16:   return !!argv[argc];
17: }
18: int t(void) { void ((*volatile p)()); p = (void ((*)()))fdatasync; return !p; }
/* end */

PATH=".;C:/Ruby34-x64/lib;C:\Ruby34-x64\bin;C:\Ruby34-x64\msys64\ucrt64\bin;C:\Ruby34-x64\msys64\usr\bin;C:\Program Files\WindowsApps\Microsoft.PowerShell_7.6.5.0_x64__8wekyb3d8bbwe;C:\Ruby34-x64\bin;C:\Program Files\OpenSSH\;C:\Oracle\product\12.2.0\client_2\bin;C:\Ora64\product\12.2.0\client_1\bin;C:\Windows\system32;C:\Windows;C:\Windows\System32\Wbem;C:\Windows\System32\WindowsPowerShell\v1.0\;C:\Windows\System32\OpenSSH\;C:\Program Files\dotnet\;c:\cygwin64\bin;c:\cygwin64\sbin;c:\cygwin64\usr\sbin;C:\mut\80道具\PSTools;C;\Program Files\avs\bin;C:\Program Files\avs\bin32;C:\Program Files\PuTTY\;C:\Program Files\Microsoft SQL Server\150\Tools\Binn\;C:\Program Files\Microsoft SQL Server\Client SDK\ODBC\170\Tools\Binn\;C:\Program Files (x86)\Windows Kits\10\Windows Performance Toolkit\;C:\Program Files\7-Zip;C:\Program Files\Git\cmd;C:\Ruby40-x64\sqlite3;C:\Users\m002831\AppData\Local\Programs\Python\Python314\Scripts\;C:\Users\m002831\AppData\Local\Programs\Python\Python314\;C:\Users\m002831\bin;C:\Oracle\bin;C:\Users\m002831\AppData\Local\Microsoft\WindowsApps;C:\Program Files (x86)\Nmap;C:\mut\80道具;C:\Users\m002831\.dotnet\tools;C:\Users\m002831\AppData\Local\Programs\Microsoft VS Code\bin" ASAN_OPTIONS=detect_leaks=0 "gcc -o conftest.exe -IC:/Ruby34-x64/include/ruby-3.4.0/x64-mingw-ucrt -IC:/Ruby34-x64/include/ruby-3.4.0/ruby/backward -IC:/Ruby34-x64/include/ruby-3.4.0 -I. -D_WIN32_WINNT=0x0600 -D__MINGW_USE_VC2005_COMPAT -D_FILE_OFFSET_BITS=64  -O3 -fstack-protector-strong conftest.c -L. -LC:/Ruby34-x64/lib -L. -pipe -s -fstack-protector-strong -lpthread -Wl,--no-as-needed     -lx64-ucrt-ruby340  -lshell32 -lws2_32 -liphlpapi -limagehlp -lshlwapi -lbcrypt  "
C:/Ruby34-x64/msys64/ucrt64/bin/../lib/gcc/x86_64-w64-mingw32/16.1.0/../../../../x86_64-w64-mingw32/bin/ld.exe: C:\Users\m002831\AppData\Local\Temp\ccLTAA7e.o:conftest.c:(.text+0x5): undefined reference to `fdatasync'
collect2.exe: error: ld returned 1 exit status
checked program was:
/* begin */
 1: #include "ruby.h"
 2: 
 3: #include <winsock2.h>
 4: #include <windows.h>
 5: #include <unistd.h>
 6: 
 7: /*top*/
 8: extern int t(void);
 9: int main(int argc, char **argv)
10: {
11:   if (argc > 1000000) {
12:     int (* volatile tp)(void)=(int (*)(void))&t;
13:     printf("%d", (*tp)());
14:   }
15: 
16:   return !!argv[argc];
17: }
18: extern void fdatasync();
19: int t(void) { fdatasync(); return 0; }
/* end */

--------------------

have_func: checking for fstatat() in sys/stat.h... -------------------- no

PATH=".;C:/Ruby34-x64/lib;C:\Ruby34-x64\bin;C:\Ruby34-x64\msys64\ucrt64\bin;C:\Ruby34-x64\msys64\usr\bin;C:\Program Files\WindowsApps\Microsoft.PowerShell_7.6.5.0_x64__8wekyb3d8bbwe;C:\Ruby34-x64\bin;C:\Program Files\OpenSSH\;C:\Oracle\product\12.2.0\client_2\bin;C:\Ora64\product\12.2.0\client_1\bin;C:\Windows\system32;C:\Windows;C:\Windows\System32\Wbem;C:\Windows\System32\WindowsPowerShell\v1.0\;C:\Windows\System32\OpenSSH\;C:\Program Files\dotnet\;c:\cygwin64\bin;c:\cygwin64\sbin;c:\cygwin64\usr\sbin;C:\mut\80道具\PSTools;C;\Program Files\avs\bin;C:\Program Files\avs\bin32;C:\Program Files\PuTTY\;C:\Program Files\Microsoft SQL Server\150\Tools\Binn\;C:\Program Files\Microsoft SQL Server\Client SDK\ODBC\170\Tools\Binn\;C:\Program Files (x86)\Windows Kits\10\Windows Performance Toolkit\;C:\Program Files\7-Zip;C:\Program Files\Git\cmd;C:\Ruby40-x64\sqlite3;C:\Users\m002831\AppData\Local\Programs\Python\Python314\Scripts\;C:\Users\m002831\AppData\Local\Programs\Python\Python314\;C:\Users\m002831\bin;C:\Oracle\bin;C:\Users\m002831\AppData\Local\Microsoft\WindowsApps;C:\Program Files (x86)\Nmap;C:\mut\80道具;C:\Users\m002831\.dotnet\tools;C:\Users\m002831\AppData\Local\Programs\Microsoft VS Code\bin" ASAN_OPTIONS=detect_leaks=0 "gcc -o conftest.exe -IC:/Ruby34-x64/include/ruby-3.4.0/x64-mingw-ucrt -IC:/Ruby34-x64/include/ruby-3.4.0/ruby/backward -IC:/Ruby34-x64/include/ruby-3.4.0 -I. -D_WIN32_WINNT=0x0600 -D__MINGW_USE_VC2005_COMPAT -D_FILE_OFFSET_BITS=64  -O3 -fstack-protector-strong conftest.c -L. -LC:/Ruby34-x64/lib -L. -pipe -s -fstack-protector-strong -lpthread -Wl,--no-as-needed     -lx64-ucrt-ruby340  -lshell32 -lws2_32 -liphlpapi -limagehlp -lshlwapi -lbcrypt  "
conftest.c: In function 't':
conftest.c:18:57: error: 'fstatat' undeclared (first use in this function); did you mean 'fstat64'?
   18 | int t(void) { void ((*volatile p)()); p = (void ((*)()))fstatat; return !p; }
      |                                                         ^~~~~~~
      |                                                         fstat64
conftest.c:18:57: note: each undeclared identifier is reported only once for each function it appears in
checked program was:
/* begin */
 1: #include "ruby.h"
 2: 
 3: #include <winsock2.h>
 4: #include <windows.h>
 5: #include <sys/stat.h>
 6: 
 7: /*top*/
 8: extern int t(void);
 9: int main(int argc, char **argv)
10: {
11:   if (argc > 1000000) {
12:     int (* volatile tp)(void)=(int (*)(void))&t;
13:     printf("%d", (*tp)());
14:   }
15: 
16:   return !!argv[argc];
17: }
18: int t(void) { void ((*volatile p)()); p = (void ((*)()))fstatat; return !p; }
/* end */

PATH=".;C:/Ruby34-x64/lib;C:\Ruby34-x64\bin;C:\Ruby34-x64\msys64\ucrt64\bin;C:\Ruby34-x64\msys64\usr\bin;C:\Program Files\WindowsApps\Microsoft.PowerShell_7.6.5.0_x64__8wekyb3d8bbwe;C:\Ruby34-x64\bin;C:\Program Files\OpenSSH\;C:\Oracle\product\12.2.0\client_2\bin;C:\Ora64\product\12.2.0\client_1\bin;C:\Windows\system32;C:\Windows;C:\Windows\System32\Wbem;C:\Windows\System32\WindowsPowerShell\v1.0\;C:\Windows\System32\OpenSSH\;C:\Program Files\dotnet\;c:\cygwin64\bin;c:\cygwin64\sbin;c:\cygwin64\usr\sbin;C:\mut\80道具\PSTools;C;\Program Files\avs\bin;C:\Program Files\avs\bin32;C:\Program Files\PuTTY\;C:\Program Files\Microsoft SQL Server\150\Tools\Binn\;C:\Program Files\Microsoft SQL Server\Client SDK\ODBC\170\Tools\Binn\;C:\Program Files (x86)\Windows Kits\10\Windows Performance Toolkit\;C:\Program Files\7-Zip;C:\Program Files\Git\cmd;C:\Ruby40-x64\sqlite3;C:\Users\m002831\AppData\Local\Programs\Python\Python314\Scripts\;C:\Users\m002831\AppData\Local\Programs\Python\Python314\;C:\Users\m002831\bin;C:\Oracle\bin;C:\Users\m002831\AppData\Local\Microsoft\WindowsApps;C:\Program Files (x86)\Nmap;C:\mut\80道具;C:\Users\m002831\.dotnet\tools;C:\Users\m002831\AppData\Local\Programs\Microsoft VS Code\bin" ASAN_OPTIONS=detect_leaks=0 "gcc -o conftest.exe -IC:/Ruby34-x64/include/ruby-3.4.0/x64-mingw-ucrt -IC:/Ruby34-x64/include/ruby-3.4.0/ruby/backward -IC:/Ruby34-x64/include/ruby-3.4.0 -I. -D_WIN32_WINNT=0x0600 -D__MINGW_USE_VC2005_COMPAT -D_FILE_OFFSET_BITS=64  -O3 -fstack-protector-strong conftest.c -L. -LC:/Ruby34-x64/lib -L. -pipe -s -fstack-protector-strong -lpthread -Wl,--no-as-needed     -lx64-ucrt-ruby340  -lshell32 -lws2_32 -liphlpapi -limagehlp -lshlwapi -lbcrypt  "
C:/Ruby34-x64/msys64/ucrt64/bin/../lib/gcc/x86_64-w64-mingw32/16.1.0/../../../../x86_64-w64-mingw32/bin/ld.exe: C:\Users\m002831\AppData\Local\Temp\cc3zIR2e.o:conftest.c:(.text+0x5): undefined reference to `fstatat'
collect2.exe: error: ld returned 1 exit status
checked program was:
/* begin */
 1: #include "ruby.h"
 2: 
 3: #include <winsock2.h>
 4: #include <windows.h>
 5: #include <sys/stat.h>
 6: 
 7: /*top*/
 8: extern int t(void);
 9: int main(int argc, char **argv)
10: {
11:   if (argc > 1000000) {
12:     int (* volatile tp)(void)=(int (*)(void))&t;
13:     printf("%d", (*tp)());
14:   }
15: 
16:   return !!argv[argc];
17: }
18: extern void fstatat();
19: int t(void) { fstatat(); return 0; }
/* end */

--------------------

append_cflags: checking for whether -O3 is accepted as CFLAGS... -------------------- yes

PATH=".;C:/Ruby34-x64/lib;C:\Ruby34-x64\bin;C:\Ruby34-x64\msys64\ucrt64\bin;C:\Ruby34-x64\msys64\usr\bin;C:\Program Files\WindowsApps\Microsoft.PowerShell_7.6.5.0_x64__8wekyb3d8bbwe;C:\Ruby34-x64\bin;C:\Program Files\OpenSSH\;C:\Oracle\product\12.2.0\client_2\bin;C:\Ora64\product\12.2.0\client_1\bin;C:\Windows\system32;C:\Windows;C:\Windows\System32\Wbem;C:\Windows\System32\WindowsPowerShell\v1.0\;C:\Windows\System32\OpenSSH\;C:\Program Files\dotnet\;c:\cygwin64\bin;c:\cygwin64\sbin;c:\cygwin64\usr\sbin;C:\mut\80道具\PSTools;C;\Program Files\avs\bin;C:\Program Files\avs\bin32;C:\Program Files\PuTTY\;C:\Program Files\Microsoft SQL Server\150\Tools\Binn\;C:\Program Files\Microsoft SQL Server\Client SDK\ODBC\170\Tools\Binn\;C:\Program Files (x86)\Windows Kits\10\Windows Performance Toolkit\;C:\Program Files\7-Zip;C:\Program Files\Git\cmd;C:\Ruby40-x64\sqlite3;C:\Users\m002831\AppData\Local\Programs\Python\Python314\Scripts\;C:\Users\m002831\AppData\Local\Programs\Python\Python314\;C:\Users\m002831\bin;C:\Oracle\bin;C:\Users\m002831\AppData\Local\Microsoft\WindowsApps;C:\Program Files (x86)\Nmap;C:\mut\80道具;C:\Users\m002831\.dotnet\tools;C:\Users\m002831\AppData\Local\Programs\Microsoft VS Code\bin" ASAN_OPTIONS=detect_leaks=0 "gcc -IC:/Ruby34-x64/include/ruby-3.4.0/x64-mingw-ucrt -IC:/Ruby34-x64/include/ruby-3.4.0/ruby/backward -IC:/Ruby34-x64/include/ruby-3.4.0 -I. -D_WIN32_WINNT=0x0600 -D__MINGW_USE_VC2005_COMPAT -D_FILE_OFFSET_BITS=64  -O3 -fstack-protector-strong  -O3 -Werror -c conftest.c"
checked program was:
/* begin */
1: #include "ruby.h"
2: 
3: #include <winsock2.h>
4: #include <windows.h>
5: int main(int argc, char **argv)
6: {
7:   return !!argv[argc];
8: }
/* end */

--------------------

append_cflags: checking for whether -std=c99 is accepted as CFLAGS... -------------------- yes

PATH=".;C:/Ruby34-x64/lib;C:\Ruby34-x64\bin;C:\Ruby34-x64\msys64\ucrt64\bin;C:\Ruby34-x64\msys64\usr\bin;C:\Program Files\WindowsApps\Microsoft.PowerShell_7.6.5.0_x64__8wekyb3d8bbwe;C:\Ruby34-x64\bin;C:\Program Files\OpenSSH\;C:\Oracle\product\12.2.0\client_2\bin;C:\Ora64\product\12.2.0\client_1\bin;C:\Windows\system32;C:\Windows;C:\Windows\System32\Wbem;C:\Windows\System32\WindowsPowerShell\v1.0\;C:\Windows\System32\OpenSSH\;C:\Program Files\dotnet\;c:\cygwin64\bin;c:\cygwin64\sbin;c:\cygwin64\usr\sbin;C:\mut\80道具\PSTools;C;\Program Files\avs\bin;C:\Program Files\avs\bin32;C:\Program Files\PuTTY\;C:\Program Files\Microsoft SQL Server\150\Tools\Binn\;C:\Program Files\Microsoft SQL Server\Client SDK\ODBC\170\Tools\Binn\;C:\Program Files (x86)\Windows Kits\10\Windows Performance Toolkit\;C:\Program Files\7-Zip;C:\Program Files\Git\cmd;C:\Ruby40-x64\sqlite3;C:\Users\m002831\AppData\Local\Programs\Python\Python314\Scripts\;C:\Users\m002831\AppData\Local\Programs\Python\Python314\;C:\Users\m002831\bin;C:\Oracle\bin;C:\Users\m002831\AppData\Local\Microsoft\WindowsApps;C:\Program Files (x86)\Nmap;C:\mut\80道具;C:\Users\m002831\.dotnet\tools;C:\Users\m002831\AppData\Local\Programs\Microsoft VS Code\bin" ASAN_OPTIONS=detect_leaks=0 "gcc -IC:/Ruby34-x64/include/ruby-3.4.0/x64-mingw-ucrt -IC:/Ruby34-x64/include/ruby-3.4.0/ruby/backward -IC:/Ruby34-x64/include/ruby-3.4.0 -I. -D_WIN32_WINNT=0x0600 -D__MINGW_USE_VC2005_COMPAT -D_FILE_OFFSET_BITS=64  -O3 -fstack-protector-strong -O3  -std=c99 -Werror -c conftest.c"
checked program was:
/* begin */
1: #include "ruby.h"
2: 
3: #include <winsock2.h>
4: #include <windows.h>
5: int main(int argc, char **argv)
6: {
7:   return !!argv[argc];
8: }
/* end */

--------------------

