current directory: d:/shahanrb/ruby/3.4.0/gems/ruby-oci8-2.2.14/ext/oci8
C:/Ruby34-x64/bin/ruby.exe extconf.rb
attempting to locate oracle-instantclient...
checking load library path... 
  PATH... 
    checking C:\Ruby34-x64\bin... no
    checking C:\Ruby34-x64\msys64\ucrt64\bin... no
    checking C:\Ruby34-x64\msys64\usr\bin... no
    checking C:\Program Files\WindowsApps\Microsoft.PowerShell_7.6.5.0_x64__8wekyb3d8bbwe... no
    checking C:\Ruby34-x64\bin... no
    checking C:\Program Files\OpenSSH\... no
    checking C:\Oracle\product\12.2.0\client_2\bin...   skip: C:/Oracle/product/12.2.0/client_2/bin/oci.dll is for i386 cpu.
    checking C:\Ora64\product\12.2.0\client_1\bin... yes
  C:/Ora64/product/12.2.0/client_1/bin/oci.dll looks like a full client.
checking for cc... ok
checking for gcc... yes
checking for LP64... no
checking for sys/types.h... yes
checking for ruby header... ok
checking for ORACLE_HOME(C:\Ora64\product\12.2.0\client_1)... yes
Get the version of Oracle from SQL*Plus... 1220
checking for OCIEnvCreate() in oci.h... yes
checking for OCI_MAJOR_VERSION in oci.h... 12
checking for OCI_MINOR_VERSION in oci.h... 2
checking for localtime_r()... yes
checking for dladdr()... no
checking for dlmodinfo()... no
checking for dlgetname()... no
checking for ruby/thread.h... yes
checking for rb_class_superclass() in ruby.h... yes
checking for rb_thread_call_without_gvl() in ruby/thread.h... yes
checking for rb_sym2str() in ruby.h... yes
checking for plthook... plthook_win32.c
creating extconf.h
creating Makefile

current directory: d:/shahanrb/ruby/3.4.0/gems/ruby-oci8-2.2.14/ext/oci8
make DESTDIR\= sitearchdir\=./.gem.20260907-11740-r4lsnm sitelibdir\=./.gem.20260907-11740-r4lsnm clean
make: 警告: ジョブサーバーが利用不可: 今回は -j1 を使います. 親 make ルールに `+' を追加しましょう.

current directory: d:/shahanrb/ruby/3.4.0/gems/ruby-oci8-2.2.14/ext/oci8
make DESTDIR\= sitearchdir\=./.gem.20260907-11740-r4lsnm sitelibdir\=./.gem.20260907-11740-r4lsnm
make: 警告: ジョブサーバーが利用不可: 今回は -j1 を使います. 親 make ルールに `+' を追加しましょう.
generating oci8lib_340-x64-mingw-ucrt.def
compiling oci8lib.c
compiling env.c
compiling error.c
compiling oci8.c
compiling ocihandle.c
compiling connection_pool.c
compiling stmt.c
compiling bind.c
compiling metadata.c
compiling attr.c
compiling lob.c
compiling oradate.c
compiling ocinumber.c
compiling ocidatetime.c
compiling object.c
compiling apiwrap.c
compiling encoding.c
compiling oranumber_util.c
compiling thread_util.c
compiling util.c
compiling win32.c
compiling plthook_win32.c
compiling hook_funcs.c
linking shared-object oci8lib_340.so

current directory: d:/shahanrb/ruby/3.4.0/gems/ruby-oci8-2.2.14/ext/oci8
make DESTDIR\= sitearchdir\=./.gem.20260907-11740-r4lsnm sitelibdir\=./.gem.20260907-11740-r4lsnm install
make: 警告: ジョブサーバーが利用不可: 今回は -j1 を使います. 親 make ルールに `+' を追加しましょう.
/usr/bin/install -c -m 0755 oci8lib_340.so ./.gem.20260907-11740-r4lsnm

current directory: d:/shahanrb/ruby/3.4.0/gems/ruby-oci8-2.2.14/ext/oci8
make DESTDIR\= sitearchdir\=./.gem.20260907-11740-r4lsnm sitelibdir\=./.gem.20260907-11740-r4lsnm clean
make: 警告: ジョブサーバーが利用不可: 今回は -j1 を使います. 親 make ルールに `+' を追加しましょう.
