PATH=".;C:/Ruby34-x64/lib;C:\Ruby34-x64\bin;C:\Ruby34-x64\msys64\ucrt64\bin;C:\Ruby34-x64\msys64\usr\bin;C:\Program Files\WindowsApps\Microsoft.PowerShell_7.6.5.0_x64__8wekyb3d8bbwe;C:\Ruby34-x64\bin;C:\Program Files\OpenSSH\;C:\Oracle\product\12.2.0\client_2\bin;C:\Ora64\product\12.2.0\client_1\bin;C:\Windows\system32;C:\Windows;C:\Windows\System32\Wbem;C:\Windows\System32\WindowsPowerShell\v1.0\;C:\Windows\System32\OpenSSH\;C:\Program Files\dotnet\;c:\cygwin64\bin;c:\cygwin64\sbin;c:\cygwin64\usr\sbin;C:\mut\80道具\PSTools;C;\Program Files\avs\bin;C:\Program Files\avs\bin32;C:\Program Files\PuTTY\;C:\Program Files\Microsoft SQL Server\150\Tools\Binn\;C:\Program Files\Microsoft SQL Server\Client SDK\ODBC\170\Tools\Binn\;C:\Program Files (x86)\Windows Kits\10\Windows Performance Toolkit\;C:\Program Files\7-Zip;C:\Program Files\Git\cmd;C:\Ruby40-x64\sqlite3;C:\Users\m002831\AppData\Local\Programs\Python\Python314\Scripts\;C:\Users\m002831\AppData\Local\Programs\Python\Python314\;C:\Users\m002831\bin;C:\Oracle\bin;C:\Users\m002831\AppData\Local\Microsoft\WindowsApps;C:\Program Files (x86)\Nmap;C:\mut\80道具;C:\Users\m002831\.dotnet\tools;C:\Users\m002831\AppData\Local\Programs\Microsoft VS Code\bin" ASAN_OPTIONS=detect_leaks=0 "gcc -o conftest.exe -IC:/Ruby34-x64/include/ruby-3.4.0/x64-mingw-ucrt -IC:/Ruby34-x64/include/ruby-3.4.0/ruby/backward -IC:/Ruby34-x64/include/ruby-3.4.0 -I. -D_WIN32_WINNT=0x0600 -D__MINGW_USE_VC2005_COMPAT -D_FILE_OFFSET_BITS=64  -O3 -fstack-protector-strong conftest.c -L. -LC:/Ruby34-x64/lib -L. -pipe -s -fstack-protector-strong -lpthread -Wl,--no-as-needed     -lx64-ucrt-ruby340  -lshell32 -lws2_32 -liphlpapi -limagehlp -lshlwapi -lbcrypt  "
checked program was:
/* begin */
1: #include "ruby.h"
2: 
3: #include <winsock2.h>
4: #include <windows.h>
5: int main(int argc, char **argv)
6: {
7:   return !!argv[argc];
8: }
/* end */

PATH=".;C:/Ruby34-x64/lib;C:\Ruby34-x64\bin;C:\Ruby34-x64\msys64\ucrt64\bin;C:\Ruby34-x64\msys64\usr\bin;C:\Program Files\WindowsApps\Microsoft.PowerShell_7.6.5.0_x64__8wekyb3d8bbwe;C:\Ruby34-x64\bin;C:\Program Files\OpenSSH\;C:\Oracle\product\12.2.0\client_2\bin;C:\Ora64\product\12.2.0\client_1\bin;C:\Windows\system32;C:\Windows;C:\Windows\System32\Wbem;C:\Windows\System32\WindowsPowerShell\v1.0\;C:\Windows\System32\OpenSSH\;C:\Program Files\dotnet\;c:\cygwin64\bin;c:\cygwin64\sbin;c:\cygwin64\usr\sbin;C:\mut\80道具\PSTools;C;\Program Files\avs\bin;C:\Program Files\avs\bin32;C:\Program Files\PuTTY\;C:\Program Files\Microsoft SQL Server\150\Tools\Binn\;C:\Program Files\Microsoft SQL Server\Client SDK\ODBC\170\Tools\Binn\;C:\Program Files (x86)\Windows Kits\10\Windows Performance Toolkit\;C:\Program Files\7-Zip;C:\Program Files\Git\cmd;C:\Ruby40-x64\sqlite3;C:\Users\m002831\AppData\Local\Programs\Python\Python314\Scripts\;C:\Users\m002831\AppData\Local\Programs\Python\Python314\;C:\Users\m002831\bin;C:\Oracle\bin;C:\Users\m002831\AppData\Local\Microsoft\WindowsApps;C:\Program Files (x86)\Nmap;C:\mut\80道具;C:\Users\m002831\.dotnet\tools;C:\Users\m002831\AppData\Local\Programs\Microsoft VS Code\bin" ASAN_OPTIONS=detect_leaks=0 "gcc -o conftest.exe -IC:/Ruby34-x64/include/ruby-3.4.0/x64-mingw-ucrt -IC:/Ruby34-x64/include/ruby-3.4.0/ruby/backward -IC:/Ruby34-x64/include/ruby-3.4.0 -I. -D_WIN32_WINNT=0x0600 -D__MINGW_USE_VC2005_COMPAT -D_FILE_OFFSET_BITS=64  -O3 -fstack-protector-strong conftest.c -L. -LC:/Ruby34-x64/lib -L. -pipe -s -fstack-protector-strong -lpthread -Wl,--no-as-needed     -lx64-ucrt-ruby340  -lshell32 -lws2_32 -liphlpapi -limagehlp -lshlwapi -lbcrypt  "
checked program was:
/* begin */
1: #include "ruby.h"
2: 
3: #include <winsock2.h>
4: #include <windows.h>
5: int main() { return 0; }
/* end */

PATH=".;C:/Ruby34-x64/lib;C:\Ruby34-x64\bin;C:\Ruby34-x64\msys64\ucrt64\bin;C:\Ruby34-x64\msys64\usr\bin;C:\Program Files\WindowsApps\Microsoft.PowerShell_7.6.5.0_x64__8wekyb3d8bbwe;C:\Ruby34-x64\bin;C:\Program Files\OpenSSH\;C:\Oracle\product\12.2.0\client_2\bin;C:\Ora64\product\12.2.0\client_1\bin;C:\Windows\system32;C:\Windows;C:\Windows\System32\Wbem;C:\Windows\System32\WindowsPowerShell\v1.0\;C:\Windows\System32\OpenSSH\;C:\Program Files\dotnet\;c:\cygwin64\bin;c:\cygwin64\sbin;c:\cygwin64\usr\sbin;C:\mut\80道具\PSTools;C;\Program Files\avs\bin;C:\Program Files\avs\bin32;C:\Program Files\PuTTY\;C:\Program Files\Microsoft SQL Server\150\Tools\Binn\;C:\Program Files\Microsoft SQL Server\Client SDK\ODBC\170\Tools\Binn\;C:\Program Files (x86)\Windows Kits\10\Windows Performance Toolkit\;C:\Program Files\7-Zip;C:\Program Files\Git\cmd;C:\Ruby40-x64\sqlite3;C:\Users\m002831\AppData\Local\Programs\Python\Python314\Scripts\;C:\Users\m002831\AppData\Local\Programs\Python\Python314\;C:\Users\m002831\bin;C:\Oracle\bin;C:\Users\m002831\AppData\Local\Microsoft\WindowsApps;C:\Program Files (x86)\Nmap;C:\mut\80道具;C:\Users\m002831\.dotnet\tools;C:\Users\m002831\AppData\Local\Programs\Microsoft VS Code\bin" ASAN_OPTIONS=detect_leaks=0 ./conftest
PATH=".;C:/Ruby34-x64/lib;C:\Ruby34-x64\bin;C:\Ruby34-x64\msys64\ucrt64\bin;C:\Ruby34-x64\msys64\usr\bin;C:\Program Files\WindowsApps\Microsoft.PowerShell_7.6.5.0_x64__8wekyb3d8bbwe;C:\Ruby34-x64\bin;C:\Program Files\OpenSSH\;C:\Oracle\product\12.2.0\client_2\bin;C:\Ora64\product\12.2.0\client_1\bin;C:\Windows\system32;C:\Windows;C:\Windows\System32\Wbem;C:\Windows\System32\WindowsPowerShell\v1.0\;C:\Windows\System32\OpenSSH\;C:\Program Files\dotnet\;c:\cygwin64\bin;c:\cygwin64\sbin;c:\cygwin64\usr\sbin;C:\mut\80道具\PSTools;C;\Program Files\avs\bin;C:\Program Files\avs\bin32;C:\Program Files\PuTTY\;C:\Program Files\Microsoft SQL Server\150\Tools\Binn\;C:\Program Files\Microsoft SQL Server\Client SDK\ODBC\170\Tools\Binn\;C:\Program Files (x86)\Windows Kits\10\Windows Performance Toolkit\;C:\Program Files\7-Zip;C:\Program Files\Git\cmd;C:\Ruby40-x64\sqlite3;C:\Users\m002831\AppData\Local\Programs\Python\Python314\Scripts\;C:\Users\m002831\AppData\Local\Programs\Python\Python314\;C:\Users\m002831\bin;C:\Oracle\bin;C:\Users\m002831\AppData\Local\Microsoft\WindowsApps;C:\Program Files (x86)\Nmap;C:\mut\80道具;C:\Users\m002831\.dotnet\tools;C:\Users\m002831\AppData\Local\Programs\Microsoft VS Code\bin" ASAN_OPTIONS=detect_leaks=0 "gcc -IC:/Ruby34-x64/include/ruby-3.4.0/x64-mingw-ucrt -IC:/Ruby34-x64/include/ruby-3.4.0/ruby/backward -IC:/Ruby34-x64/include/ruby-3.4.0 -I. -D_WIN32_WINNT=0x0600 -D__MINGW_USE_VC2005_COMPAT -D_FILE_OFFSET_BITS=64  -O3 -fstack-protector-strong   -c conftest.c"
checked program was:
/* begin */
1: #include "ruby.h"
2: 
3: #include <winsock2.h>
4: #include <windows.h>
5: /*top*/
6: #ifndef __GNUC__
7: # error
8: |:/ === __GNUC__ undefined === /:|
9: #endif
/* end */

PATH=".;C:/Ruby34-x64/lib;C:\Ruby34-x64\bin;C:\Ruby34-x64\msys64\ucrt64\bin;C:\Ruby34-x64\msys64\usr\bin;C:\Program Files\WindowsApps\Microsoft.PowerShell_7.6.5.0_x64__8wekyb3d8bbwe;C:\Ruby34-x64\bin;C:\Program Files\OpenSSH\;C:\Oracle\product\12.2.0\client_2\bin;C:\Ora64\product\12.2.0\client_1\bin;C:\Windows\system32;C:\Windows;C:\Windows\System32\Wbem;C:\Windows\System32\WindowsPowerShell\v1.0\;C:\Windows\System32\OpenSSH\;C:\Program Files\dotnet\;c:\cygwin64\bin;c:\cygwin64\sbin;c:\cygwin64\usr\sbin;C:\mut\80道具\PSTools;C;\Program Files\avs\bin;C:\Program Files\avs\bin32;C:\Program Files\PuTTY\;C:\Program Files\Microsoft SQL Server\150\Tools\Binn\;C:\Program Files\Microsoft SQL Server\Client SDK\ODBC\170\Tools\Binn\;C:\Program Files (x86)\Windows Kits\10\Windows Performance Toolkit\;C:\Program Files\7-Zip;C:\Program Files\Git\cmd;C:\Ruby40-x64\sqlite3;C:\Users\m002831\AppData\Local\Programs\Python\Python314\Scripts\;C:\Users\m002831\AppData\Local\Programs\Python\Python314\;C:\Users\m002831\bin;C:\Oracle\bin;C:\Users\m002831\AppData\Local\Microsoft\WindowsApps;C:\Program Files (x86)\Nmap;C:\mut\80道具;C:\Users\m002831\.dotnet\tools;C:\Users\m002831\AppData\Local\Programs\Microsoft VS Code\bin" ASAN_OPTIONS=detect_leaks=0 "gcc -o conftest.exe -IC:/Ruby34-x64/include/ruby-3.4.0/x64-mingw-ucrt -IC:/Ruby34-x64/include/ruby-3.4.0/ruby/backward -IC:/Ruby34-x64/include/ruby-3.4.0 -I. -D_WIN32_WINNT=0x0600 -D__MINGW_USE_VC2005_COMPAT -D_FILE_OFFSET_BITS=64  -O3 -fstack-protector-strong conftest.c -L. -LC:/Ruby34-x64/lib -L. -pipe -s -fstack-protector-strong -lpthread -Wl,--no-as-needed     -lx64-ucrt-ruby340  -lshell32 -lws2_32 -liphlpapi -limagehlp -lshlwapi -lbcrypt  "
checked program was:
/* begin */
1: #include "ruby.h"
2: 
3: #include <winsock2.h>
4: #include <windows.h>
5: int main() { return sizeof(long) == 8 ? 0 : 1; }
/* end */

PATH=".;C:/Ruby34-x64/lib;C:\Ruby34-x64\bin;C:\Ruby34-x64\msys64\ucrt64\bin;C:\Ruby34-x64\msys64\usr\bin;C:\Program Files\WindowsApps\Microsoft.PowerShell_7.6.5.0_x64__8wekyb3d8bbwe;C:\Ruby34-x64\bin;C:\Program Files\OpenSSH\;C:\Oracle\product\12.2.0\client_2\bin;C:\Ora64\product\12.2.0\client_1\bin;C:\Windows\system32;C:\Windows;C:\Windows\System32\Wbem;C:\Windows\System32\WindowsPowerShell\v1.0\;C:\Windows\System32\OpenSSH\;C:\Program Files\dotnet\;c:\cygwin64\bin;c:\cygwin64\sbin;c:\cygwin64\usr\sbin;C:\mut\80道具\PSTools;C;\Program Files\avs\bin;C:\Program Files\avs\bin32;C:\Program Files\PuTTY\;C:\Program Files\Microsoft SQL Server\150\Tools\Binn\;C:\Program Files\Microsoft SQL Server\Client SDK\ODBC\170\Tools\Binn\;C:\Program Files (x86)\Windows Kits\10\Windows Performance Toolkit\;C:\Program Files\7-Zip;C:\Program Files\Git\cmd;C:\Ruby40-x64\sqlite3;C:\Users\m002831\AppData\Local\Programs\Python\Python314\Scripts\;C:\Users\m002831\AppData\Local\Programs\Python\Python314\;C:\Users\m002831\bin;C:\Oracle\bin;C:\Users\m002831\AppData\Local\Microsoft\WindowsApps;C:\Program Files (x86)\Nmap;C:\mut\80道具;C:\Users\m002831\.dotnet\tools;C:\Users\m002831\AppData\Local\Programs\Microsoft VS Code\bin" ASAN_OPTIONS=detect_leaks=0 ./conftest
have_header: checking for sys/types.h... -------------------- yes

PATH=".;C:/Ruby34-x64/lib;C:\Ruby34-x64\bin;C:\Ruby34-x64\msys64\ucrt64\bin;C:\Ruby34-x64\msys64\usr\bin;C:\Program Files\WindowsApps\Microsoft.PowerShell_7.6.5.0_x64__8wekyb3d8bbwe;C:\Ruby34-x64\bin;C:\Program Files\OpenSSH\;C:\Oracle\product\12.2.0\client_2\bin;C:\Ora64\product\12.2.0\client_1\bin;C:\Windows\system32;C:\Windows;C:\Windows\System32\Wbem;C:\Windows\System32\WindowsPowerShell\v1.0\;C:\Windows\System32\OpenSSH\;C:\Program Files\dotnet\;c:\cygwin64\bin;c:\cygwin64\sbin;c:\cygwin64\usr\sbin;C:\mut\80道具\PSTools;C;\Program Files\avs\bin;C:\Program Files\avs\bin32;C:\Program Files\PuTTY\;C:\Program Files\Microsoft SQL Server\150\Tools\Binn\;C:\Program Files\Microsoft SQL Server\Client SDK\ODBC\170\Tools\Binn\;C:\Program Files (x86)\Windows Kits\10\Windows Performance Toolkit\;C:\Program Files\7-Zip;C:\Program Files\Git\cmd;C:\Ruby40-x64\sqlite3;C:\Users\m002831\AppData\Local\Programs\Python\Python314\Scripts\;C:\Users\m002831\AppData\Local\Programs\Python\Python314\;C:\Users\m002831\bin;C:\Oracle\bin;C:\Users\m002831\AppData\Local\Microsoft\WindowsApps;C:\Program Files (x86)\Nmap;C:\mut\80道具;C:\Users\m002831\.dotnet\tools;C:\Users\m002831\AppData\Local\Programs\Microsoft VS Code\bin" ASAN_OPTIONS=detect_leaks=0 "gcc -IC:/Ruby34-x64/include/ruby-3.4.0/x64-mingw-ucrt -IC:/Ruby34-x64/include/ruby-3.4.0/ruby/backward -IC:/Ruby34-x64/include/ruby-3.4.0 -I. -D_WIN32_WINNT=0x0600 -D__MINGW_USE_VC2005_COMPAT -D_FILE_OFFSET_BITS=64  -O3 -fstack-protector-strong   -c conftest.c"
checked program was:
/* begin */
1: #include "ruby.h"
2: 
3: #include <winsock2.h>
4: #include <windows.h>
5: #include <sys/types.h>
/* end */

--------------------


SQL*Plus: Release 12.2.0.1.0 Production on Mon Sep 7 10:47:25 2026
have_func: checking for OCIEnvCreate() in oci.h... -------------------- yes

PATH=".;C:/Ruby34-x64/lib;C:\Ruby34-x64\bin;C:\Ruby34-x64\msys64\ucrt64\bin;C:\Ruby34-x64\msys64\usr\bin;C:\Program Files\WindowsApps\Microsoft.PowerShell_7.6.5.0_x64__8wekyb3d8bbwe;C:\Ruby34-x64\bin;C:\Program Files\OpenSSH\;C:\Oracle\product\12.2.0\client_2\bin;C:\Ora64\product\12.2.0\client_1\bin;C:\Windows\system32;C:\Windows;C:\Windows\System32\Wbem;C:\Windows\System32\WindowsPowerShell\v1.0\;C:\Windows\System32\OpenSSH\;C:\Program Files\dotnet\;c:\cygwin64\bin;c:\cygwin64\sbin;c:\cygwin64\usr\sbin;C:\mut\80道具\PSTools;C;\Program Files\avs\bin;C:\Program Files\avs\bin32;C:\Program Files\PuTTY\;C:\Program Files\Microsoft SQL Server\150\Tools\Binn\;C:\Program Files\Microsoft SQL Server\Client SDK\ODBC\170\Tools\Binn\;C:\Program Files (x86)\Windows Kits\10\Windows Performance Toolkit\;C:\Program Files\7-Zip;C:\Program Files\Git\cmd;C:\Ruby40-x64\sqlite3;C:\Users\m002831\AppData\Local\Programs\Python\Python314\Scripts\;C:\Users\m002831\AppData\Local\Programs\Python\Python314\;C:\Users\m002831\bin;C:\Oracle\bin;C:\Users\m002831\AppData\Local\Microsoft\WindowsApps;C:\Program Files (x86)\Nmap;C:\mut\80道具;C:\Users\m002831\.dotnet\tools;C:\Users\m002831\AppData\Local\Programs\Microsoft VS Code\bin" ASAN_OPTIONS=detect_leaks=0 "gcc -o conftest.exe -IC:/Ruby34-x64/include/ruby-3.4.0/x64-mingw-ucrt -IC:/Ruby34-x64/include/ruby-3.4.0/ruby/backward -IC:/Ruby34-x64/include/ruby-3.4.0 -I. -D_WIN32_WINNT=0x0600 -D__MINGW_USE_VC2005_COMPAT -D_FILE_OFFSET_BITS=64  -O3 -fstack-protector-strong "-IC:/Ora64/product/12.2.0/client_1/OCI/INCLUDE" -D_int64="long long" conftest.c -L. -LC:/Ruby34-x64/lib -L. -pipe -s -fstack-protector-strong -lpthread -Wl,--no-as-needed     -LC:/Ruby34-x64/lib "C:/Ora64/product/12.2.0/client_1/oci/lib/MSVC/OCI.LIB" -lx64-ucrt-ruby340  -LC:/Ruby34-x64/lib "C:/Ora64/product/12.2.0/client_1/oci/lib/MSVC/OCI.LIB" -lshell32 -lws2_32 -liphlpapi -limagehlp -lshlwapi -lbcrypt  "
checked program was:
/* begin */
 1: #include "ruby.h"
 2: 
 3: #include <winsock2.h>
 4: #include <windows.h>
 5: #include <oci.h>
 6: 
 7: /*top*/
 8: extern int t(void);
 9: int main(int argc, char **argv)
10: {
11:   if (argc > 1000000) {
12:     int (* volatile tp)(void)=(int (*)(void))&t;
13:     printf("%d", (*tp)());
14:   }
15: 
16:   return !!argv[argc];
17: }
18: int t(void) { void ((*volatile p)()); p = (void ((*)()))OCIEnvCreate; return !p; }
/* end */

--------------------

checking for OCI_MAJOR_VERSION in oci.h... -------------------- 12

PATH=".;C:/Ruby34-x64/lib;C:\Ruby34-x64\bin;C:\Ruby34-x64\msys64\ucrt64\bin;C:\Ruby34-x64\msys64\usr\bin;C:\Program Files\WindowsApps\Microsoft.PowerShell_7.6.5.0_x64__8wekyb3d8bbwe;C:\Ruby34-x64\bin;C:\Program Files\OpenSSH\;C:\Oracle\product\12.2.0\client_2\bin;C:\Ora64\product\12.2.0\client_1\bin;C:\Windows\system32;C:\Windows;C:\Windows\System32\Wbem;C:\Windows\System32\WindowsPowerShell\v1.0\;C:\Windows\System32\OpenSSH\;C:\Program Files\dotnet\;c:\cygwin64\bin;c:\cygwin64\sbin;c:\cygwin64\usr\sbin;C:\mut\80道具\PSTools;C;\Program Files\avs\bin;C:\Program Files\avs\bin32;C:\Program Files\PuTTY\;C:\Program Files\Microsoft SQL Server\150\Tools\Binn\;C:\Program Files\Microsoft SQL Server\Client SDK\ODBC\170\Tools\Binn\;C:\Program Files (x86)\Windows Kits\10\Windows Performance Toolkit\;C:\Program Files\7-Zip;C:\Program Files\Git\cmd;C:\Ruby40-x64\sqlite3;C:\Users\m002831\AppData\Local\Programs\Python\Python314\Scripts\;C:\Users\m002831\AppData\Local\Programs\Python\Python314\;C:\Users\m002831\bin;C:\Oracle\bin;C:\Users\m002831\AppData\Local\Microsoft\WindowsApps;C:\Program Files (x86)\Nmap;C:\mut\80道具;C:\Users\m002831\.dotnet\tools;C:\Users\m002831\AppData\Local\Programs\Microsoft VS Code\bin" ASAN_OPTIONS=detect_leaks=0 "gcc -IC:/Ruby34-x64/include/ruby-3.4.0/x64-mingw-ucrt -IC:/Ruby34-x64/include/ruby-3.4.0/ruby/backward -IC:/Ruby34-x64/include/ruby-3.4.0 -I. -D_WIN32_WINNT=0x0600 -D__MINGW_USE_VC2005_COMPAT -D_FILE_OFFSET_BITS=64  -O3 -fstack-protector-strong "-IC:/Ora64/product/12.2.0/client_1/OCI/INCLUDE" -D_int64="long long"   -c conftest.c"
conftest.c:8:5: error: size of array 'conftest_const' is negative
    8 | int conftest_const[(OCI_MAJOR_VERSION < 0) ? 1 : -1];
      |     ^~~~~~~~~~~~~~
checked program was:
/* begin */
1: #include "ruby.h"
2: 
3: #include <winsock2.h>
4: #include <windows.h>
5: #include <oci.h>
6: 
7: /*top*/
8: int conftest_const[(OCI_MAJOR_VERSION < 0) ? 1 : -1];
/* end */

PATH=".;C:/Ruby34-x64/lib;C:\Ruby34-x64\bin;C:\Ruby34-x64\msys64\ucrt64\bin;C:\Ruby34-x64\msys64\usr\bin;C:\Program Files\WindowsApps\Microsoft.PowerShell_7.6.5.0_x64__8wekyb3d8bbwe;C:\Ruby34-x64\bin;C:\Program Files\OpenSSH\;C:\Oracle\product\12.2.0\client_2\bin;C:\Ora64\product\12.2.0\client_1\bin;C:\Windows\system32;C:\Windows;C:\Windows\System32\Wbem;C:\Windows\System32\WindowsPowerShell\v1.0\;C:\Windows\System32\OpenSSH\;C:\Program Files\dotnet\;c:\cygwin64\bin;c:\cygwin64\sbin;c:\cygwin64\usr\sbin;C:\mut\80道具\PSTools;C;\Program Files\avs\bin;C:\Program Files\avs\bin32;C:\Program Files\PuTTY\;C:\Program Files\Microsoft SQL Server\150\Tools\Binn\;C:\Program Files\Microsoft SQL Server\Client SDK\ODBC\170\Tools\Binn\;C:\Program Files (x86)\Windows Kits\10\Windows Performance Toolkit\;C:\Program Files\7-Zip;C:\Program Files\Git\cmd;C:\Ruby40-x64\sqlite3;C:\Users\m002831\AppData\Local\Programs\Python\Python314\Scripts\;C:\Users\m002831\AppData\Local\Programs\Python\Python314\;C:\Users\m002831\bin;C:\Oracle\bin;C:\Users\m002831\AppData\Local\Microsoft\WindowsApps;C:\Program Files (x86)\Nmap;C:\mut\80道具;C:\Users\m002831\.dotnet\tools;C:\Users\m002831\AppData\Local\Programs\Microsoft VS Code\bin" ASAN_OPTIONS=detect_leaks=0 "gcc -o conftest.exe -IC:/Ruby34-x64/include/ruby-3.4.0/x64-mingw-ucrt -IC:/Ruby34-x64/include/ruby-3.4.0/ruby/backward -IC:/Ruby34-x64/include/ruby-3.4.0 -I. -D_WIN32_WINNT=0x0600 -D__MINGW_USE_VC2005_COMPAT -D_FILE_OFFSET_BITS=64  -O3 -fstack-protector-strong "-IC:/Ora64/product/12.2.0/client_1/OCI/INCLUDE" -D_int64="long long" conftest.c -L. -LC:/Ruby34-x64/lib -L. -pipe -s -fstack-protector-strong -lpthread -Wl,--no-as-needed    "C:/Ora64/product/12.2.0/client_1/oci/lib/MSVC/OCI.LIB" -lx64-ucrt-ruby340  -lshell32 -lws2_32 -liphlpapi -limagehlp -lshlwapi -lbcrypt  "
checked program was:
/* begin */
 1: #include "ruby.h"
 2: 
 3: #include <winsock2.h>
 4: #include <windows.h>
 5: #include <oci.h>
 6: 
 7: #include <stdio.h>
 8: /*top*/
 9: typedef unsigned
10: #ifdef PRI_LL_PREFIX
11: #define PRI_CONFTEST_PREFIX PRI_LL_PREFIX
12: LONG_LONG
13: #else
14: #define PRI_CONFTEST_PREFIX "l"
15: long
16: #endif
17: conftest_type;
18: conftest_type conftest_const = (conftest_type)(OCI_MAJOR_VERSION);
19: int main() {printf("%"PRI_CONFTEST_PREFIX"u\n", conftest_const); return 0;}
/* end */

PATH=".;C:/Ruby34-x64/lib;C:\Ruby34-x64\bin;C:\Ruby34-x64\msys64\ucrt64\bin;C:\Ruby34-x64\msys64\usr\bin;C:\Program Files\WindowsApps\Microsoft.PowerShell_7.6.5.0_x64__8wekyb3d8bbwe;C:\Ruby34-x64\bin;C:\Program Files\OpenSSH\;C:\Oracle\product\12.2.0\client_2\bin;C:\Ora64\product\12.2.0\client_1\bin;C:\Windows\system32;C:\Windows;C:\Windows\System32\Wbem;C:\Windows\System32\WindowsPowerShell\v1.0\;C:\Windows\System32\OpenSSH\;C:\Program Files\dotnet\;c:\cygwin64\bin;c:\cygwin64\sbin;c:\cygwin64\usr\sbin;C:\mut\80道具\PSTools;C;\Program Files\avs\bin;C:\Program Files\avs\bin32;C:\Program Files\PuTTY\;C:\Program Files\Microsoft SQL Server\150\Tools\Binn\;C:\Program Files\Microsoft SQL Server\Client SDK\ODBC\170\Tools\Binn\;C:\Program Files (x86)\Windows Kits\10\Windows Performance Toolkit\;C:\Program Files\7-Zip;C:\Program Files\Git\cmd;C:\Ruby40-x64\sqlite3;C:\Users\m002831\AppData\Local\Programs\Python\Python314\Scripts\;C:\Users\m002831\AppData\Local\Programs\Python\Python314\;C:\Users\m002831\bin;C:\Oracle\bin;C:\Users\m002831\AppData\Local\Microsoft\WindowsApps;C:\Program Files (x86)\Nmap;C:\mut\80道具;C:\Users\m002831\.dotnet\tools;C:\Users\m002831\AppData\Local\Programs\Microsoft VS Code\bin" ASAN_OPTIONS=detect_leaks=0 ./conftest |
--------------------

checking for OCI_MINOR_VERSION in oci.h... -------------------- 2

PATH=".;C:/Ruby34-x64/lib;C:\Ruby34-x64\bin;C:\Ruby34-x64\msys64\ucrt64\bin;C:\Ruby34-x64\msys64\usr\bin;C:\Program Files\WindowsApps\Microsoft.PowerShell_7.6.5.0_x64__8wekyb3d8bbwe;C:\Ruby34-x64\bin;C:\Program Files\OpenSSH\;C:\Oracle\product\12.2.0\client_2\bin;C:\Ora64\product\12.2.0\client_1\bin;C:\Windows\system32;C:\Windows;C:\Windows\System32\Wbem;C:\Windows\System32\WindowsPowerShell\v1.0\;C:\Windows\System32\OpenSSH\;C:\Program Files\dotnet\;c:\cygwin64\bin;c:\cygwin64\sbin;c:\cygwin64\usr\sbin;C:\mut\80道具\PSTools;C;\Program Files\avs\bin;C:\Program Files\avs\bin32;C:\Program Files\PuTTY\;C:\Program Files\Microsoft SQL Server\150\Tools\Binn\;C:\Program Files\Microsoft SQL Server\Client SDK\ODBC\170\Tools\Binn\;C:\Program Files (x86)\Windows Kits\10\Windows Performance Toolkit\;C:\Program Files\7-Zip;C:\Program Files\Git\cmd;C:\Ruby40-x64\sqlite3;C:\Users\m002831\AppData\Local\Programs\Python\Python314\Scripts\;C:\Users\m002831\AppData\Local\Programs\Python\Python314\;C:\Users\m002831\bin;C:\Oracle\bin;C:\Users\m002831\AppData\Local\Microsoft\WindowsApps;C:\Program Files (x86)\Nmap;C:\mut\80道具;C:\Users\m002831\.dotnet\tools;C:\Users\m002831\AppData\Local\Programs\Microsoft VS Code\bin" ASAN_OPTIONS=detect_leaks=0 "gcc -IC:/Ruby34-x64/include/ruby-3.4.0/x64-mingw-ucrt -IC:/Ruby34-x64/include/ruby-3.4.0/ruby/backward -IC:/Ruby34-x64/include/ruby-3.4.0 -I. -D_WIN32_WINNT=0x0600 -D__MINGW_USE_VC2005_COMPAT -D_FILE_OFFSET_BITS=64  -O3 -fstack-protector-strong "-IC:/Ora64/product/12.2.0/client_1/OCI/INCLUDE" -D_int64="long long"   -c conftest.c"
conftest.c:8:5: error: size of array 'conftest_const' is negative
    8 | int conftest_const[(OCI_MINOR_VERSION < 0) ? 1 : -1];
      |     ^~~~~~~~~~~~~~
checked program was:
/* begin */
1: #include "ruby.h"
2: 
3: #include <winsock2.h>
4: #include <windows.h>
5: #include <oci.h>
6: 
7: /*top*/
8: int conftest_const[(OCI_MINOR_VERSION < 0) ? 1 : -1];
/* end */

PATH=".;C:/Ruby34-x64/lib;C:\Ruby34-x64\bin;C:\Ruby34-x64\msys64\ucrt64\bin;C:\Ruby34-x64\msys64\usr\bin;C:\Program Files\WindowsApps\Microsoft.PowerShell_7.6.5.0_x64__8wekyb3d8bbwe;C:\Ruby34-x64\bin;C:\Program Files\OpenSSH\;C:\Oracle\product\12.2.0\client_2\bin;C:\Ora64\product\12.2.0\client_1\bin;C:\Windows\system32;C:\Windows;C:\Windows\System32\Wbem;C:\Windows\System32\WindowsPowerShell\v1.0\;C:\Windows\System32\OpenSSH\;C:\Program Files\dotnet\;c:\cygwin64\bin;c:\cygwin64\sbin;c:\cygwin64\usr\sbin;C:\mut\80道具\PSTools;C;\Program Files\avs\bin;C:\Program Files\avs\bin32;C:\Program Files\PuTTY\;C:\Program Files\Microsoft SQL Server\150\Tools\Binn\;C:\Program Files\Microsoft SQL Server\Client SDK\ODBC\170\Tools\Binn\;C:\Program Files (x86)\Windows Kits\10\Windows Performance Toolkit\;C:\Program Files\7-Zip;C:\Program Files\Git\cmd;C:\Ruby40-x64\sqlite3;C:\Users\m002831\AppData\Local\Programs\Python\Python314\Scripts\;C:\Users\m002831\AppData\Local\Programs\Python\Python314\;C:\Users\m002831\bin;C:\Oracle\bin;C:\Users\m002831\AppData\Local\Microsoft\WindowsApps;C:\Program Files (x86)\Nmap;C:\mut\80道具;C:\Users\m002831\.dotnet\tools;C:\Users\m002831\AppData\Local\Programs\Microsoft VS Code\bin" ASAN_OPTIONS=detect_leaks=0 "gcc -o conftest.exe -IC:/Ruby34-x64/include/ruby-3.4.0/x64-mingw-ucrt -IC:/Ruby34-x64/include/ruby-3.4.0/ruby/backward -IC:/Ruby34-x64/include/ruby-3.4.0 -I. -D_WIN32_WINNT=0x0600 -D__MINGW_USE_VC2005_COMPAT -D_FILE_OFFSET_BITS=64  -O3 -fstack-protector-strong "-IC:/Ora64/product/12.2.0/client_1/OCI/INCLUDE" -D_int64="long long" conftest.c -L. -LC:/Ruby34-x64/lib -L. -pipe -s -fstack-protector-strong -lpthread -Wl,--no-as-needed    "C:/Ora64/product/12.2.0/client_1/oci/lib/MSVC/OCI.LIB" -lx64-ucrt-ruby340  -lshell32 -lws2_32 -liphlpapi -limagehlp -lshlwapi -lbcrypt  "
checked program was:
/* begin */
 1: #include "ruby.h"
 2: 
 3: #include <winsock2.h>
 4: #include <windows.h>
 5: #include <oci.h>
 6: 
 7: #include <stdio.h>
 8: /*top*/
 9: typedef unsigned
10: #ifdef PRI_LL_PREFIX
11: #define PRI_CONFTEST_PREFIX PRI_LL_PREFIX
12: LONG_LONG
13: #else
14: #define PRI_CONFTEST_PREFIX "l"
15: long
16: #endif
17: conftest_type;
18: conftest_type conftest_const = (conftest_type)(OCI_MINOR_VERSION);
19: int main() {printf("%"PRI_CONFTEST_PREFIX"u\n", conftest_const); return 0;}
/* end */

PATH=".;C:/Ruby34-x64/lib;C:\Ruby34-x64\bin;C:\Ruby34-x64\msys64\ucrt64\bin;C:\Ruby34-x64\msys64\usr\bin;C:\Program Files\WindowsApps\Microsoft.PowerShell_7.6.5.0_x64__8wekyb3d8bbwe;C:\Ruby34-x64\bin;C:\Program Files\OpenSSH\;C:\Oracle\product\12.2.0\client_2\bin;C:\Ora64\product\12.2.0\client_1\bin;C:\Windows\system32;C:\Windows;C:\Windows\System32\Wbem;C:\Windows\System32\WindowsPowerShell\v1.0\;C:\Windows\System32\OpenSSH\;C:\Program Files\dotnet\;c:\cygwin64\bin;c:\cygwin64\sbin;c:\cygwin64\usr\sbin;C:\mut\80道具\PSTools;C;\Program Files\avs\bin;C:\Program Files\avs\bin32;C:\Program Files\PuTTY\;C:\Program Files\Microsoft SQL Server\150\Tools\Binn\;C:\Program Files\Microsoft SQL Server\Client SDK\ODBC\170\Tools\Binn\;C:\Program Files (x86)\Windows Kits\10\Windows Performance Toolkit\;C:\Program Files\7-Zip;C:\Program Files\Git\cmd;C:\Ruby40-x64\sqlite3;C:\Users\m002831\AppData\Local\Programs\Python\Python314\Scripts\;C:\Users\m002831\AppData\Local\Programs\Python\Python314\;C:\Users\m002831\bin;C:\Oracle\bin;C:\Users\m002831\AppData\Local\Microsoft\WindowsApps;C:\Program Files (x86)\Nmap;C:\mut\80道具;C:\Users\m002831\.dotnet\tools;C:\Users\m002831\AppData\Local\Programs\Microsoft VS Code\bin" ASAN_OPTIONS=detect_leaks=0 ./conftest |
--------------------

have_func: checking for localtime_r()... -------------------- yes

PATH=".;C:/Ruby34-x64/lib;C:\Ruby34-x64\bin;C:\Ruby34-x64\msys64\ucrt64\bin;C:\Ruby34-x64\msys64\usr\bin;C:\Program Files\WindowsApps\Microsoft.PowerShell_7.6.5.0_x64__8wekyb3d8bbwe;C:\Ruby34-x64\bin;C:\Program Files\OpenSSH\;C:\Oracle\product\12.2.0\client_2\bin;C:\Ora64\product\12.2.0\client_1\bin;C:\Windows\system32;C:\Windows;C:\Windows\System32\Wbem;C:\Windows\System32\WindowsPowerShell\v1.0\;C:\Windows\System32\OpenSSH\;C:\Program Files\dotnet\;c:\cygwin64\bin;c:\cygwin64\sbin;c:\cygwin64\usr\sbin;C:\mut\80道具\PSTools;C;\Program Files\avs\bin;C:\Program Files\avs\bin32;C:\Program Files\PuTTY\;C:\Program Files\Microsoft SQL Server\150\Tools\Binn\;C:\Program Files\Microsoft SQL Server\Client SDK\ODBC\170\Tools\Binn\;C:\Program Files (x86)\Windows Kits\10\Windows Performance Toolkit\;C:\Program Files\7-Zip;C:\Program Files\Git\cmd;C:\Ruby40-x64\sqlite3;C:\Users\m002831\AppData\Local\Programs\Python\Python314\Scripts\;C:\Users\m002831\AppData\Local\Programs\Python\Python314\;C:\Users\m002831\bin;C:\Oracle\bin;C:\Users\m002831\AppData\Local\Microsoft\WindowsApps;C:\Program Files (x86)\Nmap;C:\mut\80道具;C:\Users\m002831\.dotnet\tools;C:\Users\m002831\AppData\Local\Programs\Microsoft VS Code\bin" ASAN_OPTIONS=detect_leaks=0 "gcc -o conftest.exe -IC:/Ruby34-x64/include/ruby-3.4.0/x64-mingw-ucrt -IC:/Ruby34-x64/include/ruby-3.4.0/ruby/backward -IC:/Ruby34-x64/include/ruby-3.4.0 -I. -D_WIN32_WINNT=0x0600 -D__MINGW_USE_VC2005_COMPAT -D_FILE_OFFSET_BITS=64  -O3 -fstack-protector-strong "-IC:/Ora64/product/12.2.0/client_1/OCI/INCLUDE" -D_int64="long long" -Wall conftest.c -L. -LC:/Ruby34-x64/lib -L. -pipe -s -fstack-protector-strong -lpthread -Wl,--no-as-needed    "C:/Ora64/product/12.2.0/client_1/oci/lib/MSVC/OCI.LIB" -lx64-ucrt-ruby340 "C:/Ora64/product/12.2.0/client_1/oci/lib/MSVC/OCI.LIB" -lshell32 -lws2_32 -liphlpapi -limagehlp -lshlwapi -lbcrypt  "
checked program was:
/* begin */
 1: #include "ruby.h"
 2: 
 3: #include <winsock2.h>
 4: #include <windows.h>
 5: 
 6: /*top*/
 7: extern int t(void);
 8: int main(int argc, char **argv)
 9: {
10:   if (argc > 1000000) {
11:     int (* volatile tp)(void)=(int (*)(void))&t;
12:     printf("%d", (*tp)());
13:   }
14: 
15:   return !!argv[argc];
16: }
17: int t(void) { void ((*volatile p)()); p = (void ((*)()))localtime_r; return !p; }
/* end */

--------------------

have_func: checking for dladdr()... -------------------- no

PATH=".;C:/Ruby34-x64/lib;C:\Ruby34-x64\bin;C:\Ruby34-x64\msys64\ucrt64\bin;C:\Ruby34-x64\msys64\usr\bin;C:\Program Files\WindowsApps\Microsoft.PowerShell_7.6.5.0_x64__8wekyb3d8bbwe;C:\Ruby34-x64\bin;C:\Program Files\OpenSSH\;C:\Oracle\product\12.2.0\client_2\bin;C:\Ora64\product\12.2.0\client_1\bin;C:\Windows\system32;C:\Windows;C:\Windows\System32\Wbem;C:\Windows\System32\WindowsPowerShell\v1.0\;C:\Windows\System32\OpenSSH\;C:\Program Files\dotnet\;c:\cygwin64\bin;c:\cygwin64\sbin;c:\cygwin64\usr\sbin;C:\mut\80道具\PSTools;C;\Program Files\avs\bin;C:\Program Files\avs\bin32;C:\Program Files\PuTTY\;C:\Program Files\Microsoft SQL Server\150\Tools\Binn\;C:\Program Files\Microsoft SQL Server\Client SDK\ODBC\170\Tools\Binn\;C:\Program Files (x86)\Windows Kits\10\Windows Performance Toolkit\;C:\Program Files\7-Zip;C:\Program Files\Git\cmd;C:\Ruby40-x64\sqlite3;C:\Users\m002831\AppData\Local\Programs\Python\Python314\Scripts\;C:\Users\m002831\AppData\Local\Programs\Python\Python314\;C:\Users\m002831\bin;C:\Oracle\bin;C:\Users\m002831\AppData\Local\Microsoft\WindowsApps;C:\Program Files (x86)\Nmap;C:\mut\80道具;C:\Users\m002831\.dotnet\tools;C:\Users\m002831\AppData\Local\Programs\Microsoft VS Code\bin" ASAN_OPTIONS=detect_leaks=0 "gcc -o conftest.exe -IC:/Ruby34-x64/include/ruby-3.4.0/x64-mingw-ucrt -IC:/Ruby34-x64/include/ruby-3.4.0/ruby/backward -IC:/Ruby34-x64/include/ruby-3.4.0 -I. -D_WIN32_WINNT=0x0600 -D__MINGW_USE_VC2005_COMPAT -D_FILE_OFFSET_BITS=64  -O3 -fstack-protector-strong "-IC:/Ora64/product/12.2.0/client_1/OCI/INCLUDE" -D_int64="long long" -Wall conftest.c -L. -LC:/Ruby34-x64/lib -L. -pipe -s -fstack-protector-strong -lpthread -Wl,--no-as-needed    "C:/Ora64/product/12.2.0/client_1/oci/lib/MSVC/OCI.LIB" -lx64-ucrt-ruby340 "C:/Ora64/product/12.2.0/client_1/oci/lib/MSVC/OCI.LIB" -lshell32 -lws2_32 -liphlpapi -limagehlp -lshlwapi -lbcrypt  "
conftest.c: In function 't':
conftest.c:17:57: error: 'dladdr' undeclared (first use in this function); did you mean 'h_addr'?
   17 | int t(void) { void ((*volatile p)()); p = (void ((*)()))dladdr; return !p; }
      |                                                         ^~~~~~
      |                                                         h_addr
conftest.c:17:57: note: each undeclared identifier is reported only once for each function it appears in
checked program was:
/* begin */
 1: #include "ruby.h"
 2: 
 3: #include <winsock2.h>
 4: #include <windows.h>
 5: 
 6: /*top*/
 7: extern int t(void);
 8: int main(int argc, char **argv)
 9: {
10:   if (argc > 1000000) {
11:     int (* volatile tp)(void)=(int (*)(void))&t;
12:     printf("%d", (*tp)());
13:   }
14: 
15:   return !!argv[argc];
16: }
17: int t(void) { void ((*volatile p)()); p = (void ((*)()))dladdr; return !p; }
/* end */

PATH=".;C:/Ruby34-x64/lib;C:\Ruby34-x64\bin;C:\Ruby34-x64\msys64\ucrt64\bin;C:\Ruby34-x64\msys64\usr\bin;C:\Program Files\WindowsApps\Microsoft.PowerShell_7.6.5.0_x64__8wekyb3d8bbwe;C:\Ruby34-x64\bin;C:\Program Files\OpenSSH\;C:\Oracle\product\12.2.0\client_2\bin;C:\Ora64\product\12.2.0\client_1\bin;C:\Windows\system32;C:\Windows;C:\Windows\System32\Wbem;C:\Windows\System32\WindowsPowerShell\v1.0\;C:\Windows\System32\OpenSSH\;C:\Program Files\dotnet\;c:\cygwin64\bin;c:\cygwin64\sbin;c:\cygwin64\usr\sbin;C:\mut\80道具\PSTools;C;\Program Files\avs\bin;C:\Program Files\avs\bin32;C:\Program Files\PuTTY\;C:\Program Files\Microsoft SQL Server\150\Tools\Binn\;C:\Program Files\Microsoft SQL Server\Client SDK\ODBC\170\Tools\Binn\;C:\Program Files (x86)\Windows Kits\10\Windows Performance Toolkit\;C:\Program Files\7-Zip;C:\Program Files\Git\cmd;C:\Ruby40-x64\sqlite3;C:\Users\m002831\AppData\Local\Programs\Python\Python314\Scripts\;C:\Users\m002831\AppData\Local\Programs\Python\Python314\;C:\Users\m002831\bin;C:\Oracle\bin;C:\Users\m002831\AppData\Local\Microsoft\WindowsApps;C:\Program Files (x86)\Nmap;C:\mut\80道具;C:\Users\m002831\.dotnet\tools;C:\Users\m002831\AppData\Local\Programs\Microsoft VS Code\bin" ASAN_OPTIONS=detect_leaks=0 "gcc -o conftest.exe -IC:/Ruby34-x64/include/ruby-3.4.0/x64-mingw-ucrt -IC:/Ruby34-x64/include/ruby-3.4.0/ruby/backward -IC:/Ruby34-x64/include/ruby-3.4.0 -I. -D_WIN32_WINNT=0x0600 -D__MINGW_USE_VC2005_COMPAT -D_FILE_OFFSET_BITS=64  -O3 -fstack-protector-strong "-IC:/Ora64/product/12.2.0/client_1/OCI/INCLUDE" -D_int64="long long" -Wall conftest.c -L. -LC:/Ruby34-x64/lib -L. -pipe -s -fstack-protector-strong -lpthread -Wl,--no-as-needed    "C:/Ora64/product/12.2.0/client_1/oci/lib/MSVC/OCI.LIB" -lx64-ucrt-ruby340 "C:/Ora64/product/12.2.0/client_1/oci/lib/MSVC/OCI.LIB" -lshell32 -lws2_32 -liphlpapi -limagehlp -lshlwapi -lbcrypt  "
C:/Ruby34-x64/msys64/ucrt64/bin/../lib/gcc/x86_64-w64-mingw32/16.1.0/../../../../x86_64-w64-mingw32/bin/ld.exe: C:\Users\m002831\AppData\Local\Temp\ccArdSFQ.o:conftest.c:(.text+0x5): undefined reference to `dladdr'
collect2.exe: error: ld returned 1 exit status
checked program was:
/* begin */
 1: #include "ruby.h"
 2: 
 3: #include <winsock2.h>
 4: #include <windows.h>
 5: 
 6: /*top*/
 7: extern int t(void);
 8: int main(int argc, char **argv)
 9: {
10:   if (argc > 1000000) {
11:     int (* volatile tp)(void)=(int (*)(void))&t;
12:     printf("%d", (*tp)());
13:   }
14: 
15:   return !!argv[argc];
16: }
17: extern void dladdr();
18: int t(void) { dladdr(); return 0; }
/* end */

--------------------

have_func: checking for dlmodinfo()... -------------------- no

PATH=".;C:/Ruby34-x64/lib;C:\Ruby34-x64\bin;C:\Ruby34-x64\msys64\ucrt64\bin;C:\Ruby34-x64\msys64\usr\bin;C:\Program Files\WindowsApps\Microsoft.PowerShell_7.6.5.0_x64__8wekyb3d8bbwe;C:\Ruby34-x64\bin;C:\Program Files\OpenSSH\;C:\Oracle\product\12.2.0\client_2\bin;C:\Ora64\product\12.2.0\client_1\bin;C:\Windows\system32;C:\Windows;C:\Windows\System32\Wbem;C:\Windows\System32\WindowsPowerShell\v1.0\;C:\Windows\System32\OpenSSH\;C:\Program Files\dotnet\;c:\cygwin64\bin;c:\cygwin64\sbin;c:\cygwin64\usr\sbin;C:\mut\80道具\PSTools;C;\Program Files\avs\bin;C:\Program Files\avs\bin32;C:\Program Files\PuTTY\;C:\Program Files\Microsoft SQL Server\150\Tools\Binn\;C:\Program Files\Microsoft SQL Server\Client SDK\ODBC\170\Tools\Binn\;C:\Program Files (x86)\Windows Kits\10\Windows Performance Toolkit\;C:\Program Files\7-Zip;C:\Program Files\Git\cmd;C:\Ruby40-x64\sqlite3;C:\Users\m002831\AppData\Local\Programs\Python\Python314\Scripts\;C:\Users\m002831\AppData\Local\Programs\Python\Python314\;C:\Users\m002831\bin;C:\Oracle\bin;C:\Users\m002831\AppData\Local\Microsoft\WindowsApps;C:\Program Files (x86)\Nmap;C:\mut\80道具;C:\Users\m002831\.dotnet\tools;C:\Users\m002831\AppData\Local\Programs\Microsoft VS Code\bin" ASAN_OPTIONS=detect_leaks=0 "gcc -o conftest.exe -IC:/Ruby34-x64/include/ruby-3.4.0/x64-mingw-ucrt -IC:/Ruby34-x64/include/ruby-3.4.0/ruby/backward -IC:/Ruby34-x64/include/ruby-3.4.0 -I. -D_WIN32_WINNT=0x0600 -D__MINGW_USE_VC2005_COMPAT -D_FILE_OFFSET_BITS=64  -O3 -fstack-protector-strong "-IC:/Ora64/product/12.2.0/client_1/OCI/INCLUDE" -D_int64="long long" -Wall conftest.c -L. -LC:/Ruby34-x64/lib -L. -pipe -s -fstack-protector-strong -lpthread -Wl,--no-as-needed    "C:/Ora64/product/12.2.0/client_1/oci/lib/MSVC/OCI.LIB" -lx64-ucrt-ruby340 "C:/Ora64/product/12.2.0/client_1/oci/lib/MSVC/OCI.LIB" -lshell32 -lws2_32 -liphlpapi -limagehlp -lshlwapi -lbcrypt  "
conftest.c: In function 't':
conftest.c:17:57: error: 'dlmodinfo' undeclared (first use in this function)
   17 | int t(void) { void ((*volatile p)()); p = (void ((*)()))dlmodinfo; return !p; }
      |                                                         ^~~~~~~~~
conftest.c:17:57: note: each undeclared identifier is reported only once for each function it appears in
checked program was:
/* begin */
 1: #include "ruby.h"
 2: 
 3: #include <winsock2.h>
 4: #include <windows.h>
 5: 
 6: /*top*/
 7: extern int t(void);
 8: int main(int argc, char **argv)
 9: {
10:   if (argc > 1000000) {
11:     int (* volatile tp)(void)=(int (*)(void))&t;
12:     printf("%d", (*tp)());
13:   }
14: 
15:   return !!argv[argc];
16: }
17: int t(void) { void ((*volatile p)()); p = (void ((*)()))dlmodinfo; return !p; }
/* end */

PATH=".;C:/Ruby34-x64/lib;C:\Ruby34-x64\bin;C:\Ruby34-x64\msys64\ucrt64\bin;C:\Ruby34-x64\msys64\usr\bin;C:\Program Files\WindowsApps\Microsoft.PowerShell_7.6.5.0_x64__8wekyb3d8bbwe;C:\Ruby34-x64\bin;C:\Program Files\OpenSSH\;C:\Oracle\product\12.2.0\client_2\bin;C:\Ora64\product\12.2.0\client_1\bin;C:\Windows\system32;C:\Windows;C:\Windows\System32\Wbem;C:\Windows\System32\WindowsPowerShell\v1.0\;C:\Windows\System32\OpenSSH\;C:\Program Files\dotnet\;c:\cygwin64\bin;c:\cygwin64\sbin;c:\cygwin64\usr\sbin;C:\mut\80道具\PSTools;C;\Program Files\avs\bin;C:\Program Files\avs\bin32;C:\Program Files\PuTTY\;C:\Program Files\Microsoft SQL Server\150\Tools\Binn\;C:\Program Files\Microsoft SQL Server\Client SDK\ODBC\170\Tools\Binn\;C:\Program Files (x86)\Windows Kits\10\Windows Performance Toolkit\;C:\Program Files\7-Zip;C:\Program Files\Git\cmd;C:\Ruby40-x64\sqlite3;C:\Users\m002831\AppData\Local\Programs\Python\Python314\Scripts\;C:\Users\m002831\AppData\Local\Programs\Python\Python314\;C:\Users\m002831\bin;C:\Oracle\bin;C:\Users\m002831\AppData\Local\Microsoft\WindowsApps;C:\Program Files (x86)\Nmap;C:\mut\80道具;C:\Users\m002831\.dotnet\tools;C:\Users\m002831\AppData\Local\Programs\Microsoft VS Code\bin" ASAN_OPTIONS=detect_leaks=0 "gcc -o conftest.exe -IC:/Ruby34-x64/include/ruby-3.4.0/x64-mingw-ucrt -IC:/Ruby34-x64/include/ruby-3.4.0/ruby/backward -IC:/Ruby34-x64/include/ruby-3.4.0 -I. -D_WIN32_WINNT=0x0600 -D__MINGW_USE_VC2005_COMPAT -D_FILE_OFFSET_BITS=64  -O3 -fstack-protector-strong "-IC:/Ora64/product/12.2.0/client_1/OCI/INCLUDE" -D_int64="long long" -Wall conftest.c -L. -LC:/Ruby34-x64/lib -L. -pipe -s -fstack-protector-strong -lpthread -Wl,--no-as-needed    "C:/Ora64/product/12.2.0/client_1/oci/lib/MSVC/OCI.LIB" -lx64-ucrt-ruby340 "C:/Ora64/product/12.2.0/client_1/oci/lib/MSVC/OCI.LIB" -lshell32 -lws2_32 -liphlpapi -limagehlp -lshlwapi -lbcrypt  "
C:/Ruby34-x64/msys64/ucrt64/bin/../lib/gcc/x86_64-w64-mingw32/16.1.0/../../../../x86_64-w64-mingw32/bin/ld.exe: C:\Users\m002831\AppData\Local\Temp\cc4zZsOO.o:conftest.c:(.text+0x5): undefined reference to `dlmodinfo'
collect2.exe: error: ld returned 1 exit status
checked program was:
/* begin */
 1: #include "ruby.h"
 2: 
 3: #include <winsock2.h>
 4: #include <windows.h>
 5: 
 6: /*top*/
 7: extern int t(void);
 8: int main(int argc, char **argv)
 9: {
10:   if (argc > 1000000) {
11:     int (* volatile tp)(void)=(int (*)(void))&t;
12:     printf("%d", (*tp)());
13:   }
14: 
15:   return !!argv[argc];
16: }
17: extern void dlmodinfo();
18: int t(void) { dlmodinfo(); return 0; }
/* end */

--------------------

have_func: checking for dlgetname()... -------------------- no

PATH=".;C:/Ruby34-x64/lib;C:\Ruby34-x64\bin;C:\Ruby34-x64\msys64\ucrt64\bin;C:\Ruby34-x64\msys64\usr\bin;C:\Program Files\WindowsApps\Microsoft.PowerShell_7.6.5.0_x64__8wekyb3d8bbwe;C:\Ruby34-x64\bin;C:\Program Files\OpenSSH\;C:\Oracle\product\12.2.0\client_2\bin;C:\Ora64\product\12.2.0\client_1\bin;C:\Windows\system32;C:\Windows;C:\Windows\System32\Wbem;C:\Windows\System32\WindowsPowerShell\v1.0\;C:\Windows\System32\OpenSSH\;C:\Program Files\dotnet\;c:\cygwin64\bin;c:\cygwin64\sbin;c:\cygwin64\usr\sbin;C:\mut\80道具\PSTools;C;\Program Files\avs\bin;C:\Program Files\avs\bin32;C:\Program Files\PuTTY\;C:\Program Files\Microsoft SQL Server\150\Tools\Binn\;C:\Program Files\Microsoft SQL Server\Client SDK\ODBC\170\Tools\Binn\;C:\Program Files (x86)\Windows Kits\10\Windows Performance Toolkit\;C:\Program Files\7-Zip;C:\Program Files\Git\cmd;C:\Ruby40-x64\sqlite3;C:\Users\m002831\AppData\Local\Programs\Python\Python314\Scripts\;C:\Users\m002831\AppData\Local\Programs\Python\Python314\;C:\Users\m002831\bin;C:\Oracle\bin;C:\Users\m002831\AppData\Local\Microsoft\WindowsApps;C:\Program Files (x86)\Nmap;C:\mut\80道具;C:\Users\m002831\.dotnet\tools;C:\Users\m002831\AppData\Local\Programs\Microsoft VS Code\bin" ASAN_OPTIONS=detect_leaks=0 "gcc -o conftest.exe -IC:/Ruby34-x64/include/ruby-3.4.0/x64-mingw-ucrt -IC:/Ruby34-x64/include/ruby-3.4.0/ruby/backward -IC:/Ruby34-x64/include/ruby-3.4.0 -I. -D_WIN32_WINNT=0x0600 -D__MINGW_USE_VC2005_COMPAT -D_FILE_OFFSET_BITS=64  -O3 -fstack-protector-strong "-IC:/Ora64/product/12.2.0/client_1/OCI/INCLUDE" -D_int64="long long" -Wall conftest.c -L. -LC:/Ruby34-x64/lib -L. -pipe -s -fstack-protector-strong -lpthread -Wl,--no-as-needed    "C:/Ora64/product/12.2.0/client_1/oci/lib/MSVC/OCI.LIB" -lx64-ucrt-ruby340 "C:/Ora64/product/12.2.0/client_1/oci/lib/MSVC/OCI.LIB" -lshell32 -lws2_32 -liphlpapi -limagehlp -lshlwapi -lbcrypt  "
conftest.c: In function 't':
conftest.c:17:57: error: 'dlgetname' undeclared (first use in this function)
   17 | int t(void) { void ((*volatile p)()); p = (void ((*)()))dlgetname; return !p; }
      |                                                         ^~~~~~~~~
conftest.c:17:57: note: each undeclared identifier is reported only once for each function it appears in
checked program was:
/* begin */
 1: #include "ruby.h"
 2: 
 3: #include <winsock2.h>
 4: #include <windows.h>
 5: 
 6: /*top*/
 7: extern int t(void);
 8: int main(int argc, char **argv)
 9: {
10:   if (argc > 1000000) {
11:     int (* volatile tp)(void)=(int (*)(void))&t;
12:     printf("%d", (*tp)());
13:   }
14: 
15:   return !!argv[argc];
16: }
17: int t(void) { void ((*volatile p)()); p = (void ((*)()))dlgetname; return !p; }
/* end */

PATH=".;C:/Ruby34-x64/lib;C:\Ruby34-x64\bin;C:\Ruby34-x64\msys64\ucrt64\bin;C:\Ruby34-x64\msys64\usr\bin;C:\Program Files\WindowsApps\Microsoft.PowerShell_7.6.5.0_x64__8wekyb3d8bbwe;C:\Ruby34-x64\bin;C:\Program Files\OpenSSH\;C:\Oracle\product\12.2.0\client_2\bin;C:\Ora64\product\12.2.0\client_1\bin;C:\Windows\system32;C:\Windows;C:\Windows\System32\Wbem;C:\Windows\System32\WindowsPowerShell\v1.0\;C:\Windows\System32\OpenSSH\;C:\Program Files\dotnet\;c:\cygwin64\bin;c:\cygwin64\sbin;c:\cygwin64\usr\sbin;C:\mut\80道具\PSTools;C;\Program Files\avs\bin;C:\Program Files\avs\bin32;C:\Program Files\PuTTY\;C:\Program Files\Microsoft SQL Server\150\Tools\Binn\;C:\Program Files\Microsoft SQL Server\Client SDK\ODBC\170\Tools\Binn\;C:\Program Files (x86)\Windows Kits\10\Windows Performance Toolkit\;C:\Program Files\7-Zip;C:\Program Files\Git\cmd;C:\Ruby40-x64\sqlite3;C:\Users\m002831\AppData\Local\Programs\Python\Python314\Scripts\;C:\Users\m002831\AppData\Local\Programs\Python\Python314\;C:\Users\m002831\bin;C:\Oracle\bin;C:\Users\m002831\AppData\Local\Microsoft\WindowsApps;C:\Program Files (x86)\Nmap;C:\mut\80道具;C:\Users\m002831\.dotnet\tools;C:\Users\m002831\AppData\Local\Programs\Microsoft VS Code\bin" ASAN_OPTIONS=detect_leaks=0 "gcc -o conftest.exe -IC:/Ruby34-x64/include/ruby-3.4.0/x64-mingw-ucrt -IC:/Ruby34-x64/include/ruby-3.4.0/ruby/backward -IC:/Ruby34-x64/include/ruby-3.4.0 -I. -D_WIN32_WINNT=0x0600 -D__MINGW_USE_VC2005_COMPAT -D_FILE_OFFSET_BITS=64  -O3 -fstack-protector-strong "-IC:/Ora64/product/12.2.0/client_1/OCI/INCLUDE" -D_int64="long long" -Wall conftest.c -L. -LC:/Ruby34-x64/lib -L. -pipe -s -fstack-protector-strong -lpthread -Wl,--no-as-needed    "C:/Ora64/product/12.2.0/client_1/oci/lib/MSVC/OCI.LIB" -lx64-ucrt-ruby340 "C:/Ora64/product/12.2.0/client_1/oci/lib/MSVC/OCI.LIB" -lshell32 -lws2_32 -liphlpapi -limagehlp -lshlwapi -lbcrypt  "
C:/Ruby34-x64/msys64/ucrt64/bin/../lib/gcc/x86_64-w64-mingw32/16.1.0/../../../../x86_64-w64-mingw32/bin/ld.exe: C:\Users\m002831\AppData\Local\Temp\cciMUWrM.o:conftest.c:(.text+0x5): undefined reference to `dlgetname'
collect2.exe: error: ld returned 1 exit status
checked program was:
/* begin */
 1: #include "ruby.h"
 2: 
 3: #include <winsock2.h>
 4: #include <windows.h>
 5: 
 6: /*top*/
 7: extern int t(void);
 8: int main(int argc, char **argv)
 9: {
10:   if (argc > 1000000) {
11:     int (* volatile tp)(void)=(int (*)(void))&t;
12:     printf("%d", (*tp)());
13:   }
14: 
15:   return !!argv[argc];
16: }
17: extern void dlgetname();
18: int t(void) { dlgetname(); return 0; }
/* end */

--------------------

have_header: checking for ruby/thread.h... -------------------- yes

PATH=".;C:/Ruby34-x64/lib;C:\Ruby34-x64\bin;C:\Ruby34-x64\msys64\ucrt64\bin;C:\Ruby34-x64\msys64\usr\bin;C:\Program Files\WindowsApps\Microsoft.PowerShell_7.6.5.0_x64__8wekyb3d8bbwe;C:\Ruby34-x64\bin;C:\Program Files\OpenSSH\;C:\Oracle\product\12.2.0\client_2\bin;C:\Ora64\product\12.2.0\client_1\bin;C:\Windows\system32;C:\Windows;C:\Windows\System32\Wbem;C:\Windows\System32\WindowsPowerShell\v1.0\;C:\Windows\System32\OpenSSH\;C:\Program Files\dotnet\;c:\cygwin64\bin;c:\cygwin64\sbin;c:\cygwin64\usr\sbin;C:\mut\80道具\PSTools;C;\Program Files\avs\bin;C:\Program Files\avs\bin32;C:\Program Files\PuTTY\;C:\Program Files\Microsoft SQL Server\150\Tools\Binn\;C:\Program Files\Microsoft SQL Server\Client SDK\ODBC\170\Tools\Binn\;C:\Program Files (x86)\Windows Kits\10\Windows Performance Toolkit\;C:\Program Files\7-Zip;C:\Program Files\Git\cmd;C:\Ruby40-x64\sqlite3;C:\Users\m002831\AppData\Local\Programs\Python\Python314\Scripts\;C:\Users\m002831\AppData\Local\Programs\Python\Python314\;C:\Users\m002831\bin;C:\Oracle\bin;C:\Users\m002831\AppData\Local\Microsoft\WindowsApps;C:\Program Files (x86)\Nmap;C:\mut\80道具;C:\Users\m002831\.dotnet\tools;C:\Users\m002831\AppData\Local\Programs\Microsoft VS Code\bin" ASAN_OPTIONS=detect_leaks=0 "gcc -IC:/Ruby34-x64/include/ruby-3.4.0/x64-mingw-ucrt -IC:/Ruby34-x64/include/ruby-3.4.0/ruby/backward -IC:/Ruby34-x64/include/ruby-3.4.0 -I. -D_WIN32_WINNT=0x0600 -D__MINGW_USE_VC2005_COMPAT -D_FILE_OFFSET_BITS=64  -O3 -fstack-protector-strong "-IC:/Ora64/product/12.2.0/client_1/OCI/INCLUDE" -D_int64="long long" -Wall   -c conftest.c"
checked program was:
/* begin */
1: #include "ruby.h"
2: 
3: #include <winsock2.h>
4: #include <windows.h>
5: #include <ruby/thread.h>
/* end */

--------------------

have_func: checking for rb_class_superclass() in ruby.h... -------------------- yes

PATH=".;C:/Ruby34-x64/lib;C:\Ruby34-x64\bin;C:\Ruby34-x64\msys64\ucrt64\bin;C:\Ruby34-x64\msys64\usr\bin;C:\Program Files\WindowsApps\Microsoft.PowerShell_7.6.5.0_x64__8wekyb3d8bbwe;C:\Ruby34-x64\bin;C:\Program Files\OpenSSH\;C:\Oracle\product\12.2.0\client_2\bin;C:\Ora64\product\12.2.0\client_1\bin;C:\Windows\system32;C:\Windows;C:\Windows\System32\Wbem;C:\Windows\System32\WindowsPowerShell\v1.0\;C:\Windows\System32\OpenSSH\;C:\Program Files\dotnet\;c:\cygwin64\bin;c:\cygwin64\sbin;c:\cygwin64\usr\sbin;C:\mut\80道具\PSTools;C;\Program Files\avs\bin;C:\Program Files\avs\bin32;C:\Program Files\PuTTY\;C:\Program Files\Microsoft SQL Server\150\Tools\Binn\;C:\Program Files\Microsoft SQL Server\Client SDK\ODBC\170\Tools\Binn\;C:\Program Files (x86)\Windows Kits\10\Windows Performance Toolkit\;C:\Program Files\7-Zip;C:\Program Files\Git\cmd;C:\Ruby40-x64\sqlite3;C:\Users\m002831\AppData\Local\Programs\Python\Python314\Scripts\;C:\Users\m002831\AppData\Local\Programs\Python\Python314\;C:\Users\m002831\bin;C:\Oracle\bin;C:\Users\m002831\AppData\Local\Microsoft\WindowsApps;C:\Program Files (x86)\Nmap;C:\mut\80道具;C:\Users\m002831\.dotnet\tools;C:\Users\m002831\AppData\Local\Programs\Microsoft VS Code\bin" ASAN_OPTIONS=detect_leaks=0 "gcc -o conftest.exe -IC:/Ruby34-x64/include/ruby-3.4.0/x64-mingw-ucrt -IC:/Ruby34-x64/include/ruby-3.4.0/ruby/backward -IC:/Ruby34-x64/include/ruby-3.4.0 -I. -D_WIN32_WINNT=0x0600 -D__MINGW_USE_VC2005_COMPAT -D_FILE_OFFSET_BITS=64  -O3 -fstack-protector-strong "-IC:/Ora64/product/12.2.0/client_1/OCI/INCLUDE" -D_int64="long long" -Wall conftest.c -L. -LC:/Ruby34-x64/lib -L. -pipe -s -fstack-protector-strong -lpthread -Wl,--no-as-needed    "C:/Ora64/product/12.2.0/client_1/oci/lib/MSVC/OCI.LIB" -lx64-ucrt-ruby340 "C:/Ora64/product/12.2.0/client_1/oci/lib/MSVC/OCI.LIB" -lshell32 -lws2_32 -liphlpapi -limagehlp -lshlwapi -lbcrypt  "
checked program was:
/* begin */
 1: #include "ruby.h"
 2: 
 3: #include <winsock2.h>
 4: #include <windows.h>
 5: #include <ruby.h>
 6: 
 7: /*top*/
 8: extern int t(void);
 9: int main(int argc, char **argv)
10: {
11:   if (argc > 1000000) {
12:     int (* volatile tp)(void)=(int (*)(void))&t;
13:     printf("%d", (*tp)());
14:   }
15: 
16:   return !!argv[argc];
17: }
18: int t(void) { void ((*volatile p)()); p = (void ((*)()))rb_class_superclass; return !p; }
/* end */

--------------------

have_func: checking for rb_thread_call_without_gvl() in ruby/thread.h... -------------------- yes

PATH=".;C:/Ruby34-x64/lib;C:\Ruby34-x64\bin;C:\Ruby34-x64\msys64\ucrt64\bin;C:\Ruby34-x64\msys64\usr\bin;C:\Program Files\WindowsApps\Microsoft.PowerShell_7.6.5.0_x64__8wekyb3d8bbwe;C:\Ruby34-x64\bin;C:\Program Files\OpenSSH\;C:\Oracle\product\12.2.0\client_2\bin;C:\Ora64\product\12.2.0\client_1\bin;C:\Windows\system32;C:\Windows;C:\Windows\System32\Wbem;C:\Windows\System32\WindowsPowerShell\v1.0\;C:\Windows\System32\OpenSSH\;C:\Program Files\dotnet\;c:\cygwin64\bin;c:\cygwin64\sbin;c:\cygwin64\usr\sbin;C:\mut\80道具\PSTools;C;\Program Files\avs\bin;C:\Program Files\avs\bin32;C:\Program Files\PuTTY\;C:\Program Files\Microsoft SQL Server\150\Tools\Binn\;C:\Program Files\Microsoft SQL Server\Client SDK\ODBC\170\Tools\Binn\;C:\Program Files (x86)\Windows Kits\10\Windows Performance Toolkit\;C:\Program Files\7-Zip;C:\Program Files\Git\cmd;C:\Ruby40-x64\sqlite3;C:\Users\m002831\AppData\Local\Programs\Python\Python314\Scripts\;C:\Users\m002831\AppData\Local\Programs\Python\Python314\;C:\Users\m002831\bin;C:\Oracle\bin;C:\Users\m002831\AppData\Local\Microsoft\WindowsApps;C:\Program Files (x86)\Nmap;C:\mut\80道具;C:\Users\m002831\.dotnet\tools;C:\Users\m002831\AppData\Local\Programs\Microsoft VS Code\bin" ASAN_OPTIONS=detect_leaks=0 "gcc -o conftest.exe -IC:/Ruby34-x64/include/ruby-3.4.0/x64-mingw-ucrt -IC:/Ruby34-x64/include/ruby-3.4.0/ruby/backward -IC:/Ruby34-x64/include/ruby-3.4.0 -I. -D_WIN32_WINNT=0x0600 -D__MINGW_USE_VC2005_COMPAT -D_FILE_OFFSET_BITS=64  -O3 -fstack-protector-strong "-IC:/Ora64/product/12.2.0/client_1/OCI/INCLUDE" -D_int64="long long" -Wall conftest.c -L. -LC:/Ruby34-x64/lib -L. -pipe -s -fstack-protector-strong -lpthread -Wl,--no-as-needed    "C:/Ora64/product/12.2.0/client_1/oci/lib/MSVC/OCI.LIB" -lx64-ucrt-ruby340 "C:/Ora64/product/12.2.0/client_1/oci/lib/MSVC/OCI.LIB" -lshell32 -lws2_32 -liphlpapi -limagehlp -lshlwapi -lbcrypt  "
checked program was:
/* begin */
 1: #include "ruby.h"
 2: 
 3: #include <winsock2.h>
 4: #include <windows.h>
 5: #include <ruby/thread.h>
 6: 
 7: /*top*/
 8: extern int t(void);
 9: int main(int argc, char **argv)
10: {
11:   if (argc > 1000000) {
12:     int (* volatile tp)(void)=(int (*)(void))&t;
13:     printf("%d", (*tp)());
14:   }
15: 
16:   return !!argv[argc];
17: }
18: int t(void) { void ((*volatile p)()); p = (void ((*)()))rb_thread_call_without_gvl; return !p; }
/* end */

--------------------

have_func: checking for rb_sym2str() in ruby.h... -------------------- yes

PATH=".;C:/Ruby34-x64/lib;C:\Ruby34-x64\bin;C:\Ruby34-x64\msys64\ucrt64\bin;C:\Ruby34-x64\msys64\usr\bin;C:\Program Files\WindowsApps\Microsoft.PowerShell_7.6.5.0_x64__8wekyb3d8bbwe;C:\Ruby34-x64\bin;C:\Program Files\OpenSSH\;C:\Oracle\product\12.2.0\client_2\bin;C:\Ora64\product\12.2.0\client_1\bin;C:\Windows\system32;C:\Windows;C:\Windows\System32\Wbem;C:\Windows\System32\WindowsPowerShell\v1.0\;C:\Windows\System32\OpenSSH\;C:\Program Files\dotnet\;c:\cygwin64\bin;c:\cygwin64\sbin;c:\cygwin64\usr\sbin;C:\mut\80道具\PSTools;C;\Program Files\avs\bin;C:\Program Files\avs\bin32;C:\Program Files\PuTTY\;C:\Program Files\Microsoft SQL Server\150\Tools\Binn\;C:\Program Files\Microsoft SQL Server\Client SDK\ODBC\170\Tools\Binn\;C:\Program Files (x86)\Windows Kits\10\Windows Performance Toolkit\;C:\Program Files\7-Zip;C:\Program Files\Git\cmd;C:\Ruby40-x64\sqlite3;C:\Users\m002831\AppData\Local\Programs\Python\Python314\Scripts\;C:\Users\m002831\AppData\Local\Programs\Python\Python314\;C:\Users\m002831\bin;C:\Oracle\bin;C:\Users\m002831\AppData\Local\Microsoft\WindowsApps;C:\Program Files (x86)\Nmap;C:\mut\80道具;C:\Users\m002831\.dotnet\tools;C:\Users\m002831\AppData\Local\Programs\Microsoft VS Code\bin" ASAN_OPTIONS=detect_leaks=0 "gcc -o conftest.exe -IC:/Ruby34-x64/include/ruby-3.4.0/x64-mingw-ucrt -IC:/Ruby34-x64/include/ruby-3.4.0/ruby/backward -IC:/Ruby34-x64/include/ruby-3.4.0 -I. -D_WIN32_WINNT=0x0600 -D__MINGW_USE_VC2005_COMPAT -D_FILE_OFFSET_BITS=64  -O3 -fstack-protector-strong "-IC:/Ora64/product/12.2.0/client_1/OCI/INCLUDE" -D_int64="long long" -Wall conftest.c -L. -LC:/Ruby34-x64/lib -L. -pipe -s -fstack-protector-strong -lpthread -Wl,--no-as-needed    "C:/Ora64/product/12.2.0/client_1/oci/lib/MSVC/OCI.LIB" -lx64-ucrt-ruby340 "C:/Ora64/product/12.2.0/client_1/oci/lib/MSVC/OCI.LIB" -lshell32 -lws2_32 -liphlpapi -limagehlp -lshlwapi -lbcrypt  "
checked program was:
/* begin */
 1: #include "ruby.h"
 2: 
 3: #include <winsock2.h>
 4: #include <windows.h>
 5: #include <ruby.h>
 6: 
 7: /*top*/
 8: extern int t(void);
 9: int main(int argc, char **argv)
10: {
11:   if (argc > 1000000) {
12:     int (* volatile tp)(void)=(int (*)(void))&t;
13:     printf("%d", (*tp)());
14:   }
15: 
16:   return !!argv[argc];
17: }
18: int t(void) { void ((*volatile p)()); p = (void ((*)()))rb_sym2str; return !p; }
/* end */

--------------------

PATH=".;C:/Ruby34-x64/lib;C:\Ruby34-x64\bin;C:\Ruby34-x64\msys64\ucrt64\bin;C:\Ruby34-x64\msys64\usr\bin;C:\Program Files\WindowsApps\Microsoft.PowerShell_7.6.5.0_x64__8wekyb3d8bbwe;C:\Ruby34-x64\bin;C:\Program Files\OpenSSH\;C:\Oracle\product\12.2.0\client_2\bin;C:\Ora64\product\12.2.0\client_1\bin;C:\Windows\system32;C:\Windows;C:\Windows\System32\Wbem;C:\Windows\System32\WindowsPowerShell\v1.0\;C:\Windows\System32\OpenSSH\;C:\Program Files\dotnet\;c:\cygwin64\bin;c:\cygwin64\sbin;c:\cygwin64\usr\sbin;C:\mut\80道具\PSTools;C;\Program Files\avs\bin;C:\Program Files\avs\bin32;C:\Program Files\PuTTY\;C:\Program Files\Microsoft SQL Server\150\Tools\Binn\;C:\Program Files\Microsoft SQL Server\Client SDK\ODBC\170\Tools\Binn\;C:\Program Files (x86)\Windows Kits\10\Windows Performance Toolkit\;C:\Program Files\7-Zip;C:\Program Files\Git\cmd;C:\Ruby40-x64\sqlite3;C:\Users\m002831\AppData\Local\Programs\Python\Python314\Scripts\;C:\Users\m002831\AppData\Local\Programs\Python\Python314\;C:\Users\m002831\bin;C:\Oracle\bin;C:\Users\m002831\AppData\Local\Microsoft\WindowsApps;C:\Program Files (x86)\Nmap;C:\mut\80道具;C:\Users\m002831\.dotnet\tools;C:\Users\m002831\AppData\Local\Programs\Microsoft VS Code\bin" ASAN_OPTIONS=detect_leaks=0 "gcc -IC:/Ruby34-x64/include/ruby-3.4.0/x64-mingw-ucrt -IC:/Ruby34-x64/include/ruby-3.4.0/ruby/backward -IC:/Ruby34-x64/include/ruby-3.4.0 -I. -D_WIN32_WINNT=0x0600 -D__MINGW_USE_VC2005_COMPAT -D_FILE_OFFSET_BITS=64  -O3 -fstack-protector-strong "-IC:/Ora64/product/12.2.0/client_1/OCI/INCLUDE" -D_int64="long long" -Wall   -c conftest.c"
extconf.h is:
/* begin */
 1: #ifndef EXTCONF_H
 2: #define EXTCONF_H
 3: #define HAVE_SYS_TYPES_H 1
 4: #define HAVE_OCIENVCREATE 1
 5: #define ORACLE_CLIENT_VERSION 0x0c200000
 6: #define USE_WIN32_C 1
 7: #define HAVE_LOCALTIME_R 1
 8: #define HAVE_RUBY_THREAD_H 1
 9: #define HAVE_RB_CLASS_SUPERCLASS 1
10: #define HAVE_RB_THREAD_CALL_WITHOUT_GVL 1
11: #define HAVE_RB_SYM2STR 1
12: #define HAVE_PLTHOOK 1
13: #define Init_oci8lib Init_oci8lib_340
14: #define oci8lib oci8lib_340
15: #define OCI8LIB_VERSION "2.2.14"
16: #endif
/* end */

