current directory: d:/shahanrb/ruby/3.4.0/gems/msgpack-1.8.4/ext/msgpack
C:/Ruby34-x64/bin/ruby.exe extconf.rb
checking for rb_enc_interned_str() in ruby.h... yes
checking for rb_hash_new_capa() in ruby.h... yes
checking for rb_proc_call_with_block() in ruby.h... yes
checking for rb_gc_mark_locations() in ruby.h... yes
checking for whether -fvisibility=hidden is accepted as CFLAGS... yes
checking for whether -I.. is accepted as CFLAGS... yes
checking for whether -Wall is accepted as CFLAGS... yes
checking for whether -std=gnu99 is accepted as CFLAGS... yes
checking for whether -DHASH_ASET_DEDUPE=1 is accepted as CFLAGS... yes
checking for whether -DSTR_UMINUS_DEDUPE_FROZEN=1 is accepted as CFLAGS... yes
creating Makefile

current directory: d:/shahanrb/ruby/3.4.0/gems/msgpack-1.8.4/ext/msgpack
make DESTDIR\= sitearchdir\=./.gem.20260907-17748-fsk76a sitelibdir\=./.gem.20260907-17748-fsk76a clean
make: 警告: ジョブサーバーが利用不可: 今回は -j1 を使います. 親 make ルールに `+' を追加しましょう.

current directory: d:/shahanrb/ruby/3.4.0/gems/msgpack-1.8.4/ext/msgpack
make DESTDIR\= sitearchdir\=./.gem.20260907-17748-fsk76a sitelibdir\=./.gem.20260907-17748-fsk76a
make: 警告: ジョブサーバーが利用不可: 今回は -j1 を使います. 親 make ルールに `+' を追加しましょう.
generating msgpack-x64-mingw-ucrt.def
compiling buffer.c
compiling buffer_class.c
compiling extension_value_class.c
compiling factory_class.c
compiling packer.c
compiling packer_class.c
compiling packer_ext_registry.c
compiling rbinit.c
compiling rmem.c
compiling unpacker.c
compiling unpacker_class.c
compiling unpacker_ext_registry.c
linking shared-object msgpack/msgpack.so

current directory: d:/shahanrb/ruby/3.4.0/gems/msgpack-1.8.4/ext/msgpack
make DESTDIR\= sitearchdir\=./.gem.20260907-17748-fsk76a sitelibdir\=./.gem.20260907-17748-fsk76a install
make: 警告: ジョブサーバーが利用不可: 今回は -j1 を使います. 親 make ルールに `+' を追加しましょう.
/usr/bin/install -c -m 0755 msgpack.so ./.gem.20260907-17748-fsk76a/msgpack

current directory: d:/shahanrb/ruby/3.4.0/gems/msgpack-1.8.4/ext/msgpack
make DESTDIR\= sitearchdir\=./.gem.20260907-17748-fsk76a sitelibdir\=./.gem.20260907-17748-fsk76a clean
make: 警告: ジョブサーバーが利用不可: 今回は -j1 を使います. 親 make ルールに `+' を追加しましょう.
