current directory: d:/shahanrb/ruby/3.4.0/gems/bigdecimal-4.1.2/ext/bigdecimal
C:/Ruby34-x64/bin/ruby.exe extconf.rb
checking for __builtin_clz()... yes
checking for __builtin_clzl()... yes
checking for __builtin_clzll()... yes
checking for float.h... yes
checking for math.h... yes
checking for stdbool.h... yes
checking for stdlib.h... yes
checking for x86intrin.h... yes
checking for _lzcnt_u32() in x86intrin.h... no
checking for _lzcnt_u64() in x86intrin.h... no
checking for intrin.h... yes
checking for __lzcnt() in intrin.h... no
checking for __lzcnt64() in intrin.h... no
checking for _BitScanReverse() in intrin.h... yes
checking for _BitScanReverse64() in intrin.h... yes
checking for ruby/atomic.h... yes
checking for ruby/internal/has/builtin.h... yes
checking for ruby/internal/static_assert.h... yes
checking for rb_complex_real() in ruby.h... yes
checking for rb_complex_imag() in ruby.h... yes
checking for rb_opts_exception_p() in ruby.h... yes
checking for rb_category_warn() in ruby.h... yes
checking for RB_WARN_CATEGORY_DEPRECATED in ruby.h... yes
checking for RUBY_TYPED_EMBEDDABLE in ruby.h... yes
creating Makefile

current directory: d:/shahanrb/ruby/3.4.0/gems/bigdecimal-4.1.2/ext/bigdecimal
make DESTDIR\= sitearchdir\=./.gem.20260907-3816-d7tm0p sitelibdir\=./.gem.20260907-3816-d7tm0p clean
make: 警告: ジョブサーバーが利用不可: 今回は -j1 を使います. 親 make ルールに `+' を追加しましょう.

current directory: d:/shahanrb/ruby/3.4.0/gems/bigdecimal-4.1.2/ext/bigdecimal
make DESTDIR\= sitearchdir\=./.gem.20260907-3816-d7tm0p sitelibdir\=./.gem.20260907-3816-d7tm0p
make: 警告: ジョブサーバーが利用不可: 今回は -j1 を使います. 親 make ルールに `+' を追加しましょう.
generating bigdecimal-x64-mingw-ucrt.def
compiling bigdecimal.c
compiling missing.c
linking shared-object bigdecimal.so

current directory: d:/shahanrb/ruby/3.4.0/gems/bigdecimal-4.1.2/ext/bigdecimal
make DESTDIR\= sitearchdir\=./.gem.20260907-3816-d7tm0p sitelibdir\=./.gem.20260907-3816-d7tm0p install
make: 警告: ジョブサーバーが利用不可: 今回は -j1 を使います. 親 make ルールに `+' を追加しましょう.
/usr/bin/install -c -m 0755 bigdecimal.so ./.gem.20260907-3816-d7tm0p

current directory: d:/shahanrb/ruby/3.4.0/gems/bigdecimal-4.1.2/ext/bigdecimal
make DESTDIR\= sitearchdir\=./.gem.20260907-3816-d7tm0p sitelibdir\=./.gem.20260907-3816-d7tm0p clean
make: 警告: ジョブサーバーが利用不可: 今回は -j1 を使います. 親 make ルールに `+' を追加しましょう.
