have_func: checking for rb_enc_interned_str() in ruby/encoding.h... -------------------- yes

PATH=".;C:/Ruby34-x64/lib;C:\Ruby34-x64\bin;C:\Ruby34-x64\msys64\ucrt64\bin;C:\Ruby34-x64\msys64\usr\bin;C:\Program Files\WindowsApps\Microsoft.PowerShell_7.6.5.0_x64__8wekyb3d8bbwe;C:\Ruby34-x64\bin;C:\Program Files\OpenSSH\;C:\Oracle\product\12.2.0\client_2\bin;C:\Ora64\product\12.2.0\client_1\bin;C:\Windows\system32;C:\Windows;C:\Windows\System32\Wbem;C:\Windows\System32\WindowsPowerShell\v1.0\;C:\Windows\System32\OpenSSH\;C:\Program Files\dotnet\;c:\cygwin64\bin;c:\cygwin64\sbin;c:\cygwin64\usr\sbin;C:\mut\80道具\PSTools;C;\Program Files\avs\bin;C:\Program Files\avs\bin32;C:\Program Files\PuTTY\;C:\Program Files\Microsoft SQL Server\150\Tools\Binn\;C:\Program Files\Microsoft SQL Server\Client SDK\ODBC\170\Tools\Binn\;C:\Program Files (x86)\Windows Kits\10\Windows Performance Toolkit\;C:\Program Files\7-Zip;C:\Program Files\Git\cmd;C:\Ruby40-x64\sqlite3;C:\Users\m002831\AppData\Local\Programs\Python\Python314\Scripts\;C:\Users\m002831\AppData\Local\Programs\Python\Python314\;C:\Users\m002831\bin;C:\Oracle\bin;C:\Users\m002831\AppData\Local\Microsoft\WindowsApps;C:\Program Files (x86)\Nmap;C:\mut\80道具;C:\Users\m002831\.dotnet\tools;C:\Users\m002831\AppData\Local\Programs\Microsoft VS Code\bin" ASAN_OPTIONS=detect_leaks=0 "gcc -o conftest.exe -IC:/Ruby34-x64/include/ruby-3.4.0/x64-mingw-ucrt -IC:/Ruby34-x64/include/ruby-3.4.0/ruby/backward -IC:/Ruby34-x64/include/ruby-3.4.0 -I. -D_WIN32_WINNT=0x0600 -D__MINGW_USE_VC2005_COMPAT -D_FILE_OFFSET_BITS=64  -O3 -fstack-protector-strong conftest.c -L. -LC:/Ruby34-x64/lib -L. -pipe -s -fstack-protector-strong -lpthread -Wl,--no-as-needed     -lx64-ucrt-ruby340  -lshell32 -lws2_32 -liphlpapi -limagehlp -lshlwapi -lbcrypt  "
checked program was:
/* begin */
1: #include "ruby.h"
2: 
3: #include <winsock2.h>
4: #include <windows.h>
5: int main(int argc, char **argv)
6: {
7:   return !!argv[argc];
8: }
/* end */

PATH=".;C:/Ruby34-x64/lib;C:\Ruby34-x64\bin;C:\Ruby34-x64\msys64\ucrt64\bin;C:\Ruby34-x64\msys64\usr\bin;C:\Program Files\WindowsApps\Microsoft.PowerShell_7.6.5.0_x64__8wekyb3d8bbwe;C:\Ruby34-x64\bin;C:\Program Files\OpenSSH\;C:\Oracle\product\12.2.0\client_2\bin;C:\Ora64\product\12.2.0\client_1\bin;C:\Windows\system32;C:\Windows;C:\Windows\System32\Wbem;C:\Windows\System32\WindowsPowerShell\v1.0\;C:\Windows\System32\OpenSSH\;C:\Program Files\dotnet\;c:\cygwin64\bin;c:\cygwin64\sbin;c:\cygwin64\usr\sbin;C:\mut\80道具\PSTools;C;\Program Files\avs\bin;C:\Program Files\avs\bin32;C:\Program Files\PuTTY\;C:\Program Files\Microsoft SQL Server\150\Tools\Binn\;C:\Program Files\Microsoft SQL Server\Client SDK\ODBC\170\Tools\Binn\;C:\Program Files (x86)\Windows Kits\10\Windows Performance Toolkit\;C:\Program Files\7-Zip;C:\Program Files\Git\cmd;C:\Ruby40-x64\sqlite3;C:\Users\m002831\AppData\Local\Programs\Python\Python314\Scripts\;C:\Users\m002831\AppData\Local\Programs\Python\Python314\;C:\Users\m002831\bin;C:\Oracle\bin;C:\Users\m002831\AppData\Local\Microsoft\WindowsApps;C:\Program Files (x86)\Nmap;C:\mut\80道具;C:\Users\m002831\.dotnet\tools;C:\Users\m002831\AppData\Local\Programs\Microsoft VS Code\bin" ASAN_OPTIONS=detect_leaks=0 "gcc -o conftest.exe -IC:/Ruby34-x64/include/ruby-3.4.0/x64-mingw-ucrt -IC:/Ruby34-x64/include/ruby-3.4.0/ruby/backward -IC:/Ruby34-x64/include/ruby-3.4.0 -I. -D_WIN32_WINNT=0x0600 -D__MINGW_USE_VC2005_COMPAT -D_FILE_OFFSET_BITS=64  -O3 -fstack-protector-strong conftest.c -L. -LC:/Ruby34-x64/lib -L. -pipe -s -fstack-protector-strong -lpthread -Wl,--no-as-needed     -lx64-ucrt-ruby340  -lshell32 -lws2_32 -liphlpapi -limagehlp -lshlwapi -lbcrypt  "
checked program was:
/* begin */
 1: #include "ruby.h"
 2: 
 3: #include <winsock2.h>
 4: #include <windows.h>
 5: #include <ruby/encoding.h>
 6: 
 7: /*top*/
 8: extern int t(void);
 9: int main(int argc, char **argv)
10: {
11:   if (argc > 1000000) {
12:     int (* volatile tp)(void)=(int (*)(void))&t;
13:     printf("%d", (*tp)());
14:   }
15: 
16:   return !!argv[argc];
17: }
18: int t(void) { void ((*volatile p)()); p = (void ((*)()))rb_enc_interned_str; return !p; }
/* end */

--------------------

have_func: checking for rb_str_to_interned_str() in ruby.h... -------------------- yes

PATH=".;C:/Ruby34-x64/lib;C:\Ruby34-x64\bin;C:\Ruby34-x64\msys64\ucrt64\bin;C:\Ruby34-x64\msys64\usr\bin;C:\Program Files\WindowsApps\Microsoft.PowerShell_7.6.5.0_x64__8wekyb3d8bbwe;C:\Ruby34-x64\bin;C:\Program Files\OpenSSH\;C:\Oracle\product\12.2.0\client_2\bin;C:\Ora64\product\12.2.0\client_1\bin;C:\Windows\system32;C:\Windows;C:\Windows\System32\Wbem;C:\Windows\System32\WindowsPowerShell\v1.0\;C:\Windows\System32\OpenSSH\;C:\Program Files\dotnet\;c:\cygwin64\bin;c:\cygwin64\sbin;c:\cygwin64\usr\sbin;C:\mut\80道具\PSTools;C;\Program Files\avs\bin;C:\Program Files\avs\bin32;C:\Program Files\PuTTY\;C:\Program Files\Microsoft SQL Server\150\Tools\Binn\;C:\Program Files\Microsoft SQL Server\Client SDK\ODBC\170\Tools\Binn\;C:\Program Files (x86)\Windows Kits\10\Windows Performance Toolkit\;C:\Program Files\7-Zip;C:\Program Files\Git\cmd;C:\Ruby40-x64\sqlite3;C:\Users\m002831\AppData\Local\Programs\Python\Python314\Scripts\;C:\Users\m002831\AppData\Local\Programs\Python\Python314\;C:\Users\m002831\bin;C:\Oracle\bin;C:\Users\m002831\AppData\Local\Microsoft\WindowsApps;C:\Program Files (x86)\Nmap;C:\mut\80道具;C:\Users\m002831\.dotnet\tools;C:\Users\m002831\AppData\Local\Programs\Microsoft VS Code\bin" ASAN_OPTIONS=detect_leaks=0 "gcc -o conftest.exe -IC:/Ruby34-x64/include/ruby-3.4.0/x64-mingw-ucrt -IC:/Ruby34-x64/include/ruby-3.4.0/ruby/backward -IC:/Ruby34-x64/include/ruby-3.4.0 -I. -D_WIN32_WINNT=0x0600 -D__MINGW_USE_VC2005_COMPAT -D_FILE_OFFSET_BITS=64  -O3 -fstack-protector-strong conftest.c -L. -LC:/Ruby34-x64/lib -L. -pipe -s -fstack-protector-strong -lpthread -Wl,--no-as-needed     -lx64-ucrt-ruby340  -lshell32 -lws2_32 -liphlpapi -limagehlp -lshlwapi -lbcrypt  "
checked program was:
/* begin */
 1: #include "ruby.h"
 2: 
 3: #include <winsock2.h>
 4: #include <windows.h>
 5: #include <ruby.h>
 6: 
 7: /*top*/
 8: extern int t(void);
 9: int main(int argc, char **argv)
10: {
11:   if (argc > 1000000) {
12:     int (* volatile tp)(void)=(int (*)(void))&t;
13:     printf("%d", (*tp)());
14:   }
15: 
16:   return !!argv[argc];
17: }
18: int t(void) { void ((*volatile p)()); p = (void ((*)()))rb_str_to_interned_str; return !p; }
/* end */

--------------------

have_func: checking for rb_hash_new_capa() in ruby.h... -------------------- yes

PATH=".;C:/Ruby34-x64/lib;C:\Ruby34-x64\bin;C:\Ruby34-x64\msys64\ucrt64\bin;C:\Ruby34-x64\msys64\usr\bin;C:\Program Files\WindowsApps\Microsoft.PowerShell_7.6.5.0_x64__8wekyb3d8bbwe;C:\Ruby34-x64\bin;C:\Program Files\OpenSSH\;C:\Oracle\product\12.2.0\client_2\bin;C:\Ora64\product\12.2.0\client_1\bin;C:\Windows\system32;C:\Windows;C:\Windows\System32\Wbem;C:\Windows\System32\WindowsPowerShell\v1.0\;C:\Windows\System32\OpenSSH\;C:\Program Files\dotnet\;c:\cygwin64\bin;c:\cygwin64\sbin;c:\cygwin64\usr\sbin;C:\mut\80道具\PSTools;C;\Program Files\avs\bin;C:\Program Files\avs\bin32;C:\Program Files\PuTTY\;C:\Program Files\Microsoft SQL Server\150\Tools\Binn\;C:\Program Files\Microsoft SQL Server\Client SDK\ODBC\170\Tools\Binn\;C:\Program Files (x86)\Windows Kits\10\Windows Performance Toolkit\;C:\Program Files\7-Zip;C:\Program Files\Git\cmd;C:\Ruby40-x64\sqlite3;C:\Users\m002831\AppData\Local\Programs\Python\Python314\Scripts\;C:\Users\m002831\AppData\Local\Programs\Python\Python314\;C:\Users\m002831\bin;C:\Oracle\bin;C:\Users\m002831\AppData\Local\Microsoft\WindowsApps;C:\Program Files (x86)\Nmap;C:\mut\80道具;C:\Users\m002831\.dotnet\tools;C:\Users\m002831\AppData\Local\Programs\Microsoft VS Code\bin" ASAN_OPTIONS=detect_leaks=0 "gcc -o conftest.exe -IC:/Ruby34-x64/include/ruby-3.4.0/x64-mingw-ucrt -IC:/Ruby34-x64/include/ruby-3.4.0/ruby/backward -IC:/Ruby34-x64/include/ruby-3.4.0 -I. -D_WIN32_WINNT=0x0600 -D__MINGW_USE_VC2005_COMPAT -D_FILE_OFFSET_BITS=64  -O3 -fstack-protector-strong conftest.c -L. -LC:/Ruby34-x64/lib -L. -pipe -s -fstack-protector-strong -lpthread -Wl,--no-as-needed     -lx64-ucrt-ruby340  -lshell32 -lws2_32 -liphlpapi -limagehlp -lshlwapi -lbcrypt  "
checked program was:
/* begin */
 1: #include "ruby.h"
 2: 
 3: #include <winsock2.h>
 4: #include <windows.h>
 5: #include <ruby.h>
 6: 
 7: /*top*/
 8: extern int t(void);
 9: int main(int argc, char **argv)
10: {
11:   if (argc > 1000000) {
12:     int (* volatile tp)(void)=(int (*)(void))&t;
13:     printf("%d", (*tp)());
14:   }
15: 
16:   return !!argv[argc];
17: }
18: int t(void) { void ((*volatile p)()); p = (void ((*)()))rb_hash_new_capa; return !p; }
/* end */

--------------------

have_func: checking for rb_hash_bulk_insert() in ruby.h... -------------------- yes

PATH=".;C:/Ruby34-x64/lib;C:\Ruby34-x64\bin;C:\Ruby34-x64\msys64\ucrt64\bin;C:\Ruby34-x64\msys64\usr\bin;C:\Program Files\WindowsApps\Microsoft.PowerShell_7.6.5.0_x64__8wekyb3d8bbwe;C:\Ruby34-x64\bin;C:\Program Files\OpenSSH\;C:\Oracle\product\12.2.0\client_2\bin;C:\Ora64\product\12.2.0\client_1\bin;C:\Windows\system32;C:\Windows;C:\Windows\System32\Wbem;C:\Windows\System32\WindowsPowerShell\v1.0\;C:\Windows\System32\OpenSSH\;C:\Program Files\dotnet\;c:\cygwin64\bin;c:\cygwin64\sbin;c:\cygwin64\usr\sbin;C:\mut\80道具\PSTools;C;\Program Files\avs\bin;C:\Program Files\avs\bin32;C:\Program Files\PuTTY\;C:\Program Files\Microsoft SQL Server\150\Tools\Binn\;C:\Program Files\Microsoft SQL Server\Client SDK\ODBC\170\Tools\Binn\;C:\Program Files (x86)\Windows Kits\10\Windows Performance Toolkit\;C:\Program Files\7-Zip;C:\Program Files\Git\cmd;C:\Ruby40-x64\sqlite3;C:\Users\m002831\AppData\Local\Programs\Python\Python314\Scripts\;C:\Users\m002831\AppData\Local\Programs\Python\Python314\;C:\Users\m002831\bin;C:\Oracle\bin;C:\Users\m002831\AppData\Local\Microsoft\WindowsApps;C:\Program Files (x86)\Nmap;C:\mut\80道具;C:\Users\m002831\.dotnet\tools;C:\Users\m002831\AppData\Local\Programs\Microsoft VS Code\bin" ASAN_OPTIONS=detect_leaks=0 "gcc -o conftest.exe -IC:/Ruby34-x64/include/ruby-3.4.0/x64-mingw-ucrt -IC:/Ruby34-x64/include/ruby-3.4.0/ruby/backward -IC:/Ruby34-x64/include/ruby-3.4.0 -I. -D_WIN32_WINNT=0x0600 -D__MINGW_USE_VC2005_COMPAT -D_FILE_OFFSET_BITS=64  -O3 -fstack-protector-strong conftest.c -L. -LC:/Ruby34-x64/lib -L. -pipe -s -fstack-protector-strong -lpthread -Wl,--no-as-needed     -lx64-ucrt-ruby340  -lshell32 -lws2_32 -liphlpapi -limagehlp -lshlwapi -lbcrypt  "
checked program was:
/* begin */
 1: #include "ruby.h"
 2: 
 3: #include <winsock2.h>
 4: #include <windows.h>
 5: #include <ruby.h>
 6: 
 7: /*top*/
 8: extern int t(void);
 9: int main(int argc, char **argv)
10: {
11:   if (argc > 1000000) {
12:     int (* volatile tp)(void)=(int (*)(void))&t;
13:     printf("%d", (*tp)());
14:   }
15: 
16:   return !!argv[argc];
17: }
18: int t(void) { void ((*volatile p)()); p = (void ((*)()))rb_hash_bulk_insert; return !p; }
/* end */

--------------------

have_func: checking for ruby_xfree_sized() in ruby.h... -------------------- no

PATH=".;C:/Ruby34-x64/lib;C:\Ruby34-x64\bin;C:\Ruby34-x64\msys64\ucrt64\bin;C:\Ruby34-x64\msys64\usr\bin;C:\Program Files\WindowsApps\Microsoft.PowerShell_7.6.5.0_x64__8wekyb3d8bbwe;C:\Ruby34-x64\bin;C:\Program Files\OpenSSH\;C:\Oracle\product\12.2.0\client_2\bin;C:\Ora64\product\12.2.0\client_1\bin;C:\Windows\system32;C:\Windows;C:\Windows\System32\Wbem;C:\Windows\System32\WindowsPowerShell\v1.0\;C:\Windows\System32\OpenSSH\;C:\Program Files\dotnet\;c:\cygwin64\bin;c:\cygwin64\sbin;c:\cygwin64\usr\sbin;C:\mut\80道具\PSTools;C;\Program Files\avs\bin;C:\Program Files\avs\bin32;C:\Program Files\PuTTY\;C:\Program Files\Microsoft SQL Server\150\Tools\Binn\;C:\Program Files\Microsoft SQL Server\Client SDK\ODBC\170\Tools\Binn\;C:\Program Files (x86)\Windows Kits\10\Windows Performance Toolkit\;C:\Program Files\7-Zip;C:\Program Files\Git\cmd;C:\Ruby40-x64\sqlite3;C:\Users\m002831\AppData\Local\Programs\Python\Python314\Scripts\;C:\Users\m002831\AppData\Local\Programs\Python\Python314\;C:\Users\m002831\bin;C:\Oracle\bin;C:\Users\m002831\AppData\Local\Microsoft\WindowsApps;C:\Program Files (x86)\Nmap;C:\mut\80道具;C:\Users\m002831\.dotnet\tools;C:\Users\m002831\AppData\Local\Programs\Microsoft VS Code\bin" ASAN_OPTIONS=detect_leaks=0 "gcc -o conftest.exe -IC:/Ruby34-x64/include/ruby-3.4.0/x64-mingw-ucrt -IC:/Ruby34-x64/include/ruby-3.4.0/ruby/backward -IC:/Ruby34-x64/include/ruby-3.4.0 -I. -D_WIN32_WINNT=0x0600 -D__MINGW_USE_VC2005_COMPAT -D_FILE_OFFSET_BITS=64  -O3 -fstack-protector-strong conftest.c -L. -LC:/Ruby34-x64/lib -L. -pipe -s -fstack-protector-strong -lpthread -Wl,--no-as-needed     -lx64-ucrt-ruby340  -lshell32 -lws2_32 -liphlpapi -limagehlp -lshlwapi -lbcrypt  "
conftest.c: In function 't':
conftest.c:18:57: error: 'ruby_xfree_sized' undeclared (first use in this function); did you mean 'rb_file_size'?
   18 | int t(void) { void ((*volatile p)()); p = (void ((*)()))ruby_xfree_sized; return !p; }
      |                                                         ^~~~~~~~~~~~~~~~
      |                                                         rb_file_size
conftest.c:18:57: note: each undeclared identifier is reported only once for each function it appears in
checked program was:
/* begin */
 1: #include "ruby.h"
 2: 
 3: #include <winsock2.h>
 4: #include <windows.h>
 5: #include <ruby.h>
 6: 
 7: /*top*/
 8: extern int t(void);
 9: int main(int argc, char **argv)
10: {
11:   if (argc > 1000000) {
12:     int (* volatile tp)(void)=(int (*)(void))&t;
13:     printf("%d", (*tp)());
14:   }
15: 
16:   return !!argv[argc];
17: }
18: int t(void) { void ((*volatile p)()); p = (void ((*)()))ruby_xfree_sized; return !p; }
/* end */

PATH=".;C:/Ruby34-x64/lib;C:\Ruby34-x64\bin;C:\Ruby34-x64\msys64\ucrt64\bin;C:\Ruby34-x64\msys64\usr\bin;C:\Program Files\WindowsApps\Microsoft.PowerShell_7.6.5.0_x64__8wekyb3d8bbwe;C:\Ruby34-x64\bin;C:\Program Files\OpenSSH\;C:\Oracle\product\12.2.0\client_2\bin;C:\Ora64\product\12.2.0\client_1\bin;C:\Windows\system32;C:\Windows;C:\Windows\System32\Wbem;C:\Windows\System32\WindowsPowerShell\v1.0\;C:\Windows\System32\OpenSSH\;C:\Program Files\dotnet\;c:\cygwin64\bin;c:\cygwin64\sbin;c:\cygwin64\usr\sbin;C:\mut\80道具\PSTools;C;\Program Files\avs\bin;C:\Program Files\avs\bin32;C:\Program Files\PuTTY\;C:\Program Files\Microsoft SQL Server\150\Tools\Binn\;C:\Program Files\Microsoft SQL Server\Client SDK\ODBC\170\Tools\Binn\;C:\Program Files (x86)\Windows Kits\10\Windows Performance Toolkit\;C:\Program Files\7-Zip;C:\Program Files\Git\cmd;C:\Ruby40-x64\sqlite3;C:\Users\m002831\AppData\Local\Programs\Python\Python314\Scripts\;C:\Users\m002831\AppData\Local\Programs\Python\Python314\;C:\Users\m002831\bin;C:\Oracle\bin;C:\Users\m002831\AppData\Local\Microsoft\WindowsApps;C:\Program Files (x86)\Nmap;C:\mut\80道具;C:\Users\m002831\.dotnet\tools;C:\Users\m002831\AppData\Local\Programs\Microsoft VS Code\bin" ASAN_OPTIONS=detect_leaks=0 "gcc -o conftest.exe -IC:/Ruby34-x64/include/ruby-3.4.0/x64-mingw-ucrt -IC:/Ruby34-x64/include/ruby-3.4.0/ruby/backward -IC:/Ruby34-x64/include/ruby-3.4.0 -I. -D_WIN32_WINNT=0x0600 -D__MINGW_USE_VC2005_COMPAT -D_FILE_OFFSET_BITS=64  -O3 -fstack-protector-strong conftest.c -L. -LC:/Ruby34-x64/lib -L. -pipe -s -fstack-protector-strong -lpthread -Wl,--no-as-needed     -lx64-ucrt-ruby340  -lshell32 -lws2_32 -liphlpapi -limagehlp -lshlwapi -lbcrypt  "
C:/Ruby34-x64/msys64/ucrt64/bin/../lib/gcc/x86_64-w64-mingw32/16.1.0/../../../../x86_64-w64-mingw32/bin/ld.exe: C:\Users\m002831\AppData\Local\Temp\ccDmrLYY.o:conftest.c:(.text+0x5): undefined reference to `ruby_xfree_sized'
collect2.exe: error: ld returned 1 exit status
checked program was:
/* begin */
 1: #include "ruby.h"
 2: 
 3: #include <winsock2.h>
 4: #include <windows.h>
 5: #include <ruby.h>
 6: 
 7: /*top*/
 8: extern int t(void);
 9: int main(int argc, char **argv)
10: {
11:   if (argc > 1000000) {
12:     int (* volatile tp)(void)=(int (*)(void))&t;
13:     printf("%d", (*tp)());
14:   }
15: 
16:   return !!argv[argc];
17: }
18: extern void ruby_xfree_sized();
19: int t(void) { ruby_xfree_sized(); return 0; }
/* end */

--------------------

have_header: checking for x86intrin.h... -------------------- yes

PATH=".;C:/Ruby34-x64/lib;C:\Ruby34-x64\bin;C:\Ruby34-x64\msys64\ucrt64\bin;C:\Ruby34-x64\msys64\usr\bin;C:\Program Files\WindowsApps\Microsoft.PowerShell_7.6.5.0_x64__8wekyb3d8bbwe;C:\Ruby34-x64\bin;C:\Program Files\OpenSSH\;C:\Oracle\product\12.2.0\client_2\bin;C:\Ora64\product\12.2.0\client_1\bin;C:\Windows\system32;C:\Windows;C:\Windows\System32\Wbem;C:\Windows\System32\WindowsPowerShell\v1.0\;C:\Windows\System32\OpenSSH\;C:\Program Files\dotnet\;c:\cygwin64\bin;c:\cygwin64\sbin;c:\cygwin64\usr\sbin;C:\mut\80道具\PSTools;C;\Program Files\avs\bin;C:\Program Files\avs\bin32;C:\Program Files\PuTTY\;C:\Program Files\Microsoft SQL Server\150\Tools\Binn\;C:\Program Files\Microsoft SQL Server\Client SDK\ODBC\170\Tools\Binn\;C:\Program Files (x86)\Windows Kits\10\Windows Performance Toolkit\;C:\Program Files\7-Zip;C:\Program Files\Git\cmd;C:\Ruby40-x64\sqlite3;C:\Users\m002831\AppData\Local\Programs\Python\Python314\Scripts\;C:\Users\m002831\AppData\Local\Programs\Python\Python314\;C:\Users\m002831\bin;C:\Oracle\bin;C:\Users\m002831\AppData\Local\Microsoft\WindowsApps;C:\Program Files (x86)\Nmap;C:\mut\80道具;C:\Users\m002831\.dotnet\tools;C:\Users\m002831\AppData\Local\Programs\Microsoft VS Code\bin" ASAN_OPTIONS=detect_leaks=0 "gcc -IC:/Ruby34-x64/include/ruby-3.4.0/x64-mingw-ucrt -IC:/Ruby34-x64/include/ruby-3.4.0/ruby/backward -IC:/Ruby34-x64/include/ruby-3.4.0 -I. -D_WIN32_WINNT=0x0600 -D__MINGW_USE_VC2005_COMPAT -D_FILE_OFFSET_BITS=64  -O3 -fstack-protector-strong   -c conftest.c"
checked program was:
/* begin */
1: #include "ruby.h"
2: 
3: #include <winsock2.h>
4: #include <windows.h>
5: #include <x86intrin.h>
/* end */

--------------------

have_func: checking for _lzcnt_u64() in x86intrin.h... -------------------- no

PATH=".;C:/Ruby34-x64/lib;C:\Ruby34-x64\bin;C:\Ruby34-x64\msys64\ucrt64\bin;C:\Ruby34-x64\msys64\usr\bin;C:\Program Files\WindowsApps\Microsoft.PowerShell_7.6.5.0_x64__8wekyb3d8bbwe;C:\Ruby34-x64\bin;C:\Program Files\OpenSSH\;C:\Oracle\product\12.2.0\client_2\bin;C:\Ora64\product\12.2.0\client_1\bin;C:\Windows\system32;C:\Windows;C:\Windows\System32\Wbem;C:\Windows\System32\WindowsPowerShell\v1.0\;C:\Windows\System32\OpenSSH\;C:\Program Files\dotnet\;c:\cygwin64\bin;c:\cygwin64\sbin;c:\cygwin64\usr\sbin;C:\mut\80道具\PSTools;C;\Program Files\avs\bin;C:\Program Files\avs\bin32;C:\Program Files\PuTTY\;C:\Program Files\Microsoft SQL Server\150\Tools\Binn\;C:\Program Files\Microsoft SQL Server\Client SDK\ODBC\170\Tools\Binn\;C:\Program Files (x86)\Windows Kits\10\Windows Performance Toolkit\;C:\Program Files\7-Zip;C:\Program Files\Git\cmd;C:\Ruby40-x64\sqlite3;C:\Users\m002831\AppData\Local\Programs\Python\Python314\Scripts\;C:\Users\m002831\AppData\Local\Programs\Python\Python314\;C:\Users\m002831\bin;C:\Oracle\bin;C:\Users\m002831\AppData\Local\Microsoft\WindowsApps;C:\Program Files (x86)\Nmap;C:\mut\80道具;C:\Users\m002831\.dotnet\tools;C:\Users\m002831\AppData\Local\Programs\Microsoft VS Code\bin" ASAN_OPTIONS=detect_leaks=0 "gcc -o conftest.exe -IC:/Ruby34-x64/include/ruby-3.4.0/x64-mingw-ucrt -IC:/Ruby34-x64/include/ruby-3.4.0/ruby/backward -IC:/Ruby34-x64/include/ruby-3.4.0 -I. -D_WIN32_WINNT=0x0600 -D__MINGW_USE_VC2005_COMPAT -D_FILE_OFFSET_BITS=64  -O3 -fstack-protector-strong conftest.c -L. -LC:/Ruby34-x64/lib -L. -pipe -s -fstack-protector-strong -lpthread -Wl,--no-as-needed     -lx64-ucrt-ruby340  -lshell32 -lws2_32 -liphlpapi -limagehlp -lshlwapi -lbcrypt  "
C:/Ruby34-x64/msys64/ucrt64/bin/../lib/gcc/x86_64-w64-mingw32/16.1.0/../../../../x86_64-w64-mingw32/bin/ld.exe: C:\Users\m002831\AppData\Local\Temp\ccgNQSsx.o:conftest.c:(.rdata$.refptr._lzcnt_u64[.refptr._lzcnt_u64]+0x0): undefined reference to `_lzcnt_u64'
collect2.exe: error: ld returned 1 exit status
checked program was:
/* begin */
 1: #include "ruby.h"
 2: 
 3: #include <winsock2.h>
 4: #include <windows.h>
 5: #include <x86intrin.h>
 6: 
 7: /*top*/
 8: extern int t(void);
 9: int main(int argc, char **argv)
10: {
11:   if (argc > 1000000) {
12:     int (* volatile tp)(void)=(int (*)(void))&t;
13:     printf("%d", (*tp)());
14:   }
15: 
16:   return !!argv[argc];
17: }
18: int t(void) { void ((*volatile p)()); p = (void ((*)()))_lzcnt_u64; return !p; }
/* end */

PATH=".;C:/Ruby34-x64/lib;C:\Ruby34-x64\bin;C:\Ruby34-x64\msys64\ucrt64\bin;C:\Ruby34-x64\msys64\usr\bin;C:\Program Files\WindowsApps\Microsoft.PowerShell_7.6.5.0_x64__8wekyb3d8bbwe;C:\Ruby34-x64\bin;C:\Program Files\OpenSSH\;C:\Oracle\product\12.2.0\client_2\bin;C:\Ora64\product\12.2.0\client_1\bin;C:\Windows\system32;C:\Windows;C:\Windows\System32\Wbem;C:\Windows\System32\WindowsPowerShell\v1.0\;C:\Windows\System32\OpenSSH\;C:\Program Files\dotnet\;c:\cygwin64\bin;c:\cygwin64\sbin;c:\cygwin64\usr\sbin;C:\mut\80道具\PSTools;C;\Program Files\avs\bin;C:\Program Files\avs\bin32;C:\Program Files\PuTTY\;C:\Program Files\Microsoft SQL Server\150\Tools\Binn\;C:\Program Files\Microsoft SQL Server\Client SDK\ODBC\170\Tools\Binn\;C:\Program Files (x86)\Windows Kits\10\Windows Performance Toolkit\;C:\Program Files\7-Zip;C:\Program Files\Git\cmd;C:\Ruby40-x64\sqlite3;C:\Users\m002831\AppData\Local\Programs\Python\Python314\Scripts\;C:\Users\m002831\AppData\Local\Programs\Python\Python314\;C:\Users\m002831\bin;C:\Oracle\bin;C:\Users\m002831\AppData\Local\Microsoft\WindowsApps;C:\Program Files (x86)\Nmap;C:\mut\80道具;C:\Users\m002831\.dotnet\tools;C:\Users\m002831\AppData\Local\Programs\Microsoft VS Code\bin" ASAN_OPTIONS=detect_leaks=0 "gcc -o conftest.exe -IC:/Ruby34-x64/include/ruby-3.4.0/x64-mingw-ucrt -IC:/Ruby34-x64/include/ruby-3.4.0/ruby/backward -IC:/Ruby34-x64/include/ruby-3.4.0 -I. -D_WIN32_WINNT=0x0600 -D__MINGW_USE_VC2005_COMPAT -D_FILE_OFFSET_BITS=64  -O3 -fstack-protector-strong conftest.c -L. -LC:/Ruby34-x64/lib -L. -pipe -s -fstack-protector-strong -lpthread -Wl,--no-as-needed     -lx64-ucrt-ruby340  -lshell32 -lws2_32 -liphlpapi -limagehlp -lshlwapi -lbcrypt  "
conftest.c:18:13: error: conflicting types for '_lzcnt_u64'; have 'void(void)'
   18 | extern void _lzcnt_u64();
      |             ^~~~~~~~~~
In file included from C:/Ruby34-x64/msys64/ucrt64/lib/gcc/x86_64-w64-mingw32/16.1.0/include/x86gprintrin.h:61,
                 from C:/Ruby34-x64/msys64/ucrt64/lib/gcc/x86_64-w64-mingw32/16.1.0/include/x86intrin.h:27,
                 from C:/Ruby34-x64/msys64/ucrt64/include/winnt.h:1703,
                 from C:/Ruby34-x64/msys64/ucrt64/include/minwindef.h:163,
                 from C:/Ruby34-x64/msys64/ucrt64/include/windef.h:9,
                 from C:/Ruby34-x64/msys64/ucrt64/include/windows.h:69,
                 from C:/Ruby34-x64/msys64/ucrt64/include/winsock2.h:23,
                 from C:/Ruby34-x64/include/ruby-3.4.0/ruby/win32.h:36,
                 from C:/Ruby34-x64/include/ruby-3.4.0/ruby/internal/dosish.h:38,
                 from C:/Ruby34-x64/include/ruby-3.4.0/ruby/defines.h:78,
                 from C:/Ruby34-x64/include/ruby-3.4.0/ruby/ruby.h:25,
                 from C:/Ruby34-x64/include/ruby-3.4.0/ruby.h:38,
                 from conftest.c:1:
C:/Ruby34-x64/msys64/ucrt64/lib/gcc/x86_64-w64-mingw32/16.1.0/include/lzcntintrin.h:64:1: note: previous definition of '_lzcnt_u64' with type 'long long unsigned int(long long unsigned int)'
   64 | _lzcnt_u64 (unsigned long long __X)
      | ^~~~~~~~~~
checked program was:
/* begin */
 1: #include "ruby.h"
 2: 
 3: #include <winsock2.h>
 4: #include <windows.h>
 5: #include <x86intrin.h>
 6: 
 7: /*top*/
 8: extern int t(void);
 9: int main(int argc, char **argv)
10: {
11:   if (argc > 1000000) {
12:     int (* volatile tp)(void)=(int (*)(void))&t;
13:     printf("%d", (*tp)());
14:   }
15: 
16:   return !!argv[argc];
17: }
18: extern void _lzcnt_u64();
19: int t(void) { _lzcnt_u64(); return 0; }
/* end */

--------------------

have_header: checking for intrin.h... -------------------- yes

PATH=".;C:/Ruby34-x64/lib;C:\Ruby34-x64\bin;C:\Ruby34-x64\msys64\ucrt64\bin;C:\Ruby34-x64\msys64\usr\bin;C:\Program Files\WindowsApps\Microsoft.PowerShell_7.6.5.0_x64__8wekyb3d8bbwe;C:\Ruby34-x64\bin;C:\Program Files\OpenSSH\;C:\Oracle\product\12.2.0\client_2\bin;C:\Ora64\product\12.2.0\client_1\bin;C:\Windows\system32;C:\Windows;C:\Windows\System32\Wbem;C:\Windows\System32\WindowsPowerShell\v1.0\;C:\Windows\System32\OpenSSH\;C:\Program Files\dotnet\;c:\cygwin64\bin;c:\cygwin64\sbin;c:\cygwin64\usr\sbin;C:\mut\80道具\PSTools;C;\Program Files\avs\bin;C:\Program Files\avs\bin32;C:\Program Files\PuTTY\;C:\Program Files\Microsoft SQL Server\150\Tools\Binn\;C:\Program Files\Microsoft SQL Server\Client SDK\ODBC\170\Tools\Binn\;C:\Program Files (x86)\Windows Kits\10\Windows Performance Toolkit\;C:\Program Files\7-Zip;C:\Program Files\Git\cmd;C:\Ruby40-x64\sqlite3;C:\Users\m002831\AppData\Local\Programs\Python\Python314\Scripts\;C:\Users\m002831\AppData\Local\Programs\Python\Python314\;C:\Users\m002831\bin;C:\Oracle\bin;C:\Users\m002831\AppData\Local\Microsoft\WindowsApps;C:\Program Files (x86)\Nmap;C:\mut\80道具;C:\Users\m002831\.dotnet\tools;C:\Users\m002831\AppData\Local\Programs\Microsoft VS Code\bin" ASAN_OPTIONS=detect_leaks=0 "gcc -IC:/Ruby34-x64/include/ruby-3.4.0/x64-mingw-ucrt -IC:/Ruby34-x64/include/ruby-3.4.0/ruby/backward -IC:/Ruby34-x64/include/ruby-3.4.0 -I. -D_WIN32_WINNT=0x0600 -D__MINGW_USE_VC2005_COMPAT -D_FILE_OFFSET_BITS=64  -O3 -fstack-protector-strong   -c conftest.c"
checked program was:
/* begin */
1: #include "ruby.h"
2: 
3: #include <winsock2.h>
4: #include <windows.h>
5: #include <intrin.h>
/* end */

--------------------

have_func: checking for __lzcnt64() in intrin.h... -------------------- no

PATH=".;C:/Ruby34-x64/lib;C:\Ruby34-x64\bin;C:\Ruby34-x64\msys64\ucrt64\bin;C:\Ruby34-x64\msys64\usr\bin;C:\Program Files\WindowsApps\Microsoft.PowerShell_7.6.5.0_x64__8wekyb3d8bbwe;C:\Ruby34-x64\bin;C:\Program Files\OpenSSH\;C:\Oracle\product\12.2.0\client_2\bin;C:\Ora64\product\12.2.0\client_1\bin;C:\Windows\system32;C:\Windows;C:\Windows\System32\Wbem;C:\Windows\System32\WindowsPowerShell\v1.0\;C:\Windows\System32\OpenSSH\;C:\Program Files\dotnet\;c:\cygwin64\bin;c:\cygwin64\sbin;c:\cygwin64\usr\sbin;C:\mut\80道具\PSTools;C;\Program Files\avs\bin;C:\Program Files\avs\bin32;C:\Program Files\PuTTY\;C:\Program Files\Microsoft SQL Server\150\Tools\Binn\;C:\Program Files\Microsoft SQL Server\Client SDK\ODBC\170\Tools\Binn\;C:\Program Files (x86)\Windows Kits\10\Windows Performance Toolkit\;C:\Program Files\7-Zip;C:\Program Files\Git\cmd;C:\Ruby40-x64\sqlite3;C:\Users\m002831\AppData\Local\Programs\Python\Python314\Scripts\;C:\Users\m002831\AppData\Local\Programs\Python\Python314\;C:\Users\m002831\bin;C:\Oracle\bin;C:\Users\m002831\AppData\Local\Microsoft\WindowsApps;C:\Program Files (x86)\Nmap;C:\mut\80道具;C:\Users\m002831\.dotnet\tools;C:\Users\m002831\AppData\Local\Programs\Microsoft VS Code\bin" ASAN_OPTIONS=detect_leaks=0 "gcc -o conftest.exe -IC:/Ruby34-x64/include/ruby-3.4.0/x64-mingw-ucrt -IC:/Ruby34-x64/include/ruby-3.4.0/ruby/backward -IC:/Ruby34-x64/include/ruby-3.4.0 -I. -D_WIN32_WINNT=0x0600 -D__MINGW_USE_VC2005_COMPAT -D_FILE_OFFSET_BITS=64  -O3 -fstack-protector-strong conftest.c -L. -LC:/Ruby34-x64/lib -L. -pipe -s -fstack-protector-strong -lpthread -Wl,--no-as-needed     -lx64-ucrt-ruby340  -lshell32 -lws2_32 -liphlpapi -limagehlp -lshlwapi -lbcrypt  "
C:/Ruby34-x64/msys64/ucrt64/bin/../lib/gcc/x86_64-w64-mingw32/16.1.0/../../../../x86_64-w64-mingw32/bin/ld.exe: C:\Users\m002831\AppData\Local\Temp\ccaYdavy.o:conftest.c:(.rdata$.refptr.__lzcnt64[.refptr.__lzcnt64]+0x0): undefined reference to `__lzcnt64'
collect2.exe: error: ld returned 1 exit status
checked program was:
/* begin */
 1: #include "ruby.h"
 2: 
 3: #include <winsock2.h>
 4: #include <windows.h>
 5: #include <intrin.h>
 6: 
 7: /*top*/
 8: extern int t(void);
 9: int main(int argc, char **argv)
10: {
11:   if (argc > 1000000) {
12:     int (* volatile tp)(void)=(int (*)(void))&t;
13:     printf("%d", (*tp)());
14:   }
15: 
16:   return !!argv[argc];
17: }
18: int t(void) { void ((*volatile p)()); p = (void ((*)()))__lzcnt64; return !p; }
/* end */

PATH=".;C:/Ruby34-x64/lib;C:\Ruby34-x64\bin;C:\Ruby34-x64\msys64\ucrt64\bin;C:\Ruby34-x64\msys64\usr\bin;C:\Program Files\WindowsApps\Microsoft.PowerShell_7.6.5.0_x64__8wekyb3d8bbwe;C:\Ruby34-x64\bin;C:\Program Files\OpenSSH\;C:\Oracle\product\12.2.0\client_2\bin;C:\Ora64\product\12.2.0\client_1\bin;C:\Windows\system32;C:\Windows;C:\Windows\System32\Wbem;C:\Windows\System32\WindowsPowerShell\v1.0\;C:\Windows\System32\OpenSSH\;C:\Program Files\dotnet\;c:\cygwin64\bin;c:\cygwin64\sbin;c:\cygwin64\usr\sbin;C:\mut\80道具\PSTools;C;\Program Files\avs\bin;C:\Program Files\avs\bin32;C:\Program Files\PuTTY\;C:\Program Files\Microsoft SQL Server\150\Tools\Binn\;C:\Program Files\Microsoft SQL Server\Client SDK\ODBC\170\Tools\Binn\;C:\Program Files (x86)\Windows Kits\10\Windows Performance Toolkit\;C:\Program Files\7-Zip;C:\Program Files\Git\cmd;C:\Ruby40-x64\sqlite3;C:\Users\m002831\AppData\Local\Programs\Python\Python314\Scripts\;C:\Users\m002831\AppData\Local\Programs\Python\Python314\;C:\Users\m002831\bin;C:\Oracle\bin;C:\Users\m002831\AppData\Local\Microsoft\WindowsApps;C:\Program Files (x86)\Nmap;C:\mut\80道具;C:\Users\m002831\.dotnet\tools;C:\Users\m002831\AppData\Local\Programs\Microsoft VS Code\bin" ASAN_OPTIONS=detect_leaks=0 "gcc -o conftest.exe -IC:/Ruby34-x64/include/ruby-3.4.0/x64-mingw-ucrt -IC:/Ruby34-x64/include/ruby-3.4.0/ruby/backward -IC:/Ruby34-x64/include/ruby-3.4.0 -I. -D_WIN32_WINNT=0x0600 -D__MINGW_USE_VC2005_COMPAT -D_FILE_OFFSET_BITS=64  -O3 -fstack-protector-strong conftest.c -L. -LC:/Ruby34-x64/lib -L. -pipe -s -fstack-protector-strong -lpthread -Wl,--no-as-needed     -lx64-ucrt-ruby340  -lshell32 -lws2_32 -liphlpapi -limagehlp -lshlwapi -lbcrypt  "
conftest.c:18:13: error: conflicting types for '__lzcnt64'; have 'void(void)'
   18 | extern void __lzcnt64();
      |             ^~~~~~~~~
In file included from C:/Ruby34-x64/msys64/ucrt64/lib/gcc/x86_64-w64-mingw32/16.1.0/include/x86gprintrin.h:61,
                 from C:/Ruby34-x64/msys64/ucrt64/lib/gcc/x86_64-w64-mingw32/16.1.0/include/x86intrin.h:27,
                 from C:/Ruby34-x64/msys64/ucrt64/include/winnt.h:1703,
                 from C:/Ruby34-x64/msys64/ucrt64/include/minwindef.h:163,
                 from C:/Ruby34-x64/msys64/ucrt64/include/windef.h:9,
                 from C:/Ruby34-x64/msys64/ucrt64/include/windows.h:69,
                 from C:/Ruby34-x64/msys64/ucrt64/include/winsock2.h:23,
                 from C:/Ruby34-x64/include/ruby-3.4.0/ruby/win32.h:36,
                 from C:/Ruby34-x64/include/ruby-3.4.0/ruby/internal/dosish.h:38,
                 from C:/Ruby34-x64/include/ruby-3.4.0/ruby/defines.h:78,
                 from C:/Ruby34-x64/include/ruby-3.4.0/ruby/ruby.h:25,
                 from C:/Ruby34-x64/include/ruby-3.4.0/ruby.h:38,
                 from conftest.c:1:
C:/Ruby34-x64/msys64/ucrt64/lib/gcc/x86_64-w64-mingw32/16.1.0/include/lzcntintrin.h:58:1: note: previous definition of '__lzcnt64' with type 'long long unsigned int(long long unsigned int)'
   58 | __lzcnt64 (unsigned long long __X)
      | ^~~~~~~~~
checked program was:
/* begin */
 1: #include "ruby.h"
 2: 
 3: #include <winsock2.h>
 4: #include <windows.h>
 5: #include <intrin.h>
 6: 
 7: /*top*/
 8: extern int t(void);
 9: int main(int argc, char **argv)
10: {
11:   if (argc > 1000000) {
12:     int (* volatile tp)(void)=(int (*)(void))&t;
13:     printf("%d", (*tp)());
14:   }
15: 
16:   return !!argv[argc];
17: }
18: extern void __lzcnt64();
19: int t(void) { __lzcnt64(); return 0; }
/* end */

--------------------

have_func: checking for _BitScanReverse64() in intrin.h... -------------------- yes

PATH=".;C:/Ruby34-x64/lib;C:\Ruby34-x64\bin;C:\Ruby34-x64\msys64\ucrt64\bin;C:\Ruby34-x64\msys64\usr\bin;C:\Program Files\WindowsApps\Microsoft.PowerShell_7.6.5.0_x64__8wekyb3d8bbwe;C:\Ruby34-x64\bin;C:\Program Files\OpenSSH\;C:\Oracle\product\12.2.0\client_2\bin;C:\Ora64\product\12.2.0\client_1\bin;C:\Windows\system32;C:\Windows;C:\Windows\System32\Wbem;C:\Windows\System32\WindowsPowerShell\v1.0\;C:\Windows\System32\OpenSSH\;C:\Program Files\dotnet\;c:\cygwin64\bin;c:\cygwin64\sbin;c:\cygwin64\usr\sbin;C:\mut\80道具\PSTools;C;\Program Files\avs\bin;C:\Program Files\avs\bin32;C:\Program Files\PuTTY\;C:\Program Files\Microsoft SQL Server\150\Tools\Binn\;C:\Program Files\Microsoft SQL Server\Client SDK\ODBC\170\Tools\Binn\;C:\Program Files (x86)\Windows Kits\10\Windows Performance Toolkit\;C:\Program Files\7-Zip;C:\Program Files\Git\cmd;C:\Ruby40-x64\sqlite3;C:\Users\m002831\AppData\Local\Programs\Python\Python314\Scripts\;C:\Users\m002831\AppData\Local\Programs\Python\Python314\;C:\Users\m002831\bin;C:\Oracle\bin;C:\Users\m002831\AppData\Local\Microsoft\WindowsApps;C:\Program Files (x86)\Nmap;C:\mut\80道具;C:\Users\m002831\.dotnet\tools;C:\Users\m002831\AppData\Local\Programs\Microsoft VS Code\bin" ASAN_OPTIONS=detect_leaks=0 "gcc -o conftest.exe -IC:/Ruby34-x64/include/ruby-3.4.0/x64-mingw-ucrt -IC:/Ruby34-x64/include/ruby-3.4.0/ruby/backward -IC:/Ruby34-x64/include/ruby-3.4.0 -I. -D_WIN32_WINNT=0x0600 -D__MINGW_USE_VC2005_COMPAT -D_FILE_OFFSET_BITS=64  -O3 -fstack-protector-strong conftest.c -L. -LC:/Ruby34-x64/lib -L. -pipe -s -fstack-protector-strong -lpthread -Wl,--no-as-needed     -lx64-ucrt-ruby340  -lshell32 -lws2_32 -liphlpapi -limagehlp -lshlwapi -lbcrypt  "
checked program was:
/* begin */
 1: #include "ruby.h"
 2: 
 3: #include <winsock2.h>
 4: #include <windows.h>
 5: #include <intrin.h>
 6: 
 7: /*top*/
 8: extern int t(void);
 9: int main(int argc, char **argv)
10: {
11:   if (argc > 1000000) {
12:     int (* volatile tp)(void)=(int (*)(void))&t;
13:     printf("%d", (*tp)());
14:   }
15: 
16:   return !!argv[argc];
17: }
18: int t(void) { void ((*volatile p)()); p = (void ((*)()))_BitScanReverse64; return !p; }
/* end */

--------------------

have_const: checking for RUBY_TYPED_EMBEDDABLE in ruby.h... -------------------- yes

PATH=".;C:/Ruby34-x64/lib;C:\Ruby34-x64\bin;C:\Ruby34-x64\msys64\ucrt64\bin;C:\Ruby34-x64\msys64\usr\bin;C:\Program Files\WindowsApps\Microsoft.PowerShell_7.6.5.0_x64__8wekyb3d8bbwe;C:\Ruby34-x64\bin;C:\Program Files\OpenSSH\;C:\Oracle\product\12.2.0\client_2\bin;C:\Ora64\product\12.2.0\client_1\bin;C:\Windows\system32;C:\Windows;C:\Windows\System32\Wbem;C:\Windows\System32\WindowsPowerShell\v1.0\;C:\Windows\System32\OpenSSH\;C:\Program Files\dotnet\;c:\cygwin64\bin;c:\cygwin64\sbin;c:\cygwin64\usr\sbin;C:\mut\80道具\PSTools;C;\Program Files\avs\bin;C:\Program Files\avs\bin32;C:\Program Files\PuTTY\;C:\Program Files\Microsoft SQL Server\150\Tools\Binn\;C:\Program Files\Microsoft SQL Server\Client SDK\ODBC\170\Tools\Binn\;C:\Program Files (x86)\Windows Kits\10\Windows Performance Toolkit\;C:\Program Files\7-Zip;C:\Program Files\Git\cmd;C:\Ruby40-x64\sqlite3;C:\Users\m002831\AppData\Local\Programs\Python\Python314\Scripts\;C:\Users\m002831\AppData\Local\Programs\Python\Python314\;C:\Users\m002831\bin;C:\Oracle\bin;C:\Users\m002831\AppData\Local\Microsoft\WindowsApps;C:\Program Files (x86)\Nmap;C:\mut\80道具;C:\Users\m002831\.dotnet\tools;C:\Users\m002831\AppData\Local\Programs\Microsoft VS Code\bin" ASAN_OPTIONS=detect_leaks=0 "gcc -IC:/Ruby34-x64/include/ruby-3.4.0/x64-mingw-ucrt -IC:/Ruby34-x64/include/ruby-3.4.0/ruby/backward -IC:/Ruby34-x64/include/ruby-3.4.0 -I. -D_WIN32_WINNT=0x0600 -D__MINGW_USE_VC2005_COMPAT -D_FILE_OFFSET_BITS=64  -O3 -fstack-protector-strong   -c conftest.c"
checked program was:
/* begin */
1: #include "ruby.h"
2: 
3: #include <winsock2.h>
4: #include <windows.h>
5: #include <ruby.h>
6: 
7: /*top*/
8: typedef int conftest_type;
9: conftest_type conftestval = (int)RUBY_TYPED_EMBEDDABLE;
/* end */

--------------------

append_cflags: checking for whether -std=c99 is accepted as CFLAGS... -------------------- yes

PATH=".;C:/Ruby34-x64/lib;C:\Ruby34-x64\bin;C:\Ruby34-x64\msys64\ucrt64\bin;C:\Ruby34-x64\msys64\usr\bin;C:\Program Files\WindowsApps\Microsoft.PowerShell_7.6.5.0_x64__8wekyb3d8bbwe;C:\Ruby34-x64\bin;C:\Program Files\OpenSSH\;C:\Oracle\product\12.2.0\client_2\bin;C:\Ora64\product\12.2.0\client_1\bin;C:\Windows\system32;C:\Windows;C:\Windows\System32\Wbem;C:\Windows\System32\WindowsPowerShell\v1.0\;C:\Windows\System32\OpenSSH\;C:\Program Files\dotnet\;c:\cygwin64\bin;c:\cygwin64\sbin;c:\cygwin64\usr\sbin;C:\mut\80道具\PSTools;C;\Program Files\avs\bin;C:\Program Files\avs\bin32;C:\Program Files\PuTTY\;C:\Program Files\Microsoft SQL Server\150\Tools\Binn\;C:\Program Files\Microsoft SQL Server\Client SDK\ODBC\170\Tools\Binn\;C:\Program Files (x86)\Windows Kits\10\Windows Performance Toolkit\;C:\Program Files\7-Zip;C:\Program Files\Git\cmd;C:\Ruby40-x64\sqlite3;C:\Users\m002831\AppData\Local\Programs\Python\Python314\Scripts\;C:\Users\m002831\AppData\Local\Programs\Python\Python314\;C:\Users\m002831\bin;C:\Oracle\bin;C:\Users\m002831\AppData\Local\Microsoft\WindowsApps;C:\Program Files (x86)\Nmap;C:\mut\80道具;C:\Users\m002831\.dotnet\tools;C:\Users\m002831\AppData\Local\Programs\Microsoft VS Code\bin" ASAN_OPTIONS=detect_leaks=0 "gcc -IC:/Ruby34-x64/include/ruby-3.4.0/x64-mingw-ucrt -IC:/Ruby34-x64/include/ruby-3.4.0/ruby/backward -IC:/Ruby34-x64/include/ruby-3.4.0 -I. -D_WIN32_WINNT=0x0600 -D__MINGW_USE_VC2005_COMPAT -D_FILE_OFFSET_BITS=64  -O3 -fstack-protector-strong  -std=c99 -Werror -c conftest.c"
checked program was:
/* begin */
1: #include "ruby.h"
2: 
3: #include <winsock2.h>
4: #include <windows.h>
5: int main(int argc, char **argv)
6: {
7:   return !!argv[argc];
8: }
/* end */

--------------------

append_cflags: checking for whether -mno-outline is accepted as CFLAGS... -------------------- no

PATH=".;C:/Ruby34-x64/lib;C:\Ruby34-x64\bin;C:\Ruby34-x64\msys64\ucrt64\bin;C:\Ruby34-x64\msys64\usr\bin;C:\Program Files\WindowsApps\Microsoft.PowerShell_7.6.5.0_x64__8wekyb3d8bbwe;C:\Ruby34-x64\bin;C:\Program Files\OpenSSH\;C:\Oracle\product\12.2.0\client_2\bin;C:\Ora64\product\12.2.0\client_1\bin;C:\Windows\system32;C:\Windows;C:\Windows\System32\Wbem;C:\Windows\System32\WindowsPowerShell\v1.0\;C:\Windows\System32\OpenSSH\;C:\Program Files\dotnet\;c:\cygwin64\bin;c:\cygwin64\sbin;c:\cygwin64\usr\sbin;C:\mut\80道具\PSTools;C;\Program Files\avs\bin;C:\Program Files\avs\bin32;C:\Program Files\PuTTY\;C:\Program Files\Microsoft SQL Server\150\Tools\Binn\;C:\Program Files\Microsoft SQL Server\Client SDK\ODBC\170\Tools\Binn\;C:\Program Files (x86)\Windows Kits\10\Windows Performance Toolkit\;C:\Program Files\7-Zip;C:\Program Files\Git\cmd;C:\Ruby40-x64\sqlite3;C:\Users\m002831\AppData\Local\Programs\Python\Python314\Scripts\;C:\Users\m002831\AppData\Local\Programs\Python\Python314\;C:\Users\m002831\bin;C:\Oracle\bin;C:\Users\m002831\AppData\Local\Microsoft\WindowsApps;C:\Program Files (x86)\Nmap;C:\mut\80道具;C:\Users\m002831\.dotnet\tools;C:\Users\m002831\AppData\Local\Programs\Microsoft VS Code\bin" ASAN_OPTIONS=detect_leaks=0 "gcc -IC:/Ruby34-x64/include/ruby-3.4.0/x64-mingw-ucrt -IC:/Ruby34-x64/include/ruby-3.4.0/ruby/backward -IC:/Ruby34-x64/include/ruby-3.4.0 -I. -D_WIN32_WINNT=0x0600 -D__MINGW_USE_VC2005_COMPAT -D_FILE_OFFSET_BITS=64  -O3 -fstack-protector-strong -std=c99  -mno-outline -Werror -c conftest.c"
gcc: error: unrecognized command-line option '-mno-outline'
checked program was:
/* begin */
1: #include "ruby.h"
2: 
3: #include <winsock2.h>
4: #include <windows.h>
5: int main(int argc, char **argv)
6: {
7:   return !!argv[argc];
8: }
/* end */

--------------------

have_header: checking for x86intrin.h... -------------------- yes

PATH=".;C:/Ruby34-x64/lib;C:\Ruby34-x64\bin;C:\Ruby34-x64\msys64\ucrt64\bin;C:\Ruby34-x64\msys64\usr\bin;C:\Program Files\WindowsApps\Microsoft.PowerShell_7.6.5.0_x64__8wekyb3d8bbwe;C:\Ruby34-x64\bin;C:\Program Files\OpenSSH\;C:\Oracle\product\12.2.0\client_2\bin;C:\Ora64\product\12.2.0\client_1\bin;C:\Windows\system32;C:\Windows;C:\Windows\System32\Wbem;C:\Windows\System32\WindowsPowerShell\v1.0\;C:\Windows\System32\OpenSSH\;C:\Program Files\dotnet\;c:\cygwin64\bin;c:\cygwin64\sbin;c:\cygwin64\usr\sbin;C:\mut\80道具\PSTools;C;\Program Files\avs\bin;C:\Program Files\avs\bin32;C:\Program Files\PuTTY\;C:\Program Files\Microsoft SQL Server\150\Tools\Binn\;C:\Program Files\Microsoft SQL Server\Client SDK\ODBC\170\Tools\Binn\;C:\Program Files (x86)\Windows Kits\10\Windows Performance Toolkit\;C:\Program Files\7-Zip;C:\Program Files\Git\cmd;C:\Ruby40-x64\sqlite3;C:\Users\m002831\AppData\Local\Programs\Python\Python314\Scripts\;C:\Users\m002831\AppData\Local\Programs\Python\Python314\;C:\Users\m002831\bin;C:\Oracle\bin;C:\Users\m002831\AppData\Local\Microsoft\WindowsApps;C:\Program Files (x86)\Nmap;C:\mut\80道具;C:\Users\m002831\.dotnet\tools;C:\Users\m002831\AppData\Local\Programs\Microsoft VS Code\bin" ASAN_OPTIONS=detect_leaks=0 "gcc -IC:/Ruby34-x64/include/ruby-3.4.0/x64-mingw-ucrt -IC:/Ruby34-x64/include/ruby-3.4.0/ruby/backward -IC:/Ruby34-x64/include/ruby-3.4.0 -I. -D_WIN32_WINNT=0x0600 -D__MINGW_USE_VC2005_COMPAT -D_FILE_OFFSET_BITS=64  -O3 -fstack-protector-strong -std=c99   -c conftest.c"
checked program was:
/* begin */
1: #include "ruby.h"
2: 
3: #include <winsock2.h>
4: #include <windows.h>
5: #include <x86intrin.h>
/* end */

--------------------

PATH=".;C:/Ruby34-x64/lib;C:\Ruby34-x64\bin;C:\Ruby34-x64\msys64\ucrt64\bin;C:\Ruby34-x64\msys64\usr\bin;C:\Program Files\WindowsApps\Microsoft.PowerShell_7.6.5.0_x64__8wekyb3d8bbwe;C:\Ruby34-x64\bin;C:\Program Files\OpenSSH\;C:\Oracle\product\12.2.0\client_2\bin;C:\Ora64\product\12.2.0\client_1\bin;C:\Windows\system32;C:\Windows;C:\Windows\System32\Wbem;C:\Windows\System32\WindowsPowerShell\v1.0\;C:\Windows\System32\OpenSSH\;C:\Program Files\dotnet\;c:\cygwin64\bin;c:\cygwin64\sbin;c:\cygwin64\usr\sbin;C:\mut\80道具\PSTools;C;\Program Files\avs\bin;C:\Program Files\avs\bin32;C:\Program Files\PuTTY\;C:\Program Files\Microsoft SQL Server\150\Tools\Binn\;C:\Program Files\Microsoft SQL Server\Client SDK\ODBC\170\Tools\Binn\;C:\Program Files (x86)\Windows Kits\10\Windows Performance Toolkit\;C:\Program Files\7-Zip;C:\Program Files\Git\cmd;C:\Ruby40-x64\sqlite3;C:\Users\m002831\AppData\Local\Programs\Python\Python314\Scripts\;C:\Users\m002831\AppData\Local\Programs\Python\Python314\;C:\Users\m002831\bin;C:\Oracle\bin;C:\Users\m002831\AppData\Local\Microsoft\WindowsApps;C:\Program Files (x86)\Nmap;C:\mut\80道具;C:\Users\m002831\.dotnet\tools;C:\Users\m002831\AppData\Local\Programs\Microsoft VS Code\bin" ASAN_OPTIONS=detect_leaks=0 "gcc -IC:/Ruby34-x64/include/ruby-3.4.0/x64-mingw-ucrt -IC:/Ruby34-x64/include/ruby-3.4.0/ruby/backward -IC:/Ruby34-x64/include/ruby-3.4.0 -I. -D_WIN32_WINNT=0x0600 -D__MINGW_USE_VC2005_COMPAT -D_FILE_OFFSET_BITS=64  -O3 -fstack-protector-strong -std=c99  -Werror=implicit-function-declaration -c conftest.c"
checked program was:
/* begin */
 1: #include "ruby.h"
 2: 
 3: #include <winsock2.h>
 4: #include <windows.h>
 5: #include <x86intrin.h>
 6: 
 7: int main(int argc, char **argv) {
 8:   __m128i test = _mm_set1_epi8(32);
 9:   if (__builtin_cpu_supports("sse2")) { printf("OK"); }
10:   if (argc > 100000) printf("%p", &test);
11:   return 0;
12: }
/* end */

have_header: checking for cpuid.h... -------------------- yes

PATH=".;C:/Ruby34-x64/lib;C:\Ruby34-x64\bin;C:\Ruby34-x64\msys64\ucrt64\bin;C:\Ruby34-x64\msys64\usr\bin;C:\Program Files\WindowsApps\Microsoft.PowerShell_7.6.5.0_x64__8wekyb3d8bbwe;C:\Ruby34-x64\bin;C:\Program Files\OpenSSH\;C:\Oracle\product\12.2.0\client_2\bin;C:\Ora64\product\12.2.0\client_1\bin;C:\Windows\system32;C:\Windows;C:\Windows\System32\Wbem;C:\Windows\System32\WindowsPowerShell\v1.0\;C:\Windows\System32\OpenSSH\;C:\Program Files\dotnet\;c:\cygwin64\bin;c:\cygwin64\sbin;c:\cygwin64\usr\sbin;C:\mut\80道具\PSTools;C;\Program Files\avs\bin;C:\Program Files\avs\bin32;C:\Program Files\PuTTY\;C:\Program Files\Microsoft SQL Server\150\Tools\Binn\;C:\Program Files\Microsoft SQL Server\Client SDK\ODBC\170\Tools\Binn\;C:\Program Files (x86)\Windows Kits\10\Windows Performance Toolkit\;C:\Program Files\7-Zip;C:\Program Files\Git\cmd;C:\Ruby40-x64\sqlite3;C:\Users\m002831\AppData\Local\Programs\Python\Python314\Scripts\;C:\Users\m002831\AppData\Local\Programs\Python\Python314\;C:\Users\m002831\bin;C:\Oracle\bin;C:\Users\m002831\AppData\Local\Microsoft\WindowsApps;C:\Program Files (x86)\Nmap;C:\mut\80道具;C:\Users\m002831\.dotnet\tools;C:\Users\m002831\AppData\Local\Programs\Microsoft VS Code\bin" ASAN_OPTIONS=detect_leaks=0 "gcc -IC:/Ruby34-x64/include/ruby-3.4.0/x64-mingw-ucrt -IC:/Ruby34-x64/include/ruby-3.4.0/ruby/backward -IC:/Ruby34-x64/include/ruby-3.4.0 -I. -D_WIN32_WINNT=0x0600 -D__MINGW_USE_VC2005_COMPAT -D_FILE_OFFSET_BITS=64  -O3 -fstack-protector-strong -std=c99   -c conftest.c"
checked program was:
/* begin */
1: #include "ruby.h"
2: 
3: #include <winsock2.h>
4: #include <windows.h>
5: #include <cpuid.h>
/* end */

--------------------

