current directory: d:/shahanrb/ruby/3.4.0/gems/io-console-0.9.2/ext/io/console
C:/Ruby34-x64/bin/ruby.exe extconf.rb
checking for rb_interned_str_cstr()... yes
checking for rb_ractor_local_storage_value_newkey()... yes
checking for rb_io_descriptor() in ruby/io.h... yes
checking for rb_io_path() in ruby/io.h... yes
checking for rb_io_closed_p() in ruby/io.h... yes
checking for rb_io_open_descriptor() in ruby/io.h... yes
checking for HAVE_RUBY_FIBER_SCHEDULER_H... yes
checking for rb_category_warn()... yes
checking for RB_WARN_CATEGORY_DEPRECATED... yes
checking for rb_prepend_module()... yes
creating Makefile

current directory: d:/shahanrb/ruby/3.4.0/gems/io-console-0.9.2/ext/io/console
make DESTDIR\= sitearchdir\=./.gem.20260907-3816-27ifg9 sitelibdir\=./.gem.20260907-3816-27ifg9 clean
make: 警告: ジョブサーバーが利用不可: 今回は -j1 を使います. 親 make ルールに `+' を追加しましょう.

current directory: d:/shahanrb/ruby/3.4.0/gems/io-console-0.9.2/ext/io/console
make DESTDIR\= sitearchdir\=./.gem.20260907-3816-27ifg9 sitelibdir\=./.gem.20260907-3816-27ifg9
make: 警告: ジョブサーバーが利用不可: 今回は -j1 を使います. 親 make ルールに `+' を追加しましょう.
generating console-x64-mingw-ucrt.def
compiling console.c
linking shared-object io/console.so

current directory: d:/shahanrb/ruby/3.4.0/gems/io-console-0.9.2/ext/io/console
make DESTDIR\= sitearchdir\=./.gem.20260907-3816-27ifg9 sitelibdir\=./.gem.20260907-3816-27ifg9 install
make: 警告: ジョブサーバーが利用不可: 今回は -j1 を使います. 親 make ルールに `+' を追加しましょう.
/usr/bin/install -c -m 0755 console.so ./.gem.20260907-3816-27ifg9/io

current directory: d:/shahanrb/ruby/3.4.0/gems/io-console-0.9.2/ext/io/console
make DESTDIR\= sitearchdir\=./.gem.20260907-3816-27ifg9 sitelibdir\=./.gem.20260907-3816-27ifg9 clean
make: 警告: ジョブサーバーが利用不可: 今回は -j1 を使います. 親 make ルールに `+' を追加しましょう.
