checking for --enable-debug-build option... -------------------- no

--------------------

pkg_config: checking for pkg-config for libffi... -------------------- ["-IC:/Ruby34-x64/msys64/ucrt64/bin/../include ", "-LC:/Ruby34-x64/msys64/ucrt64/bin/../lib/../lib", "-lffi"]

PATH=".;C:/Ruby34-x64/lib;C:\Ruby34-x64\bin;C:\Ruby34-x64\msys64\ucrt64\bin;C:\Ruby34-x64\msys64\usr\bin;C:\Program Files\WindowsApps\Microsoft.PowerShell_7.6.5.0_x64__8wekyb3d8bbwe;C:\Ruby34-x64\bin;C:\Program Files\OpenSSH\;C:\Oracle\product\12.2.0\client_2\bin;C:\Ora64\product\12.2.0\client_1\bin;C:\Windows\system32;C:\Windows;C:\Windows\System32\Wbem;C:\Windows\System32\WindowsPowerShell\v1.0\;C:\Windows\System32\OpenSSH\;C:\Program Files\dotnet\;c:\cygwin64\bin;c:\cygwin64\sbin;c:\cygwin64\usr\sbin;C:\mut\80道具\PSTools;C;\Program Files\avs\bin;C:\Program Files\avs\bin32;C:\Program Files\PuTTY\;C:\Program Files\Microsoft SQL Server\150\Tools\Binn\;C:\Program Files\Microsoft SQL Server\Client SDK\ODBC\170\Tools\Binn\;C:\Program Files (x86)\Windows Kits\10\Windows Performance Toolkit\;C:\Program Files\7-Zip;C:\Program Files\Git\cmd;C:\Ruby40-x64\sqlite3;C:\Users\m002831\AppData\Local\Programs\Python\Python314\Scripts\;C:\Users\m002831\AppData\Local\Programs\Python\Python314\;C:\Users\m002831\bin;C:\Oracle\bin;C:\Users\m002831\AppData\Local\Microsoft\WindowsApps;C:\Program Files (x86)\Nmap;C:\mut\80道具;C:\Users\m002831\.dotnet\tools;C:\Users\m002831\AppData\Local\Programs\Microsoft VS Code\bin" ASAN_OPTIONS=detect_leaks=0 x86_64-w64-mingw32-pkg-config --exists libffi
PATH=".;C:/Ruby34-x64/lib;C:\Ruby34-x64\bin;C:\Ruby34-x64\msys64\ucrt64\bin;C:\Ruby34-x64\msys64\usr\bin;C:\Program Files\WindowsApps\Microsoft.PowerShell_7.6.5.0_x64__8wekyb3d8bbwe;C:\Ruby34-x64\bin;C:\Program Files\OpenSSH\;C:\Oracle\product\12.2.0\client_2\bin;C:\Ora64\product\12.2.0\client_1\bin;C:\Windows\system32;C:\Windows;C:\Windows\System32\Wbem;C:\Windows\System32\WindowsPowerShell\v1.0\;C:\Windows\System32\OpenSSH\;C:\Program Files\dotnet\;c:\cygwin64\bin;c:\cygwin64\sbin;c:\cygwin64\usr\sbin;C:\mut\80道具\PSTools;C;\Program Files\avs\bin;C:\Program Files\avs\bin32;C:\Program Files\PuTTY\;C:\Program Files\Microsoft SQL Server\150\Tools\Binn\;C:\Program Files\Microsoft SQL Server\Client SDK\ODBC\170\Tools\Binn\;C:\Program Files (x86)\Windows Kits\10\Windows Performance Toolkit\;C:\Program Files\7-Zip;C:\Program Files\Git\cmd;C:\Ruby40-x64\sqlite3;C:\Users\m002831\AppData\Local\Programs\Python\Python314\Scripts\;C:\Users\m002831\AppData\Local\Programs\Python\Python314\;C:\Users\m002831\bin;C:\Oracle\bin;C:\Users\m002831\AppData\Local\Microsoft\WindowsApps;C:\Program Files (x86)\Nmap;C:\mut\80道具;C:\Users\m002831\.dotnet\tools;C:\Users\m002831\AppData\Local\Programs\Microsoft VS Code\bin" ASAN_OPTIONS=detect_leaks=0 x86_64-w64-mingw32-pkg-config --libs libffi |
=> "-LC:/Ruby34-x64/msys64/ucrt64/bin/../lib/../lib -lffi\n"
PATH=".;C:/Ruby34-x64/lib;C:\Ruby34-x64\bin;C:\Ruby34-x64\msys64\ucrt64\bin;C:\Ruby34-x64\msys64\usr\bin;C:\Program Files\WindowsApps\Microsoft.PowerShell_7.6.5.0_x64__8wekyb3d8bbwe;C:\Ruby34-x64\bin;C:\Program Files\OpenSSH\;C:\Oracle\product\12.2.0\client_2\bin;C:\Ora64\product\12.2.0\client_1\bin;C:\Windows\system32;C:\Windows;C:\Windows\System32\Wbem;C:\Windows\System32\WindowsPowerShell\v1.0\;C:\Windows\System32\OpenSSH\;C:\Program Files\dotnet\;c:\cygwin64\bin;c:\cygwin64\sbin;c:\cygwin64\usr\sbin;C:\mut\80道具\PSTools;C;\Program Files\avs\bin;C:\Program Files\avs\bin32;C:\Program Files\PuTTY\;C:\Program Files\Microsoft SQL Server\150\Tools\Binn\;C:\Program Files\Microsoft SQL Server\Client SDK\ODBC\170\Tools\Binn\;C:\Program Files (x86)\Windows Kits\10\Windows Performance Toolkit\;C:\Program Files\7-Zip;C:\Program Files\Git\cmd;C:\Ruby40-x64\sqlite3;C:\Users\m002831\AppData\Local\Programs\Python\Python314\Scripts\;C:\Users\m002831\AppData\Local\Programs\Python\Python314\;C:\Users\m002831\bin;C:\Oracle\bin;C:\Users\m002831\AppData\Local\Microsoft\WindowsApps;C:\Program Files (x86)\Nmap;C:\mut\80道具;C:\Users\m002831\.dotnet\tools;C:\Users\m002831\AppData\Local\Programs\Microsoft VS Code\bin" ASAN_OPTIONS=detect_leaks=0 "gcc -o conftest.exe -IC:/Ruby34-x64/include/ruby-3.4.0/x64-mingw-ucrt -IC:/Ruby34-x64/include/ruby-3.4.0/ruby/backward -IC:/Ruby34-x64/include/ruby-3.4.0 -I. -D_WIN32_WINNT=0x0600 -D__MINGW_USE_VC2005_COMPAT -D_FILE_OFFSET_BITS=64  -O3 -fstack-protector-strong conftest.c -L. -LC:/Ruby34-x64/lib -L. -pipe -s -fstack-protector-strong -lpthread -Wl,--no-as-needed     -lx64-ucrt-ruby340  -lshell32 -lws2_32 -liphlpapi -limagehlp -lshlwapi -lbcrypt  "
checked program was:
/* begin */
1: #include "ruby.h"
2: 
3: #include <winsock2.h>
4: #include <windows.h>
5: int main(int argc, char **argv)
6: {
7:   return !!argv[argc];
8: }
/* end */

PATH=".;C:/Ruby34-x64/lib;C:\Ruby34-x64\bin;C:\Ruby34-x64\msys64\ucrt64\bin;C:\Ruby34-x64\msys64\usr\bin;C:\Program Files\WindowsApps\Microsoft.PowerShell_7.6.5.0_x64__8wekyb3d8bbwe;C:\Ruby34-x64\bin;C:\Program Files\OpenSSH\;C:\Oracle\product\12.2.0\client_2\bin;C:\Ora64\product\12.2.0\client_1\bin;C:\Windows\system32;C:\Windows;C:\Windows\System32\Wbem;C:\Windows\System32\WindowsPowerShell\v1.0\;C:\Windows\System32\OpenSSH\;C:\Program Files\dotnet\;c:\cygwin64\bin;c:\cygwin64\sbin;c:\cygwin64\usr\sbin;C:\mut\80道具\PSTools;C;\Program Files\avs\bin;C:\Program Files\avs\bin32;C:\Program Files\PuTTY\;C:\Program Files\Microsoft SQL Server\150\Tools\Binn\;C:\Program Files\Microsoft SQL Server\Client SDK\ODBC\170\Tools\Binn\;C:\Program Files (x86)\Windows Kits\10\Windows Performance Toolkit\;C:\Program Files\7-Zip;C:\Program Files\Git\cmd;C:\Ruby40-x64\sqlite3;C:\Users\m002831\AppData\Local\Programs\Python\Python314\Scripts\;C:\Users\m002831\AppData\Local\Programs\Python\Python314\;C:\Users\m002831\bin;C:\Oracle\bin;C:\Users\m002831\AppData\Local\Microsoft\WindowsApps;C:\Program Files (x86)\Nmap;C:\mut\80道具;C:\Users\m002831\.dotnet\tools;C:\Users\m002831\AppData\Local\Programs\Microsoft VS Code\bin" ASAN_OPTIONS=detect_leaks=0 "gcc -o conftest.exe -IC:/Ruby34-x64/include/ruby-3.4.0/x64-mingw-ucrt -IC:/Ruby34-x64/include/ruby-3.4.0/ruby/backward -IC:/Ruby34-x64/include/ruby-3.4.0 -I. -D_WIN32_WINNT=0x0600 -D__MINGW_USE_VC2005_COMPAT -D_FILE_OFFSET_BITS=64  -O3 -fstack-protector-strong conftest.c -L. -LC:/Ruby34-x64/lib -L. -pipe -s -fstack-protector-strong -lpthread -Wl,--no-as-needed -LC:/Ruby34-x64/msys64/ucrt64/bin/../lib/../lib -lffi    -lx64-ucrt-ruby340  -lshell32 -lws2_32 -liphlpapi -limagehlp -lshlwapi -lbcrypt  "
checked program was:
/* begin */
1: #include "ruby.h"
2: 
3: #include <winsock2.h>
4: #include <windows.h>
5: int main(int argc, char **argv)
6: {
7:   return !!argv[argc];
8: }
/* end */

PATH=".;C:/Ruby34-x64/lib;C:\Ruby34-x64\bin;C:\Ruby34-x64\msys64\ucrt64\bin;C:\Ruby34-x64\msys64\usr\bin;C:\Program Files\WindowsApps\Microsoft.PowerShell_7.6.5.0_x64__8wekyb3d8bbwe;C:\Ruby34-x64\bin;C:\Program Files\OpenSSH\;C:\Oracle\product\12.2.0\client_2\bin;C:\Ora64\product\12.2.0\client_1\bin;C:\Windows\system32;C:\Windows;C:\Windows\System32\Wbem;C:\Windows\System32\WindowsPowerShell\v1.0\;C:\Windows\System32\OpenSSH\;C:\Program Files\dotnet\;c:\cygwin64\bin;c:\cygwin64\sbin;c:\cygwin64\usr\sbin;C:\mut\80道具\PSTools;C;\Program Files\avs\bin;C:\Program Files\avs\bin32;C:\Program Files\PuTTY\;C:\Program Files\Microsoft SQL Server\150\Tools\Binn\;C:\Program Files\Microsoft SQL Server\Client SDK\ODBC\170\Tools\Binn\;C:\Program Files (x86)\Windows Kits\10\Windows Performance Toolkit\;C:\Program Files\7-Zip;C:\Program Files\Git\cmd;C:\Ruby40-x64\sqlite3;C:\Users\m002831\AppData\Local\Programs\Python\Python314\Scripts\;C:\Users\m002831\AppData\Local\Programs\Python\Python314\;C:\Users\m002831\bin;C:\Oracle\bin;C:\Users\m002831\AppData\Local\Microsoft\WindowsApps;C:\Program Files (x86)\Nmap;C:\mut\80道具;C:\Users\m002831\.dotnet\tools;C:\Users\m002831\AppData\Local\Programs\Microsoft VS Code\bin" ASAN_OPTIONS=detect_leaks=0 x86_64-w64-mingw32-pkg-config --cflags-only-I libffi |
=> "-IC:/Ruby34-x64/msys64/ucrt64/bin/../include\n"
PATH=".;C:/Ruby34-x64/lib;C:\Ruby34-x64\bin;C:\Ruby34-x64\msys64\ucrt64\bin;C:\Ruby34-x64\msys64\usr\bin;C:\Program Files\WindowsApps\Microsoft.PowerShell_7.6.5.0_x64__8wekyb3d8bbwe;C:\Ruby34-x64\bin;C:\Program Files\OpenSSH\;C:\Oracle\product\12.2.0\client_2\bin;C:\Ora64\product\12.2.0\client_1\bin;C:\Windows\system32;C:\Windows;C:\Windows\System32\Wbem;C:\Windows\System32\WindowsPowerShell\v1.0\;C:\Windows\System32\OpenSSH\;C:\Program Files\dotnet\;c:\cygwin64\bin;c:\cygwin64\sbin;c:\cygwin64\usr\sbin;C:\mut\80道具\PSTools;C;\Program Files\avs\bin;C:\Program Files\avs\bin32;C:\Program Files\PuTTY\;C:\Program Files\Microsoft SQL Server\150\Tools\Binn\;C:\Program Files\Microsoft SQL Server\Client SDK\ODBC\170\Tools\Binn\;C:\Program Files (x86)\Windows Kits\10\Windows Performance Toolkit\;C:\Program Files\7-Zip;C:\Program Files\Git\cmd;C:\Ruby40-x64\sqlite3;C:\Users\m002831\AppData\Local\Programs\Python\Python314\Scripts\;C:\Users\m002831\AppData\Local\Programs\Python\Python314\;C:\Users\m002831\bin;C:\Oracle\bin;C:\Users\m002831\AppData\Local\Microsoft\WindowsApps;C:\Program Files (x86)\Nmap;C:\mut\80道具;C:\Users\m002831\.dotnet\tools;C:\Users\m002831\AppData\Local\Programs\Microsoft VS Code\bin" ASAN_OPTIONS=detect_leaks=0 x86_64-w64-mingw32-pkg-config --cflags-only-other libffi |
=> "\n"
PATH=".;C:/Ruby34-x64/lib;C:\Ruby34-x64\bin;C:\Ruby34-x64\msys64\ucrt64\bin;C:\Ruby34-x64\msys64\usr\bin;C:\Program Files\WindowsApps\Microsoft.PowerShell_7.6.5.0_x64__8wekyb3d8bbwe;C:\Ruby34-x64\bin;C:\Program Files\OpenSSH\;C:\Oracle\product\12.2.0\client_2\bin;C:\Ora64\product\12.2.0\client_1\bin;C:\Windows\system32;C:\Windows;C:\Windows\System32\Wbem;C:\Windows\System32\WindowsPowerShell\v1.0\;C:\Windows\System32\OpenSSH\;C:\Program Files\dotnet\;c:\cygwin64\bin;c:\cygwin64\sbin;c:\cygwin64\usr\sbin;C:\mut\80道具\PSTools;C;\Program Files\avs\bin;C:\Program Files\avs\bin32;C:\Program Files\PuTTY\;C:\Program Files\Microsoft SQL Server\150\Tools\Binn\;C:\Program Files\Microsoft SQL Server\Client SDK\ODBC\170\Tools\Binn\;C:\Program Files (x86)\Windows Kits\10\Windows Performance Toolkit\;C:\Program Files\7-Zip;C:\Program Files\Git\cmd;C:\Ruby40-x64\sqlite3;C:\Users\m002831\AppData\Local\Programs\Python\Python314\Scripts\;C:\Users\m002831\AppData\Local\Programs\Python\Python314\;C:\Users\m002831\bin;C:\Oracle\bin;C:\Users\m002831\AppData\Local\Microsoft\WindowsApps;C:\Program Files (x86)\Nmap;C:\mut\80道具;C:\Users\m002831\.dotnet\tools;C:\Users\m002831\AppData\Local\Programs\Microsoft VS Code\bin" ASAN_OPTIONS=detect_leaks=0 x86_64-w64-mingw32-pkg-config --libs-only-l libffi |
=> "-lffi\n"
package configuration for libffi
incflags: -IC:/Ruby34-x64/msys64/ucrt64/bin/../include
cflags: 
ldflags: -LC:/Ruby34-x64/msys64/ucrt64/bin/../lib/../lib
libs: -lffi

--------------------

pkg_config: checking for pkg-config for libffi... -------------------- "3.6.0"

PATH=".;C:/Ruby34-x64/lib;C:\Ruby34-x64\bin;C:\Ruby34-x64\msys64\ucrt64\bin;C:\Ruby34-x64\msys64\usr\bin;C:\Program Files\WindowsApps\Microsoft.PowerShell_7.6.5.0_x64__8wekyb3d8bbwe;C:\Ruby34-x64\bin;C:\Program Files\OpenSSH\;C:\Oracle\product\12.2.0\client_2\bin;C:\Ora64\product\12.2.0\client_1\bin;C:\Windows\system32;C:\Windows;C:\Windows\System32\Wbem;C:\Windows\System32\WindowsPowerShell\v1.0\;C:\Windows\System32\OpenSSH\;C:\Program Files\dotnet\;c:\cygwin64\bin;c:\cygwin64\sbin;c:\cygwin64\usr\sbin;C:\mut\80道具\PSTools;C;\Program Files\avs\bin;C:\Program Files\avs\bin32;C:\Program Files\PuTTY\;C:\Program Files\Microsoft SQL Server\150\Tools\Binn\;C:\Program Files\Microsoft SQL Server\Client SDK\ODBC\170\Tools\Binn\;C:\Program Files (x86)\Windows Kits\10\Windows Performance Toolkit\;C:\Program Files\7-Zip;C:\Program Files\Git\cmd;C:\Ruby40-x64\sqlite3;C:\Users\m002831\AppData\Local\Programs\Python\Python314\Scripts\;C:\Users\m002831\AppData\Local\Programs\Python\Python314\;C:\Users\m002831\bin;C:\Oracle\bin;C:\Users\m002831\AppData\Local\Microsoft\WindowsApps;C:\Program Files (x86)\Nmap;C:\mut\80道具;C:\Users\m002831\.dotnet\tools;C:\Users\m002831\AppData\Local\Programs\Microsoft VS Code\bin" ASAN_OPTIONS=detect_leaks=0 x86_64-w64-mingw32-pkg-config --exists libffi
PATH=".;C:/Ruby34-x64/lib;C:\Ruby34-x64\bin;C:\Ruby34-x64\msys64\ucrt64\bin;C:\Ruby34-x64\msys64\usr\bin;C:\Program Files\WindowsApps\Microsoft.PowerShell_7.6.5.0_x64__8wekyb3d8bbwe;C:\Ruby34-x64\bin;C:\Program Files\OpenSSH\;C:\Oracle\product\12.2.0\client_2\bin;C:\Ora64\product\12.2.0\client_1\bin;C:\Windows\system32;C:\Windows;C:\Windows\System32\Wbem;C:\Windows\System32\WindowsPowerShell\v1.0\;C:\Windows\System32\OpenSSH\;C:\Program Files\dotnet\;c:\cygwin64\bin;c:\cygwin64\sbin;c:\cygwin64\usr\sbin;C:\mut\80道具\PSTools;C;\Program Files\avs\bin;C:\Program Files\avs\bin32;C:\Program Files\PuTTY\;C:\Program Files\Microsoft SQL Server\150\Tools\Binn\;C:\Program Files\Microsoft SQL Server\Client SDK\ODBC\170\Tools\Binn\;C:\Program Files (x86)\Windows Kits\10\Windows Performance Toolkit\;C:\Program Files\7-Zip;C:\Program Files\Git\cmd;C:\Ruby40-x64\sqlite3;C:\Users\m002831\AppData\Local\Programs\Python\Python314\Scripts\;C:\Users\m002831\AppData\Local\Programs\Python\Python314\;C:\Users\m002831\bin;C:\Oracle\bin;C:\Users\m002831\AppData\Local\Microsoft\WindowsApps;C:\Program Files (x86)\Nmap;C:\mut\80道具;C:\Users\m002831\.dotnet\tools;C:\Users\m002831\AppData\Local\Programs\Microsoft VS Code\bin" ASAN_OPTIONS=detect_leaks=0 x86_64-w64-mingw32-pkg-config --modversion libffi |
=> "3.6.0\n"
--------------------

have_header: checking for ffi.h... -------------------- yes

PATH=".;C:/Ruby34-x64/lib;C:\Ruby34-x64\bin;C:\Ruby34-x64\msys64\ucrt64\bin;C:\Ruby34-x64\msys64\usr\bin;C:\Program Files\WindowsApps\Microsoft.PowerShell_7.6.5.0_x64__8wekyb3d8bbwe;C:\Ruby34-x64\bin;C:\Program Files\OpenSSH\;C:\Oracle\product\12.2.0\client_2\bin;C:\Ora64\product\12.2.0\client_1\bin;C:\Windows\system32;C:\Windows;C:\Windows\System32\Wbem;C:\Windows\System32\WindowsPowerShell\v1.0\;C:\Windows\System32\OpenSSH\;C:\Program Files\dotnet\;c:\cygwin64\bin;c:\cygwin64\sbin;c:\cygwin64\usr\sbin;C:\mut\80道具\PSTools;C;\Program Files\avs\bin;C:\Program Files\avs\bin32;C:\Program Files\PuTTY\;C:\Program Files\Microsoft SQL Server\150\Tools\Binn\;C:\Program Files\Microsoft SQL Server\Client SDK\ODBC\170\Tools\Binn\;C:\Program Files (x86)\Windows Kits\10\Windows Performance Toolkit\;C:\Program Files\7-Zip;C:\Program Files\Git\cmd;C:\Ruby40-x64\sqlite3;C:\Users\m002831\AppData\Local\Programs\Python\Python314\Scripts\;C:\Users\m002831\AppData\Local\Programs\Python\Python314\;C:\Users\m002831\bin;C:\Oracle\bin;C:\Users\m002831\AppData\Local\Microsoft\WindowsApps;C:\Program Files (x86)\Nmap;C:\mut\80道具;C:\Users\m002831\.dotnet\tools;C:\Users\m002831\AppData\Local\Programs\Microsoft VS Code\bin" ASAN_OPTIONS=detect_leaks=0 "gcc -IC:/Ruby34-x64/include/ruby-3.4.0/x64-mingw-ucrt -IC:/Ruby34-x64/include/ruby-3.4.0/ruby/backward -IC:/Ruby34-x64/include/ruby-3.4.0 -I. -IC:/Ruby34-x64/msys64/ucrt64/bin/../include -D_WIN32_WINNT=0x0600 -D__MINGW_USE_VC2005_COMPAT -D_FILE_OFFSET_BITS=64  -O3 -fstack-protector-strong    -c conftest.c"
checked program was:
/* begin */
1: #include "ruby.h"
2: 
3: #include <winsock2.h>
4: #include <windows.h>
5: #include <ffi.h>
/* end */

--------------------

have_library: checking for -lffi... -------------------- yes

PATH=".;C:/Ruby34-x64/lib;C:\Ruby34-x64\bin;C:\Ruby34-x64\msys64\ucrt64\bin;C:\Ruby34-x64\msys64\usr\bin;C:\Program Files\WindowsApps\Microsoft.PowerShell_7.6.5.0_x64__8wekyb3d8bbwe;C:\Ruby34-x64\bin;C:\Program Files\OpenSSH\;C:\Oracle\product\12.2.0\client_2\bin;C:\Ora64\product\12.2.0\client_1\bin;C:\Windows\system32;C:\Windows;C:\Windows\System32\Wbem;C:\Windows\System32\WindowsPowerShell\v1.0\;C:\Windows\System32\OpenSSH\;C:\Program Files\dotnet\;c:\cygwin64\bin;c:\cygwin64\sbin;c:\cygwin64\usr\sbin;C:\mut\80道具\PSTools;C;\Program Files\avs\bin;C:\Program Files\avs\bin32;C:\Program Files\PuTTY\;C:\Program Files\Microsoft SQL Server\150\Tools\Binn\;C:\Program Files\Microsoft SQL Server\Client SDK\ODBC\170\Tools\Binn\;C:\Program Files (x86)\Windows Kits\10\Windows Performance Toolkit\;C:\Program Files\7-Zip;C:\Program Files\Git\cmd;C:\Ruby40-x64\sqlite3;C:\Users\m002831\AppData\Local\Programs\Python\Python314\Scripts\;C:\Users\m002831\AppData\Local\Programs\Python\Python314\;C:\Users\m002831\bin;C:\Oracle\bin;C:\Users\m002831\AppData\Local\Microsoft\WindowsApps;C:\Program Files (x86)\Nmap;C:\mut\80道具;C:\Users\m002831\.dotnet\tools;C:\Users\m002831\AppData\Local\Programs\Microsoft VS Code\bin" ASAN_OPTIONS=detect_leaks=0 "gcc -o conftest.exe -IC:/Ruby34-x64/include/ruby-3.4.0/x64-mingw-ucrt -IC:/Ruby34-x64/include/ruby-3.4.0/ruby/backward -IC:/Ruby34-x64/include/ruby-3.4.0 -I. -IC:/Ruby34-x64/msys64/ucrt64/bin/../include -D_WIN32_WINNT=0x0600 -D__MINGW_USE_VC2005_COMPAT -D_FILE_OFFSET_BITS=64  -O3 -fstack-protector-strong  conftest.c -L. -LC:/Ruby34-x64/lib -L. -pipe -s -fstack-protector-strong -lpthread -Wl,--no-as-needed -LC:/Ruby34-x64/msys64/ucrt64/bin/../lib/../lib     -lffi -lx64-ucrt-ruby340 -lffi  -lffi -lshell32 -lws2_32 -liphlpapi -limagehlp -lshlwapi -lbcrypt  "
checked program was:
/* begin */
 1: #include "ruby.h"
 2: 
 3: #include <winsock2.h>
 4: #include <windows.h>
 5: 
 6: /*top*/
 7: extern int t(void);
 8: int main(int argc, char **argv)
 9: {
10:   if (argc > 1000000) {
11:     int (* volatile tp)(void)=(int (*)(void))&t;
12:     printf("%d", (*tp)());
13:   }
14: 
15:   return !!argv[argc];
16: }
17: 
18: int t(void) { ; return 0; }
/* end */

--------------------

have_header: checking for sys/mman.h... -------------------- no

PATH=".;C:/Ruby34-x64/lib;C:\Ruby34-x64\bin;C:\Ruby34-x64\msys64\ucrt64\bin;C:\Ruby34-x64\msys64\usr\bin;C:\Program Files\WindowsApps\Microsoft.PowerShell_7.6.5.0_x64__8wekyb3d8bbwe;C:\Ruby34-x64\bin;C:\Program Files\OpenSSH\;C:\Oracle\product\12.2.0\client_2\bin;C:\Ora64\product\12.2.0\client_1\bin;C:\Windows\system32;C:\Windows;C:\Windows\System32\Wbem;C:\Windows\System32\WindowsPowerShell\v1.0\;C:\Windows\System32\OpenSSH\;C:\Program Files\dotnet\;c:\cygwin64\bin;c:\cygwin64\sbin;c:\cygwin64\usr\sbin;C:\mut\80道具\PSTools;C;\Program Files\avs\bin;C:\Program Files\avs\bin32;C:\Program Files\PuTTY\;C:\Program Files\Microsoft SQL Server\150\Tools\Binn\;C:\Program Files\Microsoft SQL Server\Client SDK\ODBC\170\Tools\Binn\;C:\Program Files (x86)\Windows Kits\10\Windows Performance Toolkit\;C:\Program Files\7-Zip;C:\Program Files\Git\cmd;C:\Ruby40-x64\sqlite3;C:\Users\m002831\AppData\Local\Programs\Python\Python314\Scripts\;C:\Users\m002831\AppData\Local\Programs\Python\Python314\;C:\Users\m002831\bin;C:\Oracle\bin;C:\Users\m002831\AppData\Local\Microsoft\WindowsApps;C:\Program Files (x86)\Nmap;C:\mut\80道具;C:\Users\m002831\.dotnet\tools;C:\Users\m002831\AppData\Local\Programs\Microsoft VS Code\bin" ASAN_OPTIONS=detect_leaks=0 "gcc -IC:/Ruby34-x64/include/ruby-3.4.0/x64-mingw-ucrt -IC:/Ruby34-x64/include/ruby-3.4.0/ruby/backward -IC:/Ruby34-x64/include/ruby-3.4.0 -I. -IC:/Ruby34-x64/msys64/ucrt64/bin/../include -D_WIN32_WINNT=0x0600 -D__MINGW_USE_VC2005_COMPAT -D_FILE_OFFSET_BITS=64  -O3 -fstack-protector-strong    -c conftest.c"
conftest.c:5:10: fatal error: sys/mman.h: No such file or directory
    5 | #include <sys/mman.h>
      |          ^~~~~~~~~~~~
compilation terminated.
checked program was:
/* begin */
1: #include "ruby.h"
2: 
3: #include <winsock2.h>
4: #include <windows.h>
5: #include <sys/mman.h>
/* end */

--------------------

have_header: checking for link.h... -------------------- no

PATH=".;C:/Ruby34-x64/lib;C:\Ruby34-x64\bin;C:\Ruby34-x64\msys64\ucrt64\bin;C:\Ruby34-x64\msys64\usr\bin;C:\Program Files\WindowsApps\Microsoft.PowerShell_7.6.5.0_x64__8wekyb3d8bbwe;C:\Ruby34-x64\bin;C:\Program Files\OpenSSH\;C:\Oracle\product\12.2.0\client_2\bin;C:\Ora64\product\12.2.0\client_1\bin;C:\Windows\system32;C:\Windows;C:\Windows\System32\Wbem;C:\Windows\System32\WindowsPowerShell\v1.0\;C:\Windows\System32\OpenSSH\;C:\Program Files\dotnet\;c:\cygwin64\bin;c:\cygwin64\sbin;c:\cygwin64\usr\sbin;C:\mut\80道具\PSTools;C;\Program Files\avs\bin;C:\Program Files\avs\bin32;C:\Program Files\PuTTY\;C:\Program Files\Microsoft SQL Server\150\Tools\Binn\;C:\Program Files\Microsoft SQL Server\Client SDK\ODBC\170\Tools\Binn\;C:\Program Files (x86)\Windows Kits\10\Windows Performance Toolkit\;C:\Program Files\7-Zip;C:\Program Files\Git\cmd;C:\Ruby40-x64\sqlite3;C:\Users\m002831\AppData\Local\Programs\Python\Python314\Scripts\;C:\Users\m002831\AppData\Local\Programs\Python\Python314\;C:\Users\m002831\bin;C:\Oracle\bin;C:\Users\m002831\AppData\Local\Microsoft\WindowsApps;C:\Program Files (x86)\Nmap;C:\mut\80道具;C:\Users\m002831\.dotnet\tools;C:\Users\m002831\AppData\Local\Programs\Microsoft VS Code\bin" ASAN_OPTIONS=detect_leaks=0 "gcc -IC:/Ruby34-x64/include/ruby-3.4.0/x64-mingw-ucrt -IC:/Ruby34-x64/include/ruby-3.4.0/ruby/backward -IC:/Ruby34-x64/include/ruby-3.4.0 -I. -IC:/Ruby34-x64/msys64/ucrt64/bin/../include -D_WIN32_WINNT=0x0600 -D__MINGW_USE_VC2005_COMPAT -D_FILE_OFFSET_BITS=64  -O3 -fstack-protector-strong    -c conftest.c"
conftest.c:5:10: fatal error: link.h: No such file or directory
    5 | #include <link.h>
      |          ^~~~~~~~
compilation terminated.
checked program was:
/* begin */
1: #include "ruby.h"
2: 
3: #include <winsock2.h>
4: #include <windows.h>
5: #include <link.h>
/* end */

--------------------

have_header: checking for dlfcn.h... -------------------- no

PATH=".;C:/Ruby34-x64/lib;C:\Ruby34-x64\bin;C:\Ruby34-x64\msys64\ucrt64\bin;C:\Ruby34-x64\msys64\usr\bin;C:\Program Files\WindowsApps\Microsoft.PowerShell_7.6.5.0_x64__8wekyb3d8bbwe;C:\Ruby34-x64\bin;C:\Program Files\OpenSSH\;C:\Oracle\product\12.2.0\client_2\bin;C:\Ora64\product\12.2.0\client_1\bin;C:\Windows\system32;C:\Windows;C:\Windows\System32\Wbem;C:\Windows\System32\WindowsPowerShell\v1.0\;C:\Windows\System32\OpenSSH\;C:\Program Files\dotnet\;c:\cygwin64\bin;c:\cygwin64\sbin;c:\cygwin64\usr\sbin;C:\mut\80道具\PSTools;C;\Program Files\avs\bin;C:\Program Files\avs\bin32;C:\Program Files\PuTTY\;C:\Program Files\Microsoft SQL Server\150\Tools\Binn\;C:\Program Files\Microsoft SQL Server\Client SDK\ODBC\170\Tools\Binn\;C:\Program Files (x86)\Windows Kits\10\Windows Performance Toolkit\;C:\Program Files\7-Zip;C:\Program Files\Git\cmd;C:\Ruby40-x64\sqlite3;C:\Users\m002831\AppData\Local\Programs\Python\Python314\Scripts\;C:\Users\m002831\AppData\Local\Programs\Python\Python314\;C:\Users\m002831\bin;C:\Oracle\bin;C:\Users\m002831\AppData\Local\Microsoft\WindowsApps;C:\Program Files (x86)\Nmap;C:\mut\80道具;C:\Users\m002831\.dotnet\tools;C:\Users\m002831\AppData\Local\Programs\Microsoft VS Code\bin" ASAN_OPTIONS=detect_leaks=0 "gcc -IC:/Ruby34-x64/include/ruby-3.4.0/x64-mingw-ucrt -IC:/Ruby34-x64/include/ruby-3.4.0/ruby/backward -IC:/Ruby34-x64/include/ruby-3.4.0 -I. -IC:/Ruby34-x64/msys64/ucrt64/bin/../include -D_WIN32_WINNT=0x0600 -D__MINGW_USE_VC2005_COMPAT -D_FILE_OFFSET_BITS=64  -O3 -fstack-protector-strong    -c conftest.c"
conftest.c:5:10: fatal error: dlfcn.h: No such file or directory
    5 | #include <dlfcn.h>
      |          ^~~~~~~~~
compilation terminated.
checked program was:
/* begin */
1: #include "ruby.h"
2: 
3: #include <winsock2.h>
4: #include <windows.h>
5: #include <dlfcn.h>
/* end */

--------------------

have_header: checking for windows.h... -------------------- yes

PATH=".;C:/Ruby34-x64/lib;C:\Ruby34-x64\bin;C:\Ruby34-x64\msys64\ucrt64\bin;C:\Ruby34-x64\msys64\usr\bin;C:\Program Files\WindowsApps\Microsoft.PowerShell_7.6.5.0_x64__8wekyb3d8bbwe;C:\Ruby34-x64\bin;C:\Program Files\OpenSSH\;C:\Oracle\product\12.2.0\client_2\bin;C:\Ora64\product\12.2.0\client_1\bin;C:\Windows\system32;C:\Windows;C:\Windows\System32\Wbem;C:\Windows\System32\WindowsPowerShell\v1.0\;C:\Windows\System32\OpenSSH\;C:\Program Files\dotnet\;c:\cygwin64\bin;c:\cygwin64\sbin;c:\cygwin64\usr\sbin;C:\mut\80道具\PSTools;C;\Program Files\avs\bin;C:\Program Files\avs\bin32;C:\Program Files\PuTTY\;C:\Program Files\Microsoft SQL Server\150\Tools\Binn\;C:\Program Files\Microsoft SQL Server\Client SDK\ODBC\170\Tools\Binn\;C:\Program Files (x86)\Windows Kits\10\Windows Performance Toolkit\;C:\Program Files\7-Zip;C:\Program Files\Git\cmd;C:\Ruby40-x64\sqlite3;C:\Users\m002831\AppData\Local\Programs\Python\Python314\Scripts\;C:\Users\m002831\AppData\Local\Programs\Python\Python314\;C:\Users\m002831\bin;C:\Oracle\bin;C:\Users\m002831\AppData\Local\Microsoft\WindowsApps;C:\Program Files (x86)\Nmap;C:\mut\80道具;C:\Users\m002831\.dotnet\tools;C:\Users\m002831\AppData\Local\Programs\Microsoft VS Code\bin" ASAN_OPTIONS=detect_leaks=0 "gcc -IC:/Ruby34-x64/include/ruby-3.4.0/x64-mingw-ucrt -IC:/Ruby34-x64/include/ruby-3.4.0/ruby/backward -IC:/Ruby34-x64/include/ruby-3.4.0 -I. -IC:/Ruby34-x64/msys64/ucrt64/bin/../include -D_WIN32_WINNT=0x0600 -D__MINGW_USE_VC2005_COMPAT -D_FILE_OFFSET_BITS=64  -O3 -fstack-protector-strong    -c conftest.c"
checked program was:
/* begin */
1: #include "ruby.h"
2: 
3: #include <winsock2.h>
4: #include <windows.h>
5: #include <windows.h>
/* end */

--------------------

have_func: checking for LoadLibrary()... -------------------- yes

PATH=".;C:/Ruby34-x64/lib;C:\Ruby34-x64\bin;C:\Ruby34-x64\msys64\ucrt64\bin;C:\Ruby34-x64\msys64\usr\bin;C:\Program Files\WindowsApps\Microsoft.PowerShell_7.6.5.0_x64__8wekyb3d8bbwe;C:\Ruby34-x64\bin;C:\Program Files\OpenSSH\;C:\Oracle\product\12.2.0\client_2\bin;C:\Ora64\product\12.2.0\client_1\bin;C:\Windows\system32;C:\Windows;C:\Windows\System32\Wbem;C:\Windows\System32\WindowsPowerShell\v1.0\;C:\Windows\System32\OpenSSH\;C:\Program Files\dotnet\;c:\cygwin64\bin;c:\cygwin64\sbin;c:\cygwin64\usr\sbin;C:\mut\80道具\PSTools;C;\Program Files\avs\bin;C:\Program Files\avs\bin32;C:\Program Files\PuTTY\;C:\Program Files\Microsoft SQL Server\150\Tools\Binn\;C:\Program Files\Microsoft SQL Server\Client SDK\ODBC\170\Tools\Binn\;C:\Program Files (x86)\Windows Kits\10\Windows Performance Toolkit\;C:\Program Files\7-Zip;C:\Program Files\Git\cmd;C:\Ruby40-x64\sqlite3;C:\Users\m002831\AppData\Local\Programs\Python\Python314\Scripts\;C:\Users\m002831\AppData\Local\Programs\Python\Python314\;C:\Users\m002831\bin;C:\Oracle\bin;C:\Users\m002831\AppData\Local\Microsoft\WindowsApps;C:\Program Files (x86)\Nmap;C:\mut\80道具;C:\Users\m002831\.dotnet\tools;C:\Users\m002831\AppData\Local\Programs\Microsoft VS Code\bin" ASAN_OPTIONS=detect_leaks=0 "gcc -o conftest.exe -IC:/Ruby34-x64/include/ruby-3.4.0/x64-mingw-ucrt -IC:/Ruby34-x64/include/ruby-3.4.0/ruby/backward -IC:/Ruby34-x64/include/ruby-3.4.0 -I. -IC:/Ruby34-x64/msys64/ucrt64/bin/../include -D_WIN32_WINNT=0x0600 -D__MINGW_USE_VC2005_COMPAT -D_FILE_OFFSET_BITS=64  -O3 -fstack-protector-strong  conftest.c -L. -LC:/Ruby34-x64/lib -L. -pipe -s -fstack-protector-strong -lpthread -Wl,--no-as-needed -LC:/Ruby34-x64/msys64/ucrt64/bin/../lib/../lib    -lffi  -lffi -lx64-ucrt-ruby340 -lffi  -lffi -lshell32 -lws2_32 -liphlpapi -limagehlp -lshlwapi -lbcrypt  "
checked program was:
/* begin */
 1: #include "ruby.h"
 2: 
 3: #include <winsock2.h>
 4: #include <windows.h>
 5: 
 6: /*top*/
 7: extern int t(void);
 8: int main(int argc, char **argv)
 9: {
10:   if (argc > 1000000) {
11:     int (* volatile tp)(void)=(int (*)(void))&t;
12:     printf("%d", (*tp)());
13:   }
14: 
15:   return !!argv[argc];
16: }
17: int t(void) { void ((*volatile p)()); p = (void ((*)()))LoadLibrary; return !p; }
/* end */

--------------------

have_func: checking for FreeLibrary()... -------------------- yes

PATH=".;C:/Ruby34-x64/lib;C:\Ruby34-x64\bin;C:\Ruby34-x64\msys64\ucrt64\bin;C:\Ruby34-x64\msys64\usr\bin;C:\Program Files\WindowsApps\Microsoft.PowerShell_7.6.5.0_x64__8wekyb3d8bbwe;C:\Ruby34-x64\bin;C:\Program Files\OpenSSH\;C:\Oracle\product\12.2.0\client_2\bin;C:\Ora64\product\12.2.0\client_1\bin;C:\Windows\system32;C:\Windows;C:\Windows\System32\Wbem;C:\Windows\System32\WindowsPowerShell\v1.0\;C:\Windows\System32\OpenSSH\;C:\Program Files\dotnet\;c:\cygwin64\bin;c:\cygwin64\sbin;c:\cygwin64\usr\sbin;C:\mut\80道具\PSTools;C;\Program Files\avs\bin;C:\Program Files\avs\bin32;C:\Program Files\PuTTY\;C:\Program Files\Microsoft SQL Server\150\Tools\Binn\;C:\Program Files\Microsoft SQL Server\Client SDK\ODBC\170\Tools\Binn\;C:\Program Files (x86)\Windows Kits\10\Windows Performance Toolkit\;C:\Program Files\7-Zip;C:\Program Files\Git\cmd;C:\Ruby40-x64\sqlite3;C:\Users\m002831\AppData\Local\Programs\Python\Python314\Scripts\;C:\Users\m002831\AppData\Local\Programs\Python\Python314\;C:\Users\m002831\bin;C:\Oracle\bin;C:\Users\m002831\AppData\Local\Microsoft\WindowsApps;C:\Program Files (x86)\Nmap;C:\mut\80道具;C:\Users\m002831\.dotnet\tools;C:\Users\m002831\AppData\Local\Programs\Microsoft VS Code\bin" ASAN_OPTIONS=detect_leaks=0 "gcc -o conftest.exe -IC:/Ruby34-x64/include/ruby-3.4.0/x64-mingw-ucrt -IC:/Ruby34-x64/include/ruby-3.4.0/ruby/backward -IC:/Ruby34-x64/include/ruby-3.4.0 -I. -IC:/Ruby34-x64/msys64/ucrt64/bin/../include -D_WIN32_WINNT=0x0600 -D__MINGW_USE_VC2005_COMPAT -D_FILE_OFFSET_BITS=64  -O3 -fstack-protector-strong  conftest.c -L. -LC:/Ruby34-x64/lib -L. -pipe -s -fstack-protector-strong -lpthread -Wl,--no-as-needed -LC:/Ruby34-x64/msys64/ucrt64/bin/../lib/../lib    -lffi  -lffi -lx64-ucrt-ruby340 -lffi  -lffi -lshell32 -lws2_32 -liphlpapi -limagehlp -lshlwapi -lbcrypt  "
checked program was:
/* begin */
 1: #include "ruby.h"
 2: 
 3: #include <winsock2.h>
 4: #include <windows.h>
 5: 
 6: /*top*/
 7: extern int t(void);
 8: int main(int argc, char **argv)
 9: {
10:   if (argc > 1000000) {
11:     int (* volatile tp)(void)=(int (*)(void))&t;
12:     printf("%d", (*tp)());
13:   }
14: 
15:   return !!argv[argc];
16: }
17: int t(void) { void ((*volatile p)()); p = (void ((*)()))FreeLibrary; return !p; }
/* end */

--------------------

have_func: checking for GetProcAddress()... -------------------- yes

PATH=".;C:/Ruby34-x64/lib;C:\Ruby34-x64\bin;C:\Ruby34-x64\msys64\ucrt64\bin;C:\Ruby34-x64\msys64\usr\bin;C:\Program Files\WindowsApps\Microsoft.PowerShell_7.6.5.0_x64__8wekyb3d8bbwe;C:\Ruby34-x64\bin;C:\Program Files\OpenSSH\;C:\Oracle\product\12.2.0\client_2\bin;C:\Ora64\product\12.2.0\client_1\bin;C:\Windows\system32;C:\Windows;C:\Windows\System32\Wbem;C:\Windows\System32\WindowsPowerShell\v1.0\;C:\Windows\System32\OpenSSH\;C:\Program Files\dotnet\;c:\cygwin64\bin;c:\cygwin64\sbin;c:\cygwin64\usr\sbin;C:\mut\80道具\PSTools;C;\Program Files\avs\bin;C:\Program Files\avs\bin32;C:\Program Files\PuTTY\;C:\Program Files\Microsoft SQL Server\150\Tools\Binn\;C:\Program Files\Microsoft SQL Server\Client SDK\ODBC\170\Tools\Binn\;C:\Program Files (x86)\Windows Kits\10\Windows Performance Toolkit\;C:\Program Files\7-Zip;C:\Program Files\Git\cmd;C:\Ruby40-x64\sqlite3;C:\Users\m002831\AppData\Local\Programs\Python\Python314\Scripts\;C:\Users\m002831\AppData\Local\Programs\Python\Python314\;C:\Users\m002831\bin;C:\Oracle\bin;C:\Users\m002831\AppData\Local\Microsoft\WindowsApps;C:\Program Files (x86)\Nmap;C:\mut\80道具;C:\Users\m002831\.dotnet\tools;C:\Users\m002831\AppData\Local\Programs\Microsoft VS Code\bin" ASAN_OPTIONS=detect_leaks=0 "gcc -o conftest.exe -IC:/Ruby34-x64/include/ruby-3.4.0/x64-mingw-ucrt -IC:/Ruby34-x64/include/ruby-3.4.0/ruby/backward -IC:/Ruby34-x64/include/ruby-3.4.0 -I. -IC:/Ruby34-x64/msys64/ucrt64/bin/../include -D_WIN32_WINNT=0x0600 -D__MINGW_USE_VC2005_COMPAT -D_FILE_OFFSET_BITS=64  -O3 -fstack-protector-strong  conftest.c -L. -LC:/Ruby34-x64/lib -L. -pipe -s -fstack-protector-strong -lpthread -Wl,--no-as-needed -LC:/Ruby34-x64/msys64/ucrt64/bin/../lib/../lib    -lffi  -lffi -lx64-ucrt-ruby340 -lffi  -lffi -lshell32 -lws2_32 -liphlpapi -limagehlp -lshlwapi -lbcrypt  "
checked program was:
/* begin */
 1: #include "ruby.h"
 2: 
 3: #include <winsock2.h>
 4: #include <windows.h>
 5: 
 6: /*top*/
 7: extern int t(void);
 8: int main(int argc, char **argv)
 9: {
10:   if (argc > 1000000) {
11:     int (* volatile tp)(void)=(int (*)(void))&t;
12:     printf("%d", (*tp)());
13:   }
14: 
15:   return !!argv[argc];
16: }
17: int t(void) { void ((*volatile p)()); p = (void ((*)()))GetProcAddress; return !p; }
/* end */

--------------------

have_func: checking for GetModuleFileName()... -------------------- yes

PATH=".;C:/Ruby34-x64/lib;C:\Ruby34-x64\bin;C:\Ruby34-x64\msys64\ucrt64\bin;C:\Ruby34-x64\msys64\usr\bin;C:\Program Files\WindowsApps\Microsoft.PowerShell_7.6.5.0_x64__8wekyb3d8bbwe;C:\Ruby34-x64\bin;C:\Program Files\OpenSSH\;C:\Oracle\product\12.2.0\client_2\bin;C:\Ora64\product\12.2.0\client_1\bin;C:\Windows\system32;C:\Windows;C:\Windows\System32\Wbem;C:\Windows\System32\WindowsPowerShell\v1.0\;C:\Windows\System32\OpenSSH\;C:\Program Files\dotnet\;c:\cygwin64\bin;c:\cygwin64\sbin;c:\cygwin64\usr\sbin;C:\mut\80道具\PSTools;C;\Program Files\avs\bin;C:\Program Files\avs\bin32;C:\Program Files\PuTTY\;C:\Program Files\Microsoft SQL Server\150\Tools\Binn\;C:\Program Files\Microsoft SQL Server\Client SDK\ODBC\170\Tools\Binn\;C:\Program Files (x86)\Windows Kits\10\Windows Performance Toolkit\;C:\Program Files\7-Zip;C:\Program Files\Git\cmd;C:\Ruby40-x64\sqlite3;C:\Users\m002831\AppData\Local\Programs\Python\Python314\Scripts\;C:\Users\m002831\AppData\Local\Programs\Python\Python314\;C:\Users\m002831\bin;C:\Oracle\bin;C:\Users\m002831\AppData\Local\Microsoft\WindowsApps;C:\Program Files (x86)\Nmap;C:\mut\80道具;C:\Users\m002831\.dotnet\tools;C:\Users\m002831\AppData\Local\Programs\Microsoft VS Code\bin" ASAN_OPTIONS=detect_leaks=0 "gcc -o conftest.exe -IC:/Ruby34-x64/include/ruby-3.4.0/x64-mingw-ucrt -IC:/Ruby34-x64/include/ruby-3.4.0/ruby/backward -IC:/Ruby34-x64/include/ruby-3.4.0 -I. -IC:/Ruby34-x64/msys64/ucrt64/bin/../include -D_WIN32_WINNT=0x0600 -D__MINGW_USE_VC2005_COMPAT -D_FILE_OFFSET_BITS=64  -O3 -fstack-protector-strong  conftest.c -L. -LC:/Ruby34-x64/lib -L. -pipe -s -fstack-protector-strong -lpthread -Wl,--no-as-needed -LC:/Ruby34-x64/msys64/ucrt64/bin/../lib/../lib    -lffi  -lffi -lx64-ucrt-ruby340 -lffi  -lffi -lshell32 -lws2_32 -liphlpapi -limagehlp -lshlwapi -lbcrypt  "
checked program was:
/* begin */
 1: #include "ruby.h"
 2: 
 3: #include <winsock2.h>
 4: #include <windows.h>
 5: 
 6: /*top*/
 7: extern int t(void);
 8: int main(int argc, char **argv)
 9: {
10:   if (argc > 1000000) {
11:     int (* volatile tp)(void)=(int (*)(void))&t;
12:     printf("%d", (*tp)());
13:   }
14: 
15:   return !!argv[argc];
16: }
17: int t(void) { void ((*volatile p)()); p = (void ((*)()))GetModuleFileName; return !p; }
/* end */

--------------------

have_library: checking for -lws2_32... -------------------- yes

PATH=".;C:/Ruby34-x64/lib;C:\Ruby34-x64\bin;C:\Ruby34-x64\msys64\ucrt64\bin;C:\Ruby34-x64\msys64\usr\bin;C:\Program Files\WindowsApps\Microsoft.PowerShell_7.6.5.0_x64__8wekyb3d8bbwe;C:\Ruby34-x64\bin;C:\Program Files\OpenSSH\;C:\Oracle\product\12.2.0\client_2\bin;C:\Ora64\product\12.2.0\client_1\bin;C:\Windows\system32;C:\Windows;C:\Windows\System32\Wbem;C:\Windows\System32\WindowsPowerShell\v1.0\;C:\Windows\System32\OpenSSH\;C:\Program Files\dotnet\;c:\cygwin64\bin;c:\cygwin64\sbin;c:\cygwin64\usr\sbin;C:\mut\80道具\PSTools;C;\Program Files\avs\bin;C:\Program Files\avs\bin32;C:\Program Files\PuTTY\;C:\Program Files\Microsoft SQL Server\150\Tools\Binn\;C:\Program Files\Microsoft SQL Server\Client SDK\ODBC\170\Tools\Binn\;C:\Program Files (x86)\Windows Kits\10\Windows Performance Toolkit\;C:\Program Files\7-Zip;C:\Program Files\Git\cmd;C:\Ruby40-x64\sqlite3;C:\Users\m002831\AppData\Local\Programs\Python\Python314\Scripts\;C:\Users\m002831\AppData\Local\Programs\Python\Python314\;C:\Users\m002831\bin;C:\Oracle\bin;C:\Users\m002831\AppData\Local\Microsoft\WindowsApps;C:\Program Files (x86)\Nmap;C:\mut\80道具;C:\Users\m002831\.dotnet\tools;C:\Users\m002831\AppData\Local\Programs\Microsoft VS Code\bin" ASAN_OPTIONS=detect_leaks=0 "gcc -o conftest.exe -IC:/Ruby34-x64/include/ruby-3.4.0/x64-mingw-ucrt -IC:/Ruby34-x64/include/ruby-3.4.0/ruby/backward -IC:/Ruby34-x64/include/ruby-3.4.0 -I. -IC:/Ruby34-x64/msys64/ucrt64/bin/../include -D_WIN32_WINNT=0x0600 -D__MINGW_USE_VC2005_COMPAT -D_FILE_OFFSET_BITS=64  -O3 -fstack-protector-strong  conftest.c -L. -LC:/Ruby34-x64/lib -L. -pipe -s -fstack-protector-strong -lpthread -Wl,--no-as-needed -LC:/Ruby34-x64/msys64/ucrt64/bin/../lib/../lib    -lffi  -lffi -lx64-ucrt-ruby340 -lws2_32 -lffi  -lffi -lshell32 -lws2_32 -liphlpapi -limagehlp -lshlwapi -lbcrypt  "
checked program was:
/* begin */
 1: #include "ruby.h"
 2: 
 3: #include <winsock2.h>
 4: #include <windows.h>
 5: 
 6: /*top*/
 7: extern int t(void);
 8: int main(int argc, char **argv)
 9: {
10:   if (argc > 1000000) {
11:     int (* volatile tp)(void)=(int (*)(void))&t;
12:     printf("%d", (*tp)());
13:   }
14: 
15:   return !!argv[argc];
16: }
17: 
18: int t(void) { ; return 0; }
/* end */

--------------------

have_const: checking for FFI_STDCALL in ffi.h... -------------------- no

PATH=".;C:/Ruby34-x64/lib;C:\Ruby34-x64\bin;C:\Ruby34-x64\msys64\ucrt64\bin;C:\Ruby34-x64\msys64\usr\bin;C:\Program Files\WindowsApps\Microsoft.PowerShell_7.6.5.0_x64__8wekyb3d8bbwe;C:\Ruby34-x64\bin;C:\Program Files\OpenSSH\;C:\Oracle\product\12.2.0\client_2\bin;C:\Ora64\product\12.2.0\client_1\bin;C:\Windows\system32;C:\Windows;C:\Windows\System32\Wbem;C:\Windows\System32\WindowsPowerShell\v1.0\;C:\Windows\System32\OpenSSH\;C:\Program Files\dotnet\;c:\cygwin64\bin;c:\cygwin64\sbin;c:\cygwin64\usr\sbin;C:\mut\80道具\PSTools;C;\Program Files\avs\bin;C:\Program Files\avs\bin32;C:\Program Files\PuTTY\;C:\Program Files\Microsoft SQL Server\150\Tools\Binn\;C:\Program Files\Microsoft SQL Server\Client SDK\ODBC\170\Tools\Binn\;C:\Program Files (x86)\Windows Kits\10\Windows Performance Toolkit\;C:\Program Files\7-Zip;C:\Program Files\Git\cmd;C:\Ruby40-x64\sqlite3;C:\Users\m002831\AppData\Local\Programs\Python\Python314\Scripts\;C:\Users\m002831\AppData\Local\Programs\Python\Python314\;C:\Users\m002831\bin;C:\Oracle\bin;C:\Users\m002831\AppData\Local\Microsoft\WindowsApps;C:\Program Files (x86)\Nmap;C:\mut\80道具;C:\Users\m002831\.dotnet\tools;C:\Users\m002831\AppData\Local\Programs\Microsoft VS Code\bin" ASAN_OPTIONS=detect_leaks=0 "gcc -IC:/Ruby34-x64/include/ruby-3.4.0/x64-mingw-ucrt -IC:/Ruby34-x64/include/ruby-3.4.0/ruby/backward -IC:/Ruby34-x64/include/ruby-3.4.0 -I. -IC:/Ruby34-x64/msys64/ucrt64/bin/../include -D_WIN32_WINNT=0x0600 -D__MINGW_USE_VC2005_COMPAT -D_FILE_OFFSET_BITS=64  -O3 -fstack-protector-strong    -c conftest.c"
conftest.c:9:34: error: 'FFI_STDCALL' undeclared here (not in a function); did you mean 'CC_STDCALL'?
    9 | conftest_type conftestval = (int)FFI_STDCALL;
      |                                  ^~~~~~~~~~~
      |                                  CC_STDCALL
checked program was:
/* begin */
1: #include "ruby.h"
2: 
3: #include <winsock2.h>
4: #include <windows.h>
5: #include <ffi.h>
6: 
7: /*top*/
8: typedef int conftest_type;
9: conftest_type conftestval = (int)FFI_STDCALL;
/* end */

--------------------

check_signedness: checking signedness of size_t... -------------------- unsigned

PATH=".;C:/Ruby34-x64/lib;C:\Ruby34-x64\bin;C:\Ruby34-x64\msys64\ucrt64\bin;C:\Ruby34-x64\msys64\usr\bin;C:\Program Files\WindowsApps\Microsoft.PowerShell_7.6.5.0_x64__8wekyb3d8bbwe;C:\Ruby34-x64\bin;C:\Program Files\OpenSSH\;C:\Oracle\product\12.2.0\client_2\bin;C:\Ora64\product\12.2.0\client_1\bin;C:\Windows\system32;C:\Windows;C:\Windows\System32\Wbem;C:\Windows\System32\WindowsPowerShell\v1.0\;C:\Windows\System32\OpenSSH\;C:\Program Files\dotnet\;c:\cygwin64\bin;c:\cygwin64\sbin;c:\cygwin64\usr\sbin;C:\mut\80道具\PSTools;C;\Program Files\avs\bin;C:\Program Files\avs\bin32;C:\Program Files\PuTTY\;C:\Program Files\Microsoft SQL Server\150\Tools\Binn\;C:\Program Files\Microsoft SQL Server\Client SDK\ODBC\170\Tools\Binn\;C:\Program Files (x86)\Windows Kits\10\Windows Performance Toolkit\;C:\Program Files\7-Zip;C:\Program Files\Git\cmd;C:\Ruby40-x64\sqlite3;C:\Users\m002831\AppData\Local\Programs\Python\Python314\Scripts\;C:\Users\m002831\AppData\Local\Programs\Python\Python314\;C:\Users\m002831\bin;C:\Oracle\bin;C:\Users\m002831\AppData\Local\Microsoft\WindowsApps;C:\Program Files (x86)\Nmap;C:\mut\80道具;C:\Users\m002831\.dotnet\tools;C:\Users\m002831\AppData\Local\Programs\Microsoft VS Code\bin" ASAN_OPTIONS=detect_leaks=0 "gcc -IC:/Ruby34-x64/include/ruby-3.4.0/x64-mingw-ucrt -IC:/Ruby34-x64/include/ruby-3.4.0/ruby/backward -IC:/Ruby34-x64/include/ruby-3.4.0 -I. -IC:/Ruby34-x64/msys64/ucrt64/bin/../include -D_WIN32_WINNT=0x0600 -D__MINGW_USE_VC2005_COMPAT -D_FILE_OFFSET_BITS=64  -O3 -fstack-protector-strong    -c conftest.c"
conftest.c:9:5: error: size of array 'conftest_const' is negative
    9 | int conftest_const[((rbcv_typedef_)-1 < 0) ? 1 : -1];
      |     ^~~~~~~~~~~~~~
checked program was:
/* begin */
1: #include "ruby.h"
2: 
3: #include <winsock2.h>
4: #include <windows.h>
5: #include <stddef.h>
6: typedef size_t rbcv_typedef_;
7: 
8: /*top*/
9: int conftest_const[((rbcv_typedef_)-1 < 0) ? 1 : -1];
/* end */

PATH=".;C:/Ruby34-x64/lib;C:\Ruby34-x64\bin;C:\Ruby34-x64\msys64\ucrt64\bin;C:\Ruby34-x64\msys64\usr\bin;C:\Program Files\WindowsApps\Microsoft.PowerShell_7.6.5.0_x64__8wekyb3d8bbwe;C:\Ruby34-x64\bin;C:\Program Files\OpenSSH\;C:\Oracle\product\12.2.0\client_2\bin;C:\Ora64\product\12.2.0\client_1\bin;C:\Windows\system32;C:\Windows;C:\Windows\System32\Wbem;C:\Windows\System32\WindowsPowerShell\v1.0\;C:\Windows\System32\OpenSSH\;C:\Program Files\dotnet\;c:\cygwin64\bin;c:\cygwin64\sbin;c:\cygwin64\usr\sbin;C:\mut\80道具\PSTools;C;\Program Files\avs\bin;C:\Program Files\avs\bin32;C:\Program Files\PuTTY\;C:\Program Files\Microsoft SQL Server\150\Tools\Binn\;C:\Program Files\Microsoft SQL Server\Client SDK\ODBC\170\Tools\Binn\;C:\Program Files (x86)\Windows Kits\10\Windows Performance Toolkit\;C:\Program Files\7-Zip;C:\Program Files\Git\cmd;C:\Ruby40-x64\sqlite3;C:\Users\m002831\AppData\Local\Programs\Python\Python314\Scripts\;C:\Users\m002831\AppData\Local\Programs\Python\Python314\;C:\Users\m002831\bin;C:\Oracle\bin;C:\Users\m002831\AppData\Local\Microsoft\WindowsApps;C:\Program Files (x86)\Nmap;C:\mut\80道具;C:\Users\m002831\.dotnet\tools;C:\Users\m002831\AppData\Local\Programs\Microsoft VS Code\bin" ASAN_OPTIONS=detect_leaks=0 "gcc -IC:/Ruby34-x64/include/ruby-3.4.0/x64-mingw-ucrt -IC:/Ruby34-x64/include/ruby-3.4.0/ruby/backward -IC:/Ruby34-x64/include/ruby-3.4.0 -I. -IC:/Ruby34-x64/msys64/ucrt64/bin/../include -D_WIN32_WINNT=0x0600 -D__MINGW_USE_VC2005_COMPAT -D_FILE_OFFSET_BITS=64  -O3 -fstack-protector-strong    -c conftest.c"
checked program was:
/* begin */
1: #include "ruby.h"
2: 
3: #include <winsock2.h>
4: #include <windows.h>
5: #include <stddef.h>
6: typedef size_t rbcv_typedef_;
7: 
8: /*top*/
9: int conftest_const[((rbcv_typedef_)-1 > 0) ? 1 : -1];
/* end */

--------------------

have_func: checking for rb_str_to_interned_str()... -------------------- yes

PATH=".;C:/Ruby34-x64/lib;C:\Ruby34-x64\bin;C:\Ruby34-x64\msys64\ucrt64\bin;C:\Ruby34-x64\msys64\usr\bin;C:\Program Files\WindowsApps\Microsoft.PowerShell_7.6.5.0_x64__8wekyb3d8bbwe;C:\Ruby34-x64\bin;C:\Program Files\OpenSSH\;C:\Oracle\product\12.2.0\client_2\bin;C:\Ora64\product\12.2.0\client_1\bin;C:\Windows\system32;C:\Windows;C:\Windows\System32\Wbem;C:\Windows\System32\WindowsPowerShell\v1.0\;C:\Windows\System32\OpenSSH\;C:\Program Files\dotnet\;c:\cygwin64\bin;c:\cygwin64\sbin;c:\cygwin64\usr\sbin;C:\mut\80道具\PSTools;C;\Program Files\avs\bin;C:\Program Files\avs\bin32;C:\Program Files\PuTTY\;C:\Program Files\Microsoft SQL Server\150\Tools\Binn\;C:\Program Files\Microsoft SQL Server\Client SDK\ODBC\170\Tools\Binn\;C:\Program Files (x86)\Windows Kits\10\Windows Performance Toolkit\;C:\Program Files\7-Zip;C:\Program Files\Git\cmd;C:\Ruby40-x64\sqlite3;C:\Users\m002831\AppData\Local\Programs\Python\Python314\Scripts\;C:\Users\m002831\AppData\Local\Programs\Python\Python314\;C:\Users\m002831\bin;C:\Oracle\bin;C:\Users\m002831\AppData\Local\Microsoft\WindowsApps;C:\Program Files (x86)\Nmap;C:\mut\80道具;C:\Users\m002831\.dotnet\tools;C:\Users\m002831\AppData\Local\Programs\Microsoft VS Code\bin" ASAN_OPTIONS=detect_leaks=0 "gcc -o conftest.exe -IC:/Ruby34-x64/include/ruby-3.4.0/x64-mingw-ucrt -IC:/Ruby34-x64/include/ruby-3.4.0/ruby/backward -IC:/Ruby34-x64/include/ruby-3.4.0 -I. -IC:/Ruby34-x64/msys64/ucrt64/bin/../include -D_WIN32_WINNT=0x0600 -D__MINGW_USE_VC2005_COMPAT -D_FILE_OFFSET_BITS=64  -O3 -fstack-protector-strong  conftest.c -L. -LC:/Ruby34-x64/lib -L. -pipe -s -fstack-protector-strong -lpthread -Wl,--no-as-needed -LC:/Ruby34-x64/msys64/ucrt64/bin/../lib/../lib    -lws2_32 -lffi  -lffi -lx64-ucrt-ruby340 -lws2_32 -lffi  -lffi -lshell32 -lws2_32 -liphlpapi -limagehlp -lshlwapi -lbcrypt  "
checked program was:
/* begin */
 1: #include "ruby.h"
 2: 
 3: #include <winsock2.h>
 4: #include <windows.h>
 5: 
 6: /*top*/
 7: extern int t(void);
 8: int main(int argc, char **argv)
 9: {
10:   if (argc > 1000000) {
11:     int (* volatile tp)(void)=(int (*)(void))&t;
12:     printf("%d", (*tp)());
13:   }
14: 
15:   return !!argv[argc];
16: }
17: int t(void) { void ((*volatile p)()); p = (void ((*)()))rb_str_to_interned_str; return !p; }
/* end */

--------------------

