current directory: d:/shahanrb/ruby/3.4.0/gems/erb-6.0.7/ext/erb/escape
C:/Ruby34-x64/bin/ruby.exe extconf.rb
checking for rb_ext_ractor_safe() in ruby.h... yes
creating Makefile

current directory: d:/shahanrb/ruby/3.4.0/gems/erb-6.0.7/ext/erb/escape
make DESTDIR\= sitearchdir\=./.gem.20260907-3816-8lhz08 sitelibdir\=./.gem.20260907-3816-8lhz08 clean
make: 警告: ジョブサーバーが利用不可: 今回は -j1 を使います. 親 make ルールに `+' を追加しましょう.

current directory: d:/shahanrb/ruby/3.4.0/gems/erb-6.0.7/ext/erb/escape
make DESTDIR\= sitearchdir\=./.gem.20260907-3816-8lhz08 sitelibdir\=./.gem.20260907-3816-8lhz08
make: 警告: ジョブサーバーが利用不可: 今回は -j1 を使います. 親 make ルールに `+' を追加しましょう.
generating escape-x64-mingw-ucrt.def
compiling escape.c
linking shared-object erb/escape.so

current directory: d:/shahanrb/ruby/3.4.0/gems/erb-6.0.7/ext/erb/escape
make DESTDIR\= sitearchdir\=./.gem.20260907-3816-8lhz08 sitelibdir\=./.gem.20260907-3816-8lhz08 install
make: 警告: ジョブサーバーが利用不可: 今回は -j1 を使います. 親 make ルールに `+' を追加しましょう.
/usr/bin/install -c -m 0755 escape.so ./.gem.20260907-3816-8lhz08/erb

current directory: d:/shahanrb/ruby/3.4.0/gems/erb-6.0.7/ext/erb/escape
make DESTDIR\= sitearchdir\=./.gem.20260907-3816-8lhz08 sitelibdir\=./.gem.20260907-3816-8lhz08 clean
make: 警告: ジョブサーバーが利用不可: 今回は -j1 を使います. 親 make ルールに `+' を追加しましょう.
