current directory: d:/shahanrb/ruby/3.4.0/gems/rbs-4.2.0/ext/rbs_extension
C:/Ruby34-x64/bin/ruby.exe extconf.rb
checking for whether -std=gnu99 is accepted as CFLAGS... yes
checking for whether -Wimplicit-fallthrough is accepted as CFLAGS... yes
checking for whether -Wunused-result is accepted as CFLAGS... yes
checking for whether -Wc++-compat is accepted as CFLAGS... yes
checking for whether -Wnullable-to-nonnull-conversion is accepted as CFLAGS... no
checking for whether -DNDEBUG is accepted as CFLAGS... yes
creating Makefile

current directory: d:/shahanrb/ruby/3.4.0/gems/rbs-4.2.0/ext/rbs_extension
make DESTDIR\= sitearchdir\=./.gem.20260907-3816-hxhcl7 sitelibdir\=./.gem.20260907-3816-hxhcl7 clean
make: 警告: ジョブサーバーが利用不可: 今回は -j1 を使います. 親 make ルールに `+' を追加しましょう.

current directory: d:/shahanrb/ruby/3.4.0/gems/rbs-4.2.0/ext/rbs_extension
make DESTDIR\= sitearchdir\=./.gem.20260907-3816-hxhcl7 sitelibdir\=./.gem.20260907-3816-hxhcl7
make: 警告: ジョブサーバーが利用不可: 今回は -j1 を使います. 親 make ルールに `+' を追加しましょう.
generating rbs_extension-x64-mingw-ucrt.def
compiling ./../../src/ast.c
compiling ./../../src/lexer.c
compiling ./../../src/lexstate.c
compiling ./../../src/location.c
compiling ./../../src/parser.c
compiling ./../../src/serialize.c
compiling ./../../src/string.c
compiling ./../../src/util/rbs_allocator.c
compiling ./../../src/util/rbs_assert.c
compiling ./../../src/util/rbs_buffer.c
compiling ./../../src/util/rbs_constant_pool.c
compiling ./../../src/util/rbs_encoding.c
compiling ./../../src/util/rbs_unescape.c
compiling ast_translation.c
compiling class_constants.c
compiling legacy_location.c
compiling main.c
compiling rbs_string_bridging.c
linking shared-object rbs_extension.so

current directory: d:/shahanrb/ruby/3.4.0/gems/rbs-4.2.0/ext/rbs_extension
make DESTDIR\= sitearchdir\=./.gem.20260907-3816-hxhcl7 sitelibdir\=./.gem.20260907-3816-hxhcl7 install
make: 警告: ジョブサーバーが利用不可: 今回は -j1 を使います. 親 make ルールに `+' を追加しましょう.
/usr/bin/install -c -m 0755 rbs_extension.so ./.gem.20260907-3816-hxhcl7

current directory: d:/shahanrb/ruby/3.4.0/gems/rbs-4.2.0/ext/rbs_extension
make DESTDIR\= sitearchdir\=./.gem.20260907-3816-hxhcl7 sitelibdir\=./.gem.20260907-3816-hxhcl7 clean
make: 警告: ジョブサーバーが利用不可: 今回は -j1 を使います. 親 make ルールに `+' を追加しましょう.
